Archive member included because of file (symbol)

.\CortexM3\ARM_GCC_493\Debug\Accoder_MIDI.a(cyfitter_cfg.o)
                              .\CortexM3\ARM_GCC_493\Debug\Cm3Start.o (cyfitter_cfg)
.\CortexM3\ARM_GCC_493\Debug\Accoder_MIDI.a(SW2.o)
                              .\CortexM3\ARM_GCC_493\Debug\main.o (SW2_Read)
.\CortexM3\ARM_GCC_493\Debug\Accoder_MIDI.a(SleepTimer.o)
                              .\CortexM3\ARM_GCC_493\Debug\main.o (SleepTimer_Start)
.\CortexM3\ARM_GCC_493\Debug\Accoder_MIDI.a(SW1.o)
                              .\CortexM3\ARM_GCC_493\Debug\main.o (SW1_Read)
.\CortexM3\ARM_GCC_493\Debug\Accoder_MIDI.a(MIDI_PWR.o)
                              .\CortexM3\ARM_GCC_493\Debug\main.o (MIDI_PWR_Write)
.\CortexM3\ARM_GCC_493\Debug\Accoder_MIDI.a(LED_OutB.o)
                              .\CortexM3\ARM_GCC_493\Debug\main.o (LED_OutB_Write)
.\CortexM3\ARM_GCC_493\Debug\Accoder_MIDI.a(LED_InB.o)
                              .\CortexM3\ARM_GCC_493\Debug\main.o (LED_InB_Write)
.\CortexM3\ARM_GCC_493\Debug\Accoder_MIDI.a(LED_OutA.o)
                              .\CortexM3\ARM_GCC_493\Debug\main.o (LED_OutA_Write)
.\CortexM3\ARM_GCC_493\Debug\Accoder_MIDI.a(LED_InA.o)
                              .\CortexM3\ARM_GCC_493\Debug\main.o (LED_InA_Write)
.\CortexM3\ARM_GCC_493\Debug\Accoder_MIDI.a(MIDI1_UART_PM.o)
                              .\CortexM3\ARM_GCC_493\Debug\main.o (MIDI1_UART_Sleep)
.\CortexM3\ARM_GCC_493\Debug\Accoder_MIDI.a(MIDI2_UART_PM.o)
                              .\CortexM3\ARM_GCC_493\Debug\main.o (MIDI2_UART_Sleep)
.\CortexM3\ARM_GCC_493\Debug\Accoder_MIDI.a(USB.o)
                              .\CortexM3\ARM_GCC_493\Debug\main.o (USB_Start)
.\CortexM3\ARM_GCC_493\Debug\Accoder_MIDI.a(USB_drv.o)
                              .\CortexM3\ARM_GCC_493\Debug\Accoder_MIDI.a(USB.o) (USB_EP)
.\CortexM3\ARM_GCC_493\Debug\Accoder_MIDI.a(USB_episr.o)
                              .\CortexM3\ARM_GCC_493\Debug\Accoder_MIDI.a(USB.o) (USB_EP_1_ISR)
.\CortexM3\ARM_GCC_493\Debug\Accoder_MIDI.a(USB_pm.o)
                              .\CortexM3\ARM_GCC_493\Debug\Accoder_MIDI.a(USB.o) (USB_DP_ISR)
.\CortexM3\ARM_GCC_493\Debug\Accoder_MIDI.a(USB_std.o)
                              .\CortexM3\ARM_GCC_493\Debug\Accoder_MIDI.a(USB_drv.o) (USB_HandleStandardRqst)
.\CortexM3\ARM_GCC_493\Debug\Accoder_MIDI.a(USB_vnd.o)
                              .\CortexM3\ARM_GCC_493\Debug\Accoder_MIDI.a(USB_drv.o) (USB_HandleVendorRqst)
.\CortexM3\ARM_GCC_493\Debug\Accoder_MIDI.a(USB_midi.o)
                              .\CortexM3\ARM_GCC_493\Debug\Accoder_MIDI.a(USB_std.o) (USB_midi_in_ep)
.\CortexM3\ARM_GCC_493\Debug\Accoder_MIDI.a(Sleep_isr.o)
                              .\CortexM3\ARM_GCC_493\Debug\main.o (Sleep_isr_StartEx)
.\CortexM3\ARM_GCC_493\Debug\Accoder_MIDI.a(USB_Dp.o)
                              .\CortexM3\ARM_GCC_493\Debug\Accoder_MIDI.a(USB.o) (USB_Dp_ClearInterrupt)
.\CortexM3\ARM_GCC_493\Debug\Accoder_MIDI.a(CyLib.o)
                              .\CortexM3\ARM_GCC_493\Debug\Cm3Start.o (CyResetStatus)
.\CortexM3\ARM_GCC_493\Debug\Accoder_MIDI.a(cyPm.o)
                              .\CortexM3\ARM_GCC_493\Debug\main.o (CyPmSaveClocks)
.\CortexM3\ARM_GCC_493\Debug\Accoder_MIDI.a(Keys_Notes_1.o)
                              .\CortexM3\ARM_GCC_493\Debug\main.o (Keys_Notes_1_Write)
.\CortexM3\ARM_GCC_493\Debug\Accoder_MIDI.a(Keys_Notes_2.o)
                              .\CortexM3\ARM_GCC_493\Debug\main.o (Keys_Notes_2_Write)
.\CortexM3\ARM_GCC_493\Debug\Accoder_MIDI.a(Keys_Notes_3.o)
                              .\CortexM3\ARM_GCC_493\Debug\main.o (Keys_Notes_3_Write)
.\CortexM3\ARM_GCC_493\Debug\Accoder_MIDI.a(Keys_Notes_4.o)
                              .\CortexM3\ARM_GCC_493\Debug\main.o (Keys_Notes_4_Write)
.\CortexM3\ARM_GCC_493\Debug\Accoder_MIDI.a(Keys_Notes_5.o)
                              .\CortexM3\ARM_GCC_493\Debug\main.o (Keys_Notes_5_Write)
.\CortexM3\ARM_GCC_493\Debug\Accoder_MIDI.a(Keys_Notes_6.o)
                              .\CortexM3\ARM_GCC_493\Debug\main.o (Keys_Notes_6_Write)
.\CortexM3\ARM_GCC_493\Debug\Accoder_MIDI.a(Chords_Notes.o)
                              .\CortexM3\ARM_GCC_493\Debug\main.o (Chords_Notes_Write)
.\CortexM3\ARM_GCC_493\Debug\Accoder_MIDI.a(Chords_Bass_Notes.o)
                              .\CortexM3\ARM_GCC_493\Debug\main.o (Chords_Bass_Notes_Write)
.\CortexM3\ARM_GCC_493\Debug\Accoder_MIDI.a(Bass_Notes.o)
                              .\CortexM3\ARM_GCC_493\Debug\main.o (Bass_Notes_Write)
.\CortexM3\ARM_GCC_493\Debug\Accoder_MIDI.a(Tabs_1.o)
                              .\CortexM3\ARM_GCC_493\Debug\main.o (Tabs_1_Write)
.\CortexM3\ARM_GCC_493\Debug\Accoder_MIDI.a(Tabs_2.o)
                              .\CortexM3\ARM_GCC_493\Debug\main.o (Tabs_2_Write)
.\CortexM3\ARM_GCC_493\Debug\Accoder_MIDI.a(Tabs_3.o)
                              .\CortexM3\ARM_GCC_493\Debug\main.o (Tabs_3_Write)
[...]
Memory Configuration

Name             Origin             Length             Attributes
rom              0x00000000         0x00040000         xr
ram              0x1fff8000         0x00010000         xrw
*default*        0x00000000         0xffffffff

Linker script and memory map

LOAD c:/program files (x86)/cypress/psoc creator/4.0/psoc creator/import/gnu/arm/4.9.3/bin/../lib/gcc/arm-none-eabi/4.9.3/armv7-m/crti.o
LOAD c:/program files (x86)/cypress/psoc creator/4.0/psoc creator/import/gnu/arm/4.9.3/bin/../lib/gcc/arm-none-eabi/4.9.3/armv7-m/crtbegin.o
LOAD c:/program files (x86)/cypress/psoc creator/4.0/psoc creator/import/gnu/arm/4.9.3/bin/../lib/gcc/arm-none-eabi/4.9.3/../../../../arm-none-eabi/lib/armv7-m/crt0.o
START GROUP
LOAD .\CortexM3\ARM_GCC_493\Debug\main.o
LOAD .\CortexM3\ARM_GCC_493\Debug\cymetadata.o
LOAD .\CortexM3\ARM_GCC_493\Debug\Cm3Start.o
LOAD .\CortexM3\ARM_GCC_493\Debug\Accoder_MIDI.a
LOAD C:\Program Files (x86)\Cypress\PSoC Creator\4.0\PSoC Creator\psoc\content\cycomponentlibrary\CyComponentLibrary.cylib\CortexM3\ARM_GCC_493\Debug\CyComponentLibrary.a
END GROUP
START GROUP
LOAD c:/program files (x86)/cypress/psoc creator/4.0/psoc creator/import/gnu/arm/4.9.3/bin/../lib/gcc/arm-none-eabi/4.9.3/armv7-m\libgcc.a
LOAD c:/program files (x86)/cypress/psoc creator/4.0/psoc creator/import/gnu/arm/4.9.3/bin/../lib/gcc/arm-none-eabi/4.9.3/../../../../arm-none-eabi/lib/armv7-m\libg_nano.a
LOAD c:/program files (x86)/cypress/psoc creator/4.0/psoc creator/import/gnu/arm/4.9.3/bin/../lib/gcc/arm-none-eabi/4.9.3/../../../../arm-none-eabi/lib/armv7-m\libc_nano.a
END GROUP
START GROUP
LOAD c:/program files (x86)/cypress/psoc creator/4.0/psoc creator/import/gnu/arm/4.9.3/bin/../lib/gcc/arm-none-eabi/4.9.3/armv7-m\libgcc.a
LOAD c:/program files (x86)/cypress/psoc creator/4.0/psoc creator/import/gnu/arm/4.9.3/bin/../lib/gcc/arm-none-eabi/4.9.3/../../../../arm-none-eabi/lib/armv7-m\libc_nano.a
END GROUP
LOAD c:/program files (x86)/cypress/psoc creator/4.0/psoc creator/import/gnu/arm/4.9.3/bin/../lib/gcc/arm-none-eabi/4.9.3/armv7-m/crtend.o
LOAD c:/program files (x86)/cypress/psoc creator/4.0/psoc creator/import/gnu/arm/4.9.3/bin/../lib/gcc/arm-none-eabi/4.9.3/armv7-m/crtn.o
START GROUP
LOAD c:/program files (x86)/cypress/psoc creator/4.0/psoc creator/import/gnu/arm/4.9.3/bin/../lib/gcc/arm-none-eabi/4.9.3/armv7-m\libgcc.a
LOAD c:/program files (x86)/cypress/psoc creator/4.0/psoc creator/import/gnu/arm/4.9.3/bin/../lib/gcc/arm-none-eabi/4.9.3/../../../../arm-none-eabi/lib/armv7-m\libc.a
LOAD c:/program files (x86)/cypress/psoc creator/4.0/psoc creator/import/gnu/arm/4.9.3/bin/../lib/gcc/arm-none-eabi/4.9.3/../../../../arm-none-eabi/lib/armv7-m\libnosys.a
END GROUP
                0x00000000                CY_APPL_ORIGIN = 0x0
                0x00000100                CY_FLASH_ROW_SIZE = 0x100
                0x00000020                CY_ECC_ROW_SIZE = 0x20
                0x00000000                CY_EE_IN_BTLDR = 0x0
                0x00000000                CY_APPL_LOADABLE = 0x0
                0x00000800                CY_EE_SIZE = 0x800
                0x00000001                CY_APPL_NUM = 0x1
                0x00000001                CY_APPL_MAX = 0x1
                0x00000040                CY_METADATA_SIZE = 0x40
                0x00000000                CY_APPL_LOADABLE = 0x0
                0x00000000                CY_CHECKSUM_EXCLUDE_SIZE = ALIGN (0x0, CY_FLASH_ROW_SIZE)
                0x1fff8730                PROVIDE (__cy_heap_start, _end)
                0x00000001                PROVIDE (__cy_region_num, ((__cy_regions_end - __cy_regions) / 0x10))
                0x20008000                PROVIDE (__cy_stack, (ORIGIN (ram) + 0x10000))
                0x20007800                PROVIDE (__cy_heap_end, (__cy_stack - 0x800))

.cybootloader   0x00000000        0x0
 *(.cybootloader)
                0x00000000                appl1_start = CY_APPL_ORIGIN?CY_APPL_ORIGIN:ALIGN (CY_FLASH_ROW_SIZE)
                0x0001ff00                appl2_start = (appl1_start + ALIGN ((((0x40000 - appl1_start) - (0x2 * CY_FLASH_ROW_SIZE)) / 0x2), CY_FLASH_ROW_SIZE))
                0x00000000                appl_start = (CY_APPL_NUM == 0x1)?appl1_start:appl2_start
                0x00000000                ecc_offset = ((appl_start / CY_FLASH_ROW_SIZE) * CY_ECC_ROW_SIZE)
                0x00000000                ee_offset = (CY_APPL_LOADABLE && ! (CY_EE_IN_BTLDR))?((CY_EE_SIZE / CY_APPL_MAX) * (CY_APPL_NUM - 0x1)):0x0
                0x00000800                ee_size = (CY_APPL_LOADABLE && ! (CY_EE_IN_BTLDR))?(CY_EE_SIZE / CY_APPL_MAX):CY_EE_SIZE
                0x00000000                PROVIDE (CY_ECC_OFFSET, ecc_offset)

.text           0x00000000     0x62f2
 CREATE_OBJECT_SYMBOLS
                0x00000000                PROVIDE (__cy_interrupt_vector, RomVectors)
 *(.romvectors)
 .romvectors    0x00000000       0x10 .\CortexM3\ARM_GCC_493\Debug\Cm3Start.o
                0x00000000                RomVectors
                0x00000001                ASSERT ((. != __cy_interrupt_vector), No interrupt vector)
                0x00000001                ASSERT (CY_APPL_ORIGIN?(SIZEOF (.cybootloader) <= CY_APPL_ORIGIN):0x1, Wrong image location)
                0x00000010                PROVIDE (__cy_reset, Reset)
 *(.text.Reset)
 .text.Reset    0x00000010       0x18 .\CortexM3\ARM_GCC_493\Debug\Cm3Start.o
                0x00000010                Reset
                0x00000001                ASSERT ((. != __cy_reset), No reset code)
 *(.dma_init)
                0x00000001                ASSERT ((((appl_start + .) <= 0x10000) || 0x1), DMA Init must be within the first 64k of flash)
 *(.text .text.* .gnu.linkonce.t.*)
 .text          0x00000028       0x5c c:/program files (x86)/cypress/psoc creator/4.0/psoc creator/import/gnu/arm/4.9.3/bin/../lib/gcc/arm-none-eabi/4.9.3/armv7-m/crtbegin.o
 .text.SleepIsr
                0x00000084       0x30 .\CortexM3\ARM_GCC_493\Debug\main.o
                0x00000084                SleepIsr
 .text.main     0x000000b4      0x210 .\CortexM3\ARM_GCC_493\Debug\main.o
                0x000000b4                main
 .text.USB_callbackLocalMidiEvent
                0x000002c4      0x6dc .\CortexM3\ARM_GCC_493\Debug\main.o
                0x000002c4                USB_callbackLocalMidiEvent
 .text.USB_MIDI1_ProcessUsbOut_EntryCallback
                0x000009a0        0xc .\CortexM3\ARM_GCC_493\Debug\main.o
                0x000009a0                USB_MIDI1_ProcessUsbOut_EntryCallback
 .text.USB_MIDI1_ProcessUsbOut_ExitCallback
                0x000009ac        0xc .\CortexM3\ARM_GCC_493\Debug\main.o
                0x000009ac                USB_MIDI1_ProcessUsbOut_ExitCallback
 .text.USB_MIDI2_ProcessUsbOut_EntryCallback
                0x000009b8        0xc .\CortexM3\ARM_GCC_493\Debug\main.o
                0x000009b8                USB_MIDI2_ProcessUsbOut_EntryCallback
 .text.USB_MIDI2_ProcessUsbOut_ExitCallback
                0x000009c4        0xc .\CortexM3\ARM_GCC_493\Debug\main.o
                0x000009c4                USB_MIDI2_ProcessUsbOut_ExitCallback
 .text.MIDI1_UART_RXISR_EntryCallback
                0x000009d0        0xc .\CortexM3\ARM_GCC_493\Debug\main.o
                0x000009d0                MIDI1_UART_RXISR_EntryCallback
 .text.MIDI1_UART_RXISR_ExitCallback
                0x000009dc        0xc .\CortexM3\ARM_GCC_493\Debug\main.o
                0x000009dc                MIDI1_UART_RXISR_ExitCallback
 .text.MIDI2_UART_RXISR_EntryCallback
                0x000009e8        0xc .\CortexM3\ARM_GCC_493\Debug\main.o
                0x000009e8                MIDI2_UART_RXISR_EntryCallback
 .text.MIDI2_UART_RXISR_ExitCallback
                0x000009f4        0xc .\CortexM3\ARM_GCC_493\Debug\main.o
                0x000009f4                MIDI2_UART_RXISR_ExitCallback
 .text.IntDefaultHandler
                0x00000a00       0x14 .\CortexM3\ARM_GCC_493\Debug\Cm3Start.o
                0x00000a00                IntDefaultHandler
 .text.Start_c  0x00000a14       0x98 .\CortexM3\ARM_GCC_493\Debug\Cm3Start.o
                0x00000a14                Start_c
 .text.initialize_psoc
                0x00000aac       0x8c .\CortexM3\ARM_GCC_493\Debug\Cm3Start.o
                0x00000aac                initialize_psoc
 .text.CYMEMZERO
                0x00000b38       0x1c .\CortexM3\ARM_GCC_493\Debug\Accoder_MIDI.a(cyfitter_cfg.o)
 .text.CYCONFIGCPY
                0x00000b54       0x1c .\CortexM3\ARM_GCC_493\Debug\Accoder_MIDI.a(cyfitter_cfg.o)
 .text.CyClockStartupError
                0x00000b70        0xc .\CortexM3\ARM_GCC_493\Debug\Accoder_MIDI.a(cyfitter_cfg.o)
 .text.cfg_write_bytes32
                0x00000b7c       0x74 .\CortexM3\ARM_GCC_493\Debug\Accoder_MIDI.a(cyfitter_cfg.o)
 .text.ClockSetup
                0x00000bf0      0x118 .\CortexM3\ARM_GCC_493\Debug\Accoder_MIDI.a(cyfitter_cfg.o)
 .text.AnalogSetDefault
                0x00000d08       0x44 .\CortexM3\ARM_GCC_493\Debug\Accoder_MIDI.a(cyfitter_cfg.o)
 .text.cyfitter_cfg
                0x00000d4c      0x184 .\CortexM3\ARM_GCC_493\Debug\Accoder_MIDI.a(cyfitter_cfg.o)
                0x00000d4c                cyfitter_cfg
 .text.SW2_Read
                0x00000ed0       0x20 .\CortexM3\ARM_GCC_493\Debug\Accoder_MIDI.a(SW2.o)
                0x00000ed0                SW2_Read
 .text.SleepTimer_Start
                0x00000ef0       0x20 .\CortexM3\ARM_GCC_493\Debug\Accoder_MIDI.a(SleepTimer.o)
                0x00000ef0                SleepTimer_Start
 .text.SleepTimer_Init
                0x00000f10       0x10 .\CortexM3\ARM_GCC_493\Debug\Accoder_MIDI.a(SleepTimer.o)
                0x00000f10                SleepTimer_Init
 .text.SleepTimer_Enable
                0x00000f20       0x74 .\CortexM3\ARM_GCC_493\Debug\Accoder_MIDI.a(SleepTimer.o)
                0x00000f20                SleepTimer_Enable
 .text.SleepTimer_Stop
                0x00000f94       0x30 .\CortexM3\ARM_GCC_493\Debug\Accoder_MIDI.a(SleepTimer.o)
                0x00000f94                SleepTimer_Stop
 .text.SleepTimer_EnableInt
                0x00000fc4       0x30 .\CortexM3\ARM_GCC_493\Debug\Accoder_MIDI.a(SleepTimer.o)
                0x00000fc4                SleepTimer_EnableInt
 .text.SleepTimer_SetInterval
                0x00000ff4       0x48 .\CortexM3\ARM_GCC_493\Debug\Accoder_MIDI.a(SleepTimer.o)
                0x00000ff4                SleepTimer_SetInterval
 .text.SleepTimer_GetStatus
                0x0000103c       0x10 .\CortexM3\ARM_GCC_493\Debug\Accoder_MIDI.a(SleepTimer.o)
                0x0000103c                SleepTimer_GetStatus
 .text.SW1_Read
                0x0000104c       0x20 .\CortexM3\ARM_GCC_493\Debug\Accoder_MIDI.a(SW1.o)
                0x0000104c                SW1_Read
 .text.MIDI_PWR_Write
                0x0000106c       0x34 .\CortexM3\ARM_GCC_493\Debug\Accoder_MIDI.a(MIDI_PWR.o)
                0x0000106c                MIDI_PWR_Write
 .text.LED_OutB_Write
                0x000010a0       0x34 .\CortexM3\ARM_GCC_493\Debug\Accoder_MIDI.a(LED_OutB.o)
                0x000010a0                LED_OutB_Write
 .text.LED_InB_Write
                0x000010d4       0x3c .\CortexM3\ARM_GCC_493\Debug\Accoder_MIDI.a(LED_InB.o)
                0x000010d4                LED_InB_Write
 .text.LED_OutA_Write
                0x00001110       0x3c .\CortexM3\ARM_GCC_493\Debug\Accoder_MIDI.a(LED_OutA.o)
                0x00001110                LED_OutA_Write
 .text.LED_InA_Write
                0x0000114c       0x3c .\CortexM3\ARM_GCC_493\Debug\Accoder_MIDI.a(LED_InA.o)
                0x0000114c                LED_InA_Write
 .text.MIDI1_UART_SaveConfig
                0x00001188        0xc .\CortexM3\ARM_GCC_493\Debug\Accoder_MIDI.a(MIDI1_UART_PM.o)
                0x00001188                MIDI1_UART_SaveConfig
 .text.MIDI1_UART_RestoreConfig
                0x00001194        0xc .\CortexM3\ARM_GCC_493\Debug\Accoder_MIDI.a(MIDI1_UART_PM.o)
                0x00001194                MIDI1_UART_RestoreConfig
 .text.MIDI1_UART_Sleep
                0x000011a0       0x34 .\CortexM3\ARM_GCC_493\Debug\Accoder_MIDI.a(MIDI1_UART_PM.o)
                0x000011a0                MIDI1_UART_Sleep
 .text.MIDI1_UART_Wakeup
                0x000011d4       0x24 .\CortexM3\ARM_GCC_493\Debug\Accoder_MIDI.a(MIDI1_UART_PM.o)
                0x000011d4                MIDI1_UART_Wakeup
 .text.MIDI2_UART_SaveConfig
                0x000011f8        0xc .\CortexM3\ARM_GCC_493\Debug\Accoder_MIDI.a(MIDI2_UART_PM.o)
                0x000011f8                MIDI2_UART_SaveConfig
 .text.MIDI2_UART_RestoreConfig
                0x00001204        0xc .\CortexM3\ARM_GCC_493\Debug\Accoder_MIDI.a(MIDI2_UART_PM.o)
                0x00001204                MIDI2_UART_RestoreConfig
 .text.MIDI2_UART_Sleep
                0x00001210       0x34 .\CortexM3\ARM_GCC_493\Debug\Accoder_MIDI.a(MIDI2_UART_PM.o)
                0x00001210                MIDI2_UART_Sleep
 .text.MIDI2_UART_Wakeup
                0x00001244       0x24 .\CortexM3\ARM_GCC_493\Debug\Accoder_MIDI.a(MIDI2_UART_PM.o)
                0x00001244                MIDI2_UART_Wakeup
 .text.USB_Start
                0x00001268       0x38 .\CortexM3\ARM_GCC_493\Debug\Accoder_MIDI.a(USB.o)
                0x00001268                USB_Start
 .text.USB_Init
                0x000012a0      0x18c .\CortexM3\ARM_GCC_493\Debug\Accoder_MIDI.a(USB.o)
                0x000012a0                USB_Init
 .text.USB_InitComponent
                0x0000142c       0xf8 .\CortexM3\ARM_GCC_493\Debug\Accoder_MIDI.a(USB.o)
                0x0000142c                USB_InitComponent
 .text.USB_ReInitComponent
                0x00001524       0x68 .\CortexM3\ARM_GCC_493\Debug\Accoder_MIDI.a(USB.o)
                0x00001524                USB_ReInitComponent
 .text.USB_CheckActivity
                0x0000158c       0x38 .\CortexM3\ARM_GCC_493\Debug\Accoder_MIDI.a(USB.o)
                0x0000158c                USB_CheckActivity
 .text.USB_GetConfiguration
                0x000015c4       0x18 .\CortexM3\ARM_GCC_493\Debug\Accoder_MIDI.a(USB.o)
                0x000015c4                USB_GetConfiguration
 .text.USB_IsConfigurationChanged
                0x000015dc       0x34 .\CortexM3\ARM_GCC_493\Debug\Accoder_MIDI.a(USB.o)
                0x000015dc                USB_IsConfigurationChanged
 .text.USB_GetEPState
                0x00001610       0x2c .\CortexM3\ARM_GCC_493\Debug\Accoder_MIDI.a(USB.o)
                0x00001610                USB_GetEPState
 .text.USB_GetEPCount
                0x0000163c       0x60 .\CortexM3\ARM_GCC_493\Debug\Accoder_MIDI.a(USB.o)
                0x0000163c                USB_GetEPCount
 .text.USB_LoadInEP
                0x0000169c       0xf8 .\CortexM3\ARM_GCC_493\Debug\Accoder_MIDI.a(USB.o)
                0x0000169c                USB_LoadInEP
 .text.USB_ReadOutEP
                0x00001794       0x8c .\CortexM3\ARM_GCC_493\Debug\Accoder_MIDI.a(USB.o)
                0x00001794                USB_ReadOutEP
 .text.USB_EnableOutEP
                0x00001820       0x54 .\CortexM3\ARM_GCC_493\Debug\Accoder_MIDI.a(USB.o)
                0x00001820                USB_EnableOutEP
 .text.USB_EP_0_ISR
                0x00001874       0xf8 .\CortexM3\ARM_GCC_493\Debug\Accoder_MIDI.a(USB_drv.o)
                0x00001874                USB_EP_0_ISR
 .text.USB_HandleSetup
                0x0000196c       0x88 .\CortexM3\ARM_GCC_493\Debug\Accoder_MIDI.a(USB_drv.o)
                0x0000196c                USB_HandleSetup
 .text.USB_HandleIN
                0x000019f4       0x4c .\CortexM3\ARM_GCC_493\Debug\Accoder_MIDI.a(USB_drv.o)
                0x000019f4                USB_HandleIN
 .text.USB_HandleOUT
                0x00001a40       0x58 .\CortexM3\ARM_GCC_493\Debug\Accoder_MIDI.a(USB_drv.o)
                0x00001a40                USB_HandleOUT
 .text.USB_LoadEP0
                0x00001a98       0xd0 .\CortexM3\ARM_GCC_493\Debug\Accoder_MIDI.a(USB_drv.o)
                0x00001a98                USB_LoadEP0
 .text.USB_InitControlRead
                0x00001b68       0x70 .\CortexM3\ARM_GCC_493\Debug\Accoder_MIDI.a(USB_drv.o)
                0x00001b68                USB_InitControlRead
 .text.USB_InitZeroLengthControlTransfer
                0x00001bd8       0x44 .\CortexM3\ARM_GCC_493\Debug\Accoder_MIDI.a(USB_drv.o)
                0x00001bd8                USB_InitZeroLengthControlTransfer
 .text.USB_ControlReadDataStage
                0x00001c1c        0xc .\CortexM3\ARM_GCC_493\Debug\Accoder_MIDI.a(USB_drv.o)
                0x00001c1c                USB_ControlReadDataStage
 .text.USB_ControlReadStatusStage
                0x00001c28       0x40 .\CortexM3\ARM_GCC_493\Debug\Accoder_MIDI.a(USB_drv.o)
                0x00001c28                USB_ControlReadStatusStage
 .text.USB_ControlWriteDataStage
                0x00001c68       0xb4 .\CortexM3\ARM_GCC_493\Debug\Accoder_MIDI.a(USB_drv.o)
                0x00001c68                USB_ControlWriteDataStage
 .text.USB_ControlWriteStatusStage
                0x00001d1c       0x20 .\CortexM3\ARM_GCC_493\Debug\Accoder_MIDI.a(USB_drv.o)
                0x00001d1c                USB_ControlWriteStatusStage
 .text.USB_InitNoDataControlTransfer
                0x00001d3c       0x38 .\CortexM3\ARM_GCC_493\Debug\Accoder_MIDI.a(USB_drv.o)
                0x00001d3c                USB_InitNoDataControlTransfer
 .text.USB_NoDataControlStatusStage
                0x00001d74       0x48 .\CortexM3\ARM_GCC_493\Debug\Accoder_MIDI.a(USB_drv.o)
                0x00001d74                USB_NoDataControlStatusStage
 .text.USB_UpdateStatusBlock
                0x00001dbc       0x40 .\CortexM3\ARM_GCC_493\Debug\Accoder_MIDI.a(USB_drv.o)
                0x00001dbc                USB_UpdateStatusBlock
 .text.USB_InitializeStatusBlock
                0x00001dfc       0x34 .\CortexM3\ARM_GCC_493\Debug\Accoder_MIDI.a(USB_drv.o)
                0x00001dfc                USB_InitializeStatusBlock
 .text.USB_EP_1_ISR
                0x00001e30       0x48 .\CortexM3\ARM_GCC_493\Debug\Accoder_MIDI.a(USB_episr.o)
                0x00001e30                USB_EP_1_ISR
 .text.USB_EP_2_ISR
                0x00001e78       0x4c .\CortexM3\ARM_GCC_493\Debug\Accoder_MIDI.a(USB_episr.o)
                0x00001e78                USB_EP_2_ISR
 .text.USB_SOF_ISR
                0x00001ec4        0xc .\CortexM3\ARM_GCC_493\Debug\Accoder_MIDI.a(USB_episr.o)
                0x00001ec4                USB_SOF_ISR
 .text.USB_BUS_RESET_ISR
                0x00001ed0        0xc .\CortexM3\ARM_GCC_493\Debug\Accoder_MIDI.a(USB_episr.o)
                0x00001ed0                USB_BUS_RESET_ISR
 .text.USB_DP_ISR
                0x00001edc        0xc .\CortexM3\ARM_GCC_493\Debug\Accoder_MIDI.a(USB_pm.o)
                0x00001edc                USB_DP_ISR
 .text.USB_RestoreConfig
                0x00001ee8       0x1c .\CortexM3\ARM_GCC_493\Debug\Accoder_MIDI.a(USB_pm.o)
                0x00001ee8                USB_RestoreConfig
 .text.USB_Suspend
                0x00001f04      0x11c .\CortexM3\ARM_GCC_493\Debug\Accoder_MIDI.a(USB_pm.o)
                0x00001f04                USB_Suspend
 .text.USB_Resume
                0x00002020      0x100 .\CortexM3\ARM_GCC_493\Debug\Accoder_MIDI.a(USB_pm.o)
                0x00002020                USB_Resume
 .text.USB_HandleStandardRqst
                0x00002120      0x48c .\CortexM3\ARM_GCC_493\Debug\Accoder_MIDI.a(USB_std.o)
                0x00002120                USB_HandleStandardRqst
 .text.USB_ReadDieID
                0x000025ac       0xd4 .\CortexM3\ARM_GCC_493\Debug\Accoder_MIDI.a(USB_std.o)
                0x000025ac                USB_ReadDieID
 .text.USB_ConfigReg
                0x00002680      0x11c .\CortexM3\ARM_GCC_493\Debug\Accoder_MIDI.a(USB_std.o)
                0x00002680                USB_ConfigReg
 .text.USB_EpStateInit
                0x0000279c       0x68 .\CortexM3\ARM_GCC_493\Debug\Accoder_MIDI.a(USB_std.o)
                0x0000279c                USB_EpStateInit
 .text.USB_Config
                0x00002804      0x34c .\CortexM3\ARM_GCC_493\Debug\Accoder_MIDI.a(USB_std.o)
                0x00002804                USB_Config
 .text.USB_ConfigAltChanged
                0x00002b50      0x23c .\CortexM3\ARM_GCC_493\Debug\Accoder_MIDI.a(USB_std.o)
                0x00002b50                USB_ConfigAltChanged
 .text.USB_GetConfigTablePtr
                0x00002d8c       0x54 .\CortexM3\ARM_GCC_493\Debug\Accoder_MIDI.a(USB_std.o)
                0x00002d8c                USB_GetConfigTablePtr
 .text.USB_GetDeviceTablePtr
                0x00002de0       0x24 .\CortexM3\ARM_GCC_493\Debug\Accoder_MIDI.a(USB_std.o)
                0x00002de0                USB_GetDeviceTablePtr
 .text.USB_GetInterfaceClassTablePtr
                0x00002e04       0x4c .\CortexM3\ARM_GCC_493\Debug\Accoder_MIDI.a(USB_std.o)
                0x00002e04                USB_GetInterfaceClassTablePtr
 .text.USB_SetEndpointHalt
                0x00002e50       0xdc .\CortexM3\ARM_GCC_493\Debug\Accoder_MIDI.a(USB_std.o)
                0x00002e50                USB_SetEndpointHalt
 .text.USB_ClearEndpointHalt
                0x00002f2c      0x130 .\CortexM3\ARM_GCC_493\Debug\Accoder_MIDI.a(USB_std.o)
                0x00002f2c                USB_ClearEndpointHalt
 .text.USB_ValidateAlternateSetting
                0x0000305c       0x70 .\CortexM3\ARM_GCC_493\Debug\Accoder_MIDI.a(USB_std.o)
                0x0000305c                USB_ValidateAlternateSetting
 .text.USB_HandleVendorRqst
                0x000030cc       0x54 .\CortexM3\ARM_GCC_493\Debug\Accoder_MIDI.a(USB_vnd.o)
                0x000030cc                USB_HandleVendorRqst
 .text.USB_MIDI_Init
                0x00003120       0x24 .\CortexM3\ARM_GCC_493\Debug\Accoder_MIDI.a(USB_midi.o)
                0x00003120                USB_MIDI_Init
 .text.USB_MIDI_OUT_Service
                0x00003144       0xc8 .\CortexM3\ARM_GCC_493\Debug\Accoder_MIDI.a(USB_midi.o)
                0x00003144                USB_MIDI_OUT_Service
 .text.USB_MIDI_IN_EP_Service
                0x0000320c       0x4c .\CortexM3\ARM_GCC_493\Debug\Accoder_MIDI.a(USB_midi.o)
                0x0000320c                USB_MIDI_IN_EP_Service
 .text.USB_MIDI_IN_Service
                0x00003258       0xa0 .\CortexM3\ARM_GCC_493\Debug\Accoder_MIDI.a(USB_midi.o)
                0x00003258                USB_MIDI_IN_Service
 .text.USB_PutUsbMidiIn
                0x000032f8      0x154 .\CortexM3\ARM_GCC_493\Debug\Accoder_MIDI.a(USB_midi.o)
                0x000032f8                USB_PutUsbMidiIn
 .text.USB_PrepareInBuffer
                0x0000344c      0x380 .\CortexM3\ARM_GCC_493\Debug\Accoder_MIDI.a(USB_midi.o)
                0x0000344c                USB_PrepareInBuffer
 .text.USB_MIDI_InitInterface
                0x000037cc       0x90 .\CortexM3\ARM_GCC_493\Debug\Accoder_MIDI.a(USB_midi.o)
                0x000037cc                USB_MIDI_InitInterface
 .text.USB_ProcessMidiIn
                0x0000385c      0x268 .\CortexM3\ARM_GCC_493\Debug\Accoder_MIDI.a(USB_midi.o)
                0x0000385c                USB_ProcessMidiIn
 .text.USB_MIDI1_GetEvent
                0x00003ac4       0xa8 .\CortexM3\ARM_GCC_493\Debug\Accoder_MIDI.a(USB_midi.o)
                0x00003ac4                USB_MIDI1_GetEvent
 .text.USB_MIDI1_ProcessUsbOut
                0x00003b6c      0x150 .\CortexM3\ARM_GCC_493\Debug\Accoder_MIDI.a(USB_midi.o)
                0x00003b6c                USB_MIDI1_ProcessUsbOut
 .text.USB_MIDI2_GetEvent
                0x00003cbc       0xa8 .\CortexM3\ARM_GCC_493\Debug\Accoder_MIDI.a(USB_midi.o)
                0x00003cbc                USB_MIDI2_GetEvent
 .text.USB_MIDI2_ProcessUsbOut
                0x00003d64      0x150 .\CortexM3\ARM_GCC_493\Debug\Accoder_MIDI.a(USB_midi.o)
                0x00003d64                USB_MIDI2_ProcessUsbOut
 .text.Sleep_isr_StartEx
                0x00003eb4       0x24 .\CortexM3\ARM_GCC_493\Debug\Accoder_MIDI.a(Sleep_isr.o)
                0x00003eb4                Sleep_isr_StartEx
 .text.Sleep_isr_SetVector
                0x00003ed8       0x24 .\CortexM3\ARM_GCC_493\Debug\Accoder_MIDI.a(Sleep_isr.o)
                0x00003ed8                Sleep_isr_SetVector
 .text.Sleep_isr_SetPriority
                0x00003efc       0x24 .\CortexM3\ARM_GCC_493\Debug\Accoder_MIDI.a(Sleep_isr.o)
                0x00003efc                Sleep_isr_SetPriority
 .text.Sleep_isr_Enable
                0x00003f20       0x18 .\CortexM3\ARM_GCC_493\Debug\Accoder_MIDI.a(Sleep_isr.o)
                0x00003f20                Sleep_isr_Enable
 .text.Sleep_isr_Disable
                0x00003f38       0x18 .\CortexM3\ARM_GCC_493\Debug\Accoder_MIDI.a(Sleep_isr.o)
                0x00003f38                Sleep_isr_Disable
 .text.USB_Dp_ClearInterrupt
                0x00003f50       0x20 .\CortexM3\ARM_GCC_493\Debug\Accoder_MIDI.a(USB_Dp.o)
                0x00003f50                USB_Dp_ClearInterrupt
 .text.CyPLL_OUT_Start
                0x00003f70       0xb0 .\CortexM3\ARM_GCC_493\Debug\Accoder_MIDI.a(CyLib.o)
                0x00003f70                CyPLL_OUT_Start
 .text.CyPLL_OUT_Stop
                0x00004020       0x20 .\CortexM3\ARM_GCC_493\Debug\Accoder_MIDI.a(CyLib.o)
                0x00004020                CyPLL_OUT_Stop
 .text.CyIMO_Start
                0x00004040       0x94 .\CortexM3\ARM_GCC_493\Debug\Accoder_MIDI.a(CyLib.o)
                0x00004040                CyIMO_Start
 .text.CyIMO_Stop
                0x000040d4       0x34 .\CortexM3\ARM_GCC_493\Debug\Accoder_MIDI.a(CyLib.o)
                0x000040d4                CyIMO_Stop
 .text.CyUSB_PowerOnCheck
                0x00004108       0x60 .\CortexM3\ARM_GCC_493\Debug\Accoder_MIDI.a(CyLib.o)
 .text.CyIMO_SetTrimValue
                0x00004168      0x108 .\CortexM3\ARM_GCC_493\Debug\Accoder_MIDI.a(CyLib.o)
 .text.CyIMO_SetFreq
                0x00004270      0x1ac .\CortexM3\ARM_GCC_493\Debug\Accoder_MIDI.a(CyLib.o)
                0x00004270                CyIMO_SetFreq
 .text.CyIMO_SetSource
                0x0000441c       0x8c .\CortexM3\ARM_GCC_493\Debug\Accoder_MIDI.a(CyLib.o)
                0x0000441c                CyIMO_SetSource
 .text.CyIMO_EnableDoubler
                0x000044a8       0x20 .\CortexM3\ARM_GCC_493\Debug\Accoder_MIDI.a(CyLib.o)
                0x000044a8                CyIMO_EnableDoubler
 .text.CyIMO_DisableDoubler
                0x000044c8       0x20 .\CortexM3\ARM_GCC_493\Debug\Accoder_MIDI.a(CyLib.o)
                0x000044c8                CyIMO_DisableDoubler
 .text.CyMasterClk_SetSource
                0x000044e8       0x34 .\CortexM3\ARM_GCC_493\Debug\Accoder_MIDI.a(CyLib.o)
                0x000044e8                CyMasterClk_SetSource
 .text.CyMasterClk_SetDivider
                0x0000451c       0x20 .\CortexM3\ARM_GCC_493\Debug\Accoder_MIDI.a(CyLib.o)
                0x0000451c                CyMasterClk_SetDivider
 .text.CyBusClk_Internal_SetDivider
                0x0000453c       0x78 .\CortexM3\ARM_GCC_493\Debug\Accoder_MIDI.a(CyLib.o)
 .text.CyBusClk_SetDivider
                0x000045b4       0xb4 .\CortexM3\ARM_GCC_493\Debug\Accoder_MIDI.a(CyLib.o)
                0x000045b4                CyBusClk_SetDivider
 .text.CyILO_Start100K
                0x00004668       0x20 .\CortexM3\ARM_GCC_493\Debug\Accoder_MIDI.a(CyLib.o)
                0x00004668                CyILO_Start100K
 .text.CyILO_Stop100K
                0x00004688       0x20 .\CortexM3\ARM_GCC_493\Debug\Accoder_MIDI.a(CyLib.o)
                0x00004688                CyILO_Stop100K
 .text.CyXTAL_Start
                0x000046a8       0xd0 .\CortexM3\ARM_GCC_493\Debug\Accoder_MIDI.a(CyLib.o)
                0x000046a8                CyXTAL_Start
 .text.CyXTAL_Stop
                0x00004778       0x20 .\CortexM3\ARM_GCC_493\Debug\Accoder_MIDI.a(CyLib.o)
                0x00004778                CyXTAL_Stop
 .text.CyHalt   0x00004798       0x18 .\CortexM3\ARM_GCC_493\Debug\Accoder_MIDI.a(CyLib.o)
                0x00004798                CyHalt
 .text.CyDelayUs
                0x000047b0       0x24 .\CortexM3\ARM_GCC_493\Debug\Accoder_MIDI.a(CyLib.o)
                0x000047b0                CyDelayUs
 .text.CyIntSetVector
                0x000047d4       0x50 .\CortexM3\ARM_GCC_493\Debug\Accoder_MIDI.a(CyLib.o)
                0x000047d4                CyIntSetVector
 .text.CyIntSetPriority
                0x00004824       0x44 .\CortexM3\ARM_GCC_493\Debug\Accoder_MIDI.a(CyLib.o)
                0x00004824                CyIntSetPriority
 .text.CyGetUniqueId
                0x00004868       0xc4 .\CortexM3\ARM_GCC_493\Debug\Accoder_MIDI.a(CyLib.o)
                0x00004868                CyGetUniqueId
 .text.CyPmSaveClocks
                0x0000492c      0x284 .\CortexM3\ARM_GCC_493\Debug\Accoder_MIDI.a(cyPm.o)
                0x0000492c                CyPmSaveClocks
 .text.CyPmRestoreClocks
                0x00004bb0      0x300 .\CortexM3\ARM_GCC_493\Debug\Accoder_MIDI.a(cyPm.o)
                0x00004bb0                CyPmRestoreClocks
 .text.CyPmSleep
                0x00004eb0      0x170 .\CortexM3\ARM_GCC_493\Debug\Accoder_MIDI.a(cyPm.o)
                0x00004eb0                CyPmSleep
 .text.CyPmReadStatus
                0x00005020       0x5c .\CortexM3\ARM_GCC_493\Debug\Accoder_MIDI.a(cyPm.o)
                0x00005020                CyPmReadStatus
 .text.CyPmFtwSetInterval
                0x0000507c       0x90 .\CortexM3\ARM_GCC_493\Debug\Accoder_MIDI.a(cyPm.o)
                0x0000507c                CyPmFtwSetInterval
 .text.CyPmHibSlpSaveSet
                0x0000510c      0x280 .\CortexM3\ARM_GCC_493\Debug\Accoder_MIDI.a(cyPm.o)
 .text.CyPmHibSlpRestore
                0x0000538c      0x188 .\CortexM3\ARM_GCC_493\Debug\Accoder_MIDI.a(cyPm.o)
 .text.Keys_Notes_1_Write
                0x00005514       0x20 .\CortexM3\ARM_GCC_493\Debug\Accoder_MIDI.a(Keys_Notes_1.o)
                0x00005514                Keys_Notes_1_Write
 .text.Keys_Notes_1_Read
                0x00005534       0x18 .\CortexM3\ARM_GCC_493\Debug\Accoder_MIDI.a(Keys_Notes_1.o)
                0x00005534                Keys_Notes_1_Read
 .text.Keys_Notes_2_Write
                0x0000554c       0x20 .\CortexM3\ARM_GCC_493\Debug\Accoder_MIDI.a(Keys_Notes_2.o)
                0x0000554c                Keys_Notes_2_Write
 .text.Keys_Notes_2_Read
                0x0000556c       0x18 .\CortexM3\ARM_GCC_493\Debug\Accoder_MIDI.a(Keys_Notes_2.o)
                0x0000556c                Keys_Notes_2_Read
 .text.Keys_Notes_3_Write
                0x00005584       0x20 .\CortexM3\ARM_GCC_493\Debug\Accoder_MIDI.a(Keys_Notes_3.o)
                0x00005584                Keys_Notes_3_Write
 .text.Keys_Notes_3_Read
                0x000055a4       0x18 .\CortexM3\ARM_GCC_493\Debug\Accoder_MIDI.a(Keys_Notes_3.o)
                0x000055a4                Keys_Notes_3_Read
 .text.Keys_Notes_4_Write
                0x000055bc       0x20 .\CortexM3\ARM_GCC_493\Debug\Accoder_MIDI.a(Keys_Notes_4.o)
                0x000055bc                Keys_Notes_4_Write
 .text.Keys_Notes_4_Read
                0x000055dc       0x18 .\CortexM3\ARM_GCC_493\Debug\Accoder_MIDI.a(Keys_Notes_4.o)
                0x000055dc                Keys_Notes_4_Read
 .text.Keys_Notes_5_Write
                0x000055f4       0x20 .\CortexM3\ARM_GCC_493\Debug\Accoder_MIDI.a(Keys_Notes_5.o)
                0x000055f4                Keys_Notes_5_Write
 .text.Keys_Notes_5_Read
                0x00005614       0x18 .\CortexM3\ARM_GCC_493\Debug\Accoder_MIDI.a(Keys_Notes_5.o)
                0x00005614                Keys_Notes_5_Read
 .text.Keys_Notes_6_Write
                0x0000562c       0x20 .\CortexM3\ARM_GCC_493\Debug\Accoder_MIDI.a(Keys_Notes_6.o)
                0x0000562c                Keys_Notes_6_Write
 .text.Keys_Notes_6_Read
                0x0000564c       0x18 .\CortexM3\ARM_GCC_493\Debug\Accoder_MIDI.a(Keys_Notes_6.o)
                0x0000564c                Keys_Notes_6_Read
 .text.Chords_Notes_Write
                0x00005664       0x20 .\CortexM3\ARM_GCC_493\Debug\Accoder_MIDI.a(Chords_Notes.o)
                0x00005664                Chords_Notes_Write
 .text.Chords_Notes_Read
                0x00005684       0x18 .\CortexM3\ARM_GCC_493\Debug\Accoder_MIDI.a(Chords_Notes.o)
                0x00005684                Chords_Notes_Read
 .text.Chords_Bass_Notes_Write
                0x0000569c       0x20 .\CortexM3\ARM_GCC_493\Debug\Accoder_MIDI.a(Chords_Bass_Notes.o)
                0x0000569c                Chords_Bass_Notes_Write
 .text.Chords_Bass_Notes_Read
                0x000056bc       0x18 .\CortexM3\ARM_GCC_493\Debug\Accoder_MIDI.a(Chords_Bass_Notes.o)
                0x000056bc                Chords_Bass_Notes_Read
 .text.Bass_Notes_Write
                0x000056d4       0x20 .\CortexM3\ARM_GCC_493\Debug\Accoder_MIDI.a(Bass_Notes.o)
                0x000056d4                Bass_Notes_Write
 .text.Bass_Notes_Read
                0x000056f4       0x18 .\CortexM3\ARM_GCC_493\Debug\Accoder_MIDI.a(Bass_Notes.o)
                0x000056f4                Bass_Notes_Read
 .text.Tabs_1_Write
                0x0000570c       0x20 .\CortexM3\ARM_GCC_493\Debug\Accoder_MIDI.a(Tabs_1.o)
                0x0000570c                Tabs_1_Write
 .text.Tabs_1_Read
                0x0000572c       0x18 .\CortexM3\ARM_GCC_493\Debug\Accoder_MIDI.a(Tabs_1.o)
                0x0000572c                Tabs_1_Read
 .text.Tabs_2_Write
                0x00005744       0x20 .\CortexM3\ARM_GCC_493\Debug\Accoder_MIDI.a(Tabs_2.o)
                0x00005744                Tabs_2_Write
 .text.Tabs_2_Read
                0x00005764       0x18 .\CortexM3\ARM_GCC_493\Debug\Accoder_MIDI.a(Tabs_2.o)
                0x00005764                Tabs_2_Read
 .text.Tabs_3_Write
                0x0000577c       0x20 .\CortexM3\ARM_GCC_493\Debug\Accoder_MIDI.a(Tabs_3.o)
                0x0000577c                Tabs_3_Write
 .text.Tabs_3_Read
                0x0000579c       0x18 .\CortexM3\ARM_GCC_493\Debug\Accoder_MIDI.a(Tabs_3.o)
                0x0000579c                Tabs_3_Read
 .text.Tabs_4_Write
                0x000057b4       0x20 .\CortexM3\ARM_GCC_493\Debug\Accoder_MIDI.a(Tabs_4.o)
                0x000057b4                Tabs_4_Write
 .text.Tabs_4_Read
                0x000057d4       0x18 .\CortexM3\ARM_GCC_493\Debug\Accoder_MIDI.a(Tabs_4.o)
                0x000057d4                Tabs_4_Read
 *fill*         0x000057ec        0x4 
 .text          0x000057f0       0x20 .\CortexM3\ARM_GCC_493\Debug\Accoder_MIDI.a(CyBootAsmGnu.o)
                0x000057f0                CyDelayCycles
                0x00005800                CyEnterCriticalSection
                0x00005808                CyExitCriticalSection
 .text.MIDI1_UART_Start
                0x00005810       0x20 .\CortexM3\ARM_GCC_493\Debug\Accoder_MIDI.a(MIDI1_UART.o)
                0x00005810                MIDI1_UART_Start
 .text.MIDI1_UART_Init
                0x00005830       0x6c .\CortexM3\ARM_GCC_493\Debug\Accoder_MIDI.a(MIDI1_UART.o)
                0x00005830                MIDI1_UART_Init
 .text.MIDI1_UART_Enable
                0x0000589c       0x74 .\CortexM3\ARM_GCC_493\Debug\Accoder_MIDI.a(MIDI1_UART.o)
                0x0000589c                MIDI1_UART_Enable
 .text.MIDI1_UART_Stop
                0x00005910       0x68 .\CortexM3\ARM_GCC_493\Debug\Accoder_MIDI.a(MIDI1_UART.o)
                0x00005910                MIDI1_UART_Stop
 .text.MIDI1_UART_ClearRxBuffer
                0x00005978       0x7c .\CortexM3\ARM_GCC_493\Debug\Accoder_MIDI.a(MIDI1_UART.o)
                0x00005978                MIDI1_UART_ClearRxBuffer
 .text.MIDI1_UART_PutChar
                0x000059f4       0xb8 .\CortexM3\ARM_GCC_493\Debug\Accoder_MIDI.a(MIDI1_UART.o)
                0x000059f4                MIDI1_UART_PutChar
 .text.MIDI1_UART_ClearTxBuffer
                0x00005aac       0x68 .\CortexM3\ARM_GCC_493\Debug\Accoder_MIDI.a(MIDI1_UART.o)
                0x00005aac                MIDI1_UART_ClearTxBuffer
 .text.MIDI1_UART_RXISR
                0x00005b14       0xdc .\CortexM3\ARM_GCC_493\Debug\Accoder_MIDI.a(MIDI1_UART_INT.o)
                0x00005b14                MIDI1_UART_RXISR
 .text.MIDI1_UART_TXISR
                0x00005bf0       0x70 .\CortexM3\ARM_GCC_493\Debug\Accoder_MIDI.a(MIDI1_UART_INT.o)
                0x00005bf0                MIDI1_UART_TXISR
 .text.MIDI2_UART_Start
                0x00005c60       0x20 .\CortexM3\ARM_GCC_493\Debug\Accoder_MIDI.a(MIDI2_UART.o)
                0x00005c60                MIDI2_UART_Start
 .text.MIDI2_UART_Init
                0x00005c80       0x6c .\CortexM3\ARM_GCC_493\Debug\Accoder_MIDI.a(MIDI2_UART.o)
                0x00005c80                MIDI2_UART_Init
 .text.MIDI2_UART_Enable
                0x00005cec       0x74 .\CortexM3\ARM_GCC_493\Debug\Accoder_MIDI.a(MIDI2_UART.o)
                0x00005cec                MIDI2_UART_Enable
 .text.MIDI2_UART_Stop
                0x00005d60       0x68 .\CortexM3\ARM_GCC_493\Debug\Accoder_MIDI.a(MIDI2_UART.o)
                0x00005d60                MIDI2_UART_Stop
 .text.MIDI2_UART_ClearRxBuffer
                0x00005dc8       0x7c .\CortexM3\ARM_GCC_493\Debug\Accoder_MIDI.a(MIDI2_UART.o)
                0x00005dc8                MIDI2_UART_ClearRxBuffer
 .text.MIDI2_UART_PutChar
                0x00005e44       0xb8 .\CortexM3\ARM_GCC_493\Debug\Accoder_MIDI.a(MIDI2_UART.o)
                0x00005e44                MIDI2_UART_PutChar
 .text.MIDI2_UART_ClearTxBuffer
                0x00005efc       0x68 .\CortexM3\ARM_GCC_493\Debug\Accoder_MIDI.a(MIDI2_UART.o)
                0x00005efc                MIDI2_UART_ClearTxBuffer
 .text.MIDI2_UART_RXISR
                0x00005f64       0xdc .\CortexM3\ARM_GCC_493\Debug\Accoder_MIDI.a(MIDI2_UART_INT.o)
                0x00005f64                MIDI2_UART_RXISR
 .text.MIDI2_UART_TXISR
                0x00006040       0x70 .\CortexM3\ARM_GCC_493\Debug\Accoder_MIDI.a(MIDI2_UART_INT.o)
                0x00006040                MIDI2_UART_TXISR
 .text.USB_DispatchClassRqst
                0x000060b0       0x7c .\CortexM3\ARM_GCC_493\Debug\Accoder_MIDI.a(USB_cls.o)
                0x000060b0                USB_DispatchClassRqst
 .text.CyFlash_SetWaitCycles
                0x0000612c       0xbc .\CortexM3\ARM_GCC_493\Debug\Accoder_MIDI.a(CyFlash.o)
                0x0000612c                CyFlash_SetWaitCycles
 .text.USB_DispatchAUDIOClassRqst
                0x000061e8       0x8c .\CortexM3\ARM_GCC_493\Debug\Accoder_MIDI.a(USB_audio.o)
                0x000061e8                USB_DispatchAUDIOClassRqst
 .text.__errno  0x00006274        0xc c:/program files (x86)/cypress/psoc creator/4.0/psoc creator/import/gnu/arm/4.9.3/bin/../lib/gcc/arm-none-eabi/4.9.3/../../../../arm-none-eabi/lib/armv7-m\libg_nano.a(lib_a-errno.o)
                0x00006274                __errno
 .text.__libc_init_array
                0x00006280       0x4c c:/program files (x86)/cypress/psoc creator/4.0/psoc creator/import/gnu/arm/4.9.3/bin/../lib/gcc/arm-none-eabi/4.9.3/../../../../arm-none-eabi/lib/armv7-m\libg_nano.a(lib_a-init.o)
                0x00006280                __libc_init_array
 .text.memcpy   0x000062cc       0x16 c:/program files (x86)/cypress/psoc creator/4.0/psoc creator/import/gnu/arm/4.9.3/bin/../lib/gcc/arm-none-eabi/4.9.3/../../../../arm-none-eabi/lib/armv7-m\libg_nano.a(lib_a-memcpy.o)
                0x000062cc                memcpy
 .text.memset   0x000062e2       0x10 c:/program files (x86)/cypress/psoc creator/4.0/psoc creator/import/gnu/arm/4.9.3/bin/../lib/gcc/arm-none-eabi/4.9.3/../../../../arm-none-eabi/lib/armv7-m\libg_nano.a(lib_a-memset.o)
                0x000062e2                memset
 *(.plt)
 *(.gnu.warning)
 *(.glue_7t)
 .glue_7t       0x00000000        0x0 linker stubs
 *(.glue_7)
 .glue_7        0x00000000        0x0 linker stubs
 *(.vfp11_veneer)
 .vfp11_veneer  0x00000000        0x0 linker stubs
 *(.bootloader)
 *(.ARM.extab* .gnu.linkonce.armextab.*)
 *(.gcc_except_table)

.v4_bx          0x000062f4        0x0
 .v4_bx         0x00000000        0x0 linker stubs

.iplt           0x000062f4        0x0
 .iplt          0x00000000        0x0 c:/program files (x86)/cypress/psoc creator/4.0/psoc creator/import/gnu/arm/4.9.3/bin/../lib/gcc/arm-none-eabi/4.9.3/armv7-m/crtbegin.o

.eh_frame_hdr
 *(.eh_frame_hdr)

.eh_frame       0x000062f4        0x4
 *(.eh_frame)
 .eh_frame      0x000062f4        0x0 c:/program files (x86)/cypress/psoc creator/4.0/psoc creator/import/gnu/arm/4.9.3/bin/../lib/gcc/arm-none-eabi/4.9.3/armv7-m/crtbegin.o
 .eh_frame      0x000062f4        0x4 c:/program files (x86)/cypress/psoc creator/4.0/psoc creator/import/gnu/arm/4.9.3/bin/../lib/gcc/arm-none-eabi/4.9.3/armv7-m/crtend.o
                0x000062f8                PROVIDE (__exidx_start, .)

.ARM.exidx
 *(.ARM.exidx* .gnu.linkonce.armexidx.*)
                0x000062f8                __exidx_end = .

.rodata         0x000062f8      0x2b0
 *(.rodata .rodata.* .gnu.linkonce.r.*)
 .rodata        0x000062f8       0x10 .\CortexM3\ARM_GCC_493\Debug\main.o
                0x000062f8                MIDI_IDENTITY_REPLY
 .rodata        0x00006308       0x3c .\CortexM3\ARM_GCC_493\Debug\Accoder_MIDI.a(cyfitter_cfg.o)
 .rodata        0x00006344       0x14 .\CortexM3\ARM_GCC_493\Debug\Accoder_MIDI.a(USB_std.o)
 .rodata        0x00006358       0x10 .\CortexM3\ARM_GCC_493\Debug\Accoder_MIDI.a(USB_midi.o)
 .rodata        0x00006368       0x10 .\CortexM3\ARM_GCC_493\Debug\Accoder_MIDI.a(cyPm.o)
 .rodata        0x00006378      0x1f4 .\CortexM3\ARM_GCC_493\Debug\Accoder_MIDI.a(USB_descr.o)
                0x00006378                USB_DEVICE0_DESCR
                0x0000638c                USB_DEVICE0_CONFIGURATION0_DESCR
                0x00006414                USB_STRING_DESCRIPTORS
                0x000064d0                USB_SN_STRING_DESCRIPTOR
                0x000064d4                USB_DEVICE0_CONFIGURATION0_EP_SETTINGS_TABLE
                0x000064e4                USB_DEVICE0_CONFIGURATION0_INTERFACE_CLASS
                0x000064e8                USB_DEVICE0_CONFIGURATION0_TABLE
                0x00006510                USB_DEVICE0_TABLE
                0x00006528                USB_TABLE
                0x00006530                USB_MSOS_DESCRIPTOR
                0x00006544                USB_MSOS_CONFIGURATION_DESCR
 .rodata.str1.1
                0x0000656c        0x2 c:/program files (x86)/cypress/psoc creator/4.0/psoc creator/import/gnu/arm/4.9.3/bin/../lib/gcc/arm-none-eabi/4.9.3/../../../../arm-none-eabi/lib/armv7-m\libg_nano.a(lib_a-impure.o)
                0x00006570                . = ALIGN (0x4)
 *fill*         0x0000656e        0x2 
 *(.init)
 .init          0x00006570        0x4 c:/program files (x86)/cypress/psoc creator/4.0/psoc creator/import/gnu/arm/4.9.3/bin/../lib/gcc/arm-none-eabi/4.9.3/armv7-m/crti.o
                0x00006570                _init
 .init          0x00006574        0x8 c:/program files (x86)/cypress/psoc creator/4.0/psoc creator/import/gnu/arm/4.9.3/bin/../lib/gcc/arm-none-eabi/4.9.3/armv7-m/crtn.o
                0x0000657c                . = ALIGN (0x4)
                0x0000657c                __preinit_array_start = .
 *(.preinit_array)
                0x0000657c                __preinit_array_end = .
                0x0000657c                . = ALIGN (0x4)
                0x0000657c                __init_array_start = .
 *(SORT(.init_array.*))
 *(.init_array)
 .init_array    0x0000657c        0x4 c:/program files (x86)/cypress/psoc creator/4.0/psoc creator/import/gnu/arm/4.9.3/bin/../lib/gcc/arm-none-eabi/4.9.3/armv7-m/crtbegin.o
 .init_array    0x00006580        0x4 .\CortexM3\ARM_GCC_493\Debug\Cm3Start.o
                0x00006584                __init_array_end = .
                0x00006584                . = ALIGN (0x4)
 *(.fini)
 .fini          0x00006584        0x4 c:/program files (x86)/cypress/psoc creator/4.0/psoc creator/import/gnu/arm/4.9.3/bin/../lib/gcc/arm-none-eabi/4.9.3/armv7-m/crti.o
                0x00006584                _fini
 .fini          0x00006588        0x8 c:/program files (x86)/cypress/psoc creator/4.0/psoc creator/import/gnu/arm/4.9.3/bin/../lib/gcc/arm-none-eabi/4.9.3/armv7-m/crtn.o
                0x00006590                . = ALIGN (0x4)
                0x00006590                __fini_array_start = .
 *(.fini_array)
 .fini_array    0x00006590        0x4 c:/program files (x86)/cypress/psoc creator/4.0/psoc creator/import/gnu/arm/4.9.3/bin/../lib/gcc/arm-none-eabi/4.9.3/armv7-m/crtbegin.o
 *(SORT(.fini_array.*))
                0x00006594                __fini_array_end = .
                0x00006594                . = ALIGN (0x4)
 *crtbegin.o(.ctors)
 *(EXCLUDE_FILE(*crtend.o) .ctors)
 *(SORT(.ctors.*))
 *crtend.o(.ctors)
                0x00006594                . = ALIGN (0x4)
 *crtbegin.o(.dtors)
 *(EXCLUDE_FILE(*crtend.o) .dtors)
 *(SORT(.dtors.*))
 *crtend.o(.dtors)
                0x00006594                . = ALIGN (0x4)
                0x00006594                __cy_regions = .
                0x00006594        0x4 LONG 0x65a8 __cy_region_init_ram
                0x00006598        0x4 LONG 0x1fff8108 __cy_region_start_data
                0x0000659c        0x4 LONG 0x78 __cy_region_init_size_ram
                0x000065a0        0x4 LONG 0x5b0 __cy_region_zero_size_ram
                0x000065a4                __cy_regions_end = .
                0x000065a8                . = ALIGN (0x8)
 *fill*         0x000065a4        0x4 
                0x000065a8                _etext = .

.cy_checksum_exclude
                0x000065a8        0x0
 *(.cy_checksum_exclude)

.ramvectors     0x1fff8000      0x100
                0x1fff8000                __cy_region_start_ram = .
 *(.ramvectors)
 .ramvectors    0x1fff8000      0x100 .\CortexM3\ARM_GCC_493\Debug\Cm3Start.o
                0x1fff8000                CyRamVectors

.noinit         0x1fff8100        0x5
 *(.noinit)
 .noinit        0x1fff8100        0x4 .\CortexM3\ARM_GCC_493\Debug\Cm3Start.o
 .noinit        0x1fff8104        0x1 .\CortexM3\ARM_GCC_493\Debug\Accoder_MIDI.a(CyLib.o)
                0x1fff8104                CyResetStatus

.data           0x1fff8108       0x78 load address 0x000065a8
                0x1fff8108                __cy_region_start_data = .
 *(.jcr)
 .jcr           0x1fff8108        0x0 c:/program files (x86)/cypress/psoc creator/4.0/psoc creator/import/gnu/arm/4.9.3/bin/../lib/gcc/arm-none-eabi/4.9.3/armv7-m/crtbegin.o
 .jcr           0x1fff8108        0x4 c:/program files (x86)/cypress/psoc creator/4.0/psoc creator/import/gnu/arm/4.9.3/bin/../lib/gcc/arm-none-eabi/4.9.3/armv7-m/crtend.o
 *(.got.plt)
 *(.got)
 *(.shdata)
 *(.data .data.* .gnu.linkonce.d.*)
 .data          0x1fff810c       0x10 .\CortexM3\ARM_GCC_493\Debug\Accoder_MIDI.a(CyLib.o)
                0x1fff810c                cydelay_freq_hz
                0x1fff8110                cydelay_freq_khz
                0x1fff8114                cydelay_freq_mhz
                0x1fff8118                cydelay_32k_ms
 .data.impure_data
                0x1fff811c       0x60 c:/program files (x86)/cypress/psoc creator/4.0/psoc creator/import/gnu/arm/4.9.3/bin/../lib/gcc/arm-none-eabi/4.9.3/../../../../arm-none-eabi/lib/armv7-m\libg_nano.a(lib_a-impure.o)
 .data._impure_ptr
                0x1fff817c        0x4 c:/program files (x86)/cypress/psoc creator/4.0/psoc creator/import/gnu/arm/4.9.3/bin/../lib/gcc/arm-none-eabi/4.9.3/../../../../arm-none-eabi/lib/armv7-m\libg_nano.a(lib_a-impure.o)
                0x1fff817c                _impure_ptr
                0x1fff8180                . = ALIGN (0x8)
 *(.ram)
                0x1fff8180                _edata = .

.igot.plt       0x1fff8180        0x0 load address 0x00006620
 .igot.plt      0x00000000        0x0 c:/program files (x86)/cypress/psoc creator/4.0/psoc creator/import/gnu/arm/4.9.3/bin/../lib/gcc/arm-none-eabi/4.9.3/armv7-m/crtbegin.o

.bss            0x1fff8180      0x5b0 load address 0x00006620
                0x1fff8180                PROVIDE (__bss_start__, .)
 *(.shbss)
 *(.bss .bss.* .gnu.linkonce.b.*)
 .bss           0x1fff8180       0x1c c:/program files (x86)/cypress/psoc creator/4.0/psoc creator/import/gnu/arm/4.9.3/bin/../lib/gcc/arm-none-eabi/4.9.3/armv7-m/crtbegin.o
 .bss           0x1fff819c        0x5 .\CortexM3\ARM_GCC_493\Debug\main.o
                0x1fff819c                usbActivityCounter
                0x1fff819d                csButtStates
                0x1fff819e                csButtStatesOld
                0x1fff819f                csButtChange
                0x1fff81a0                inqFlagsOld
 .bss           0x1fff81a1        0x1 .\CortexM3\ARM_GCC_493\Debug\Accoder_MIDI.a(SleepTimer.o)
                0x1fff81a1                SleepTimer_initVar
 *fill*         0x1fff81a2        0x2 
 .bss           0x1fff81a4        0x4 .\CortexM3\ARM_GCC_493\Debug\Accoder_MIDI.a(MIDI1_UART_PM.o)
 .bss           0x1fff81a8        0x4 .\CortexM3\ARM_GCC_493\Debug\Accoder_MIDI.a(MIDI2_UART_PM.o)
 .bss           0x1fff81ac        0x1 .\CortexM3\ARM_GCC_493\Debug\Accoder_MIDI.a(USB.o)
                0x1fff81ac                USB_initVar
 *fill*         0x1fff81ad        0x3 
 .bss           0x1fff81b0        0x4 .\CortexM3\ARM_GCC_493\Debug\Accoder_MIDI.a(USB_pm.o)
 .bss           0x1fff81b4        0x4 .\CortexM3\ARM_GCC_493\Debug\Accoder_MIDI.a(USB_std.o)
 .bss           0x1fff81b8       0x18 .\CortexM3\ARM_GCC_493\Debug\Accoder_MIDI.a(USB_midi.o)
 .bss           0x1fff81d0       0x44 .\CortexM3\ARM_GCC_493\Debug\Accoder_MIDI.a(cyPm.o)
 .bss           0x1fff8214        0x9 .\CortexM3\ARM_GCC_493\Debug\Accoder_MIDI.a(MIDI1_UART.o)
                0x1fff8214                MIDI1_UART_initVar
                0x1fff8215                MIDI1_UART_txBufferRead
                0x1fff8216                MIDI1_UART_txBufferWrite
                0x1fff8217                MIDI1_UART_errorStatus
                0x1fff8218                MIDI1_UART_rxBufferRead
                0x1fff8219                MIDI1_UART_rxBufferWrite
                0x1fff821a                MIDI1_UART_rxBufferLoopDetect
                0x1fff821b                MIDI1_UART_rxBufferOverflow
 .bss           0x1fff821d        0x9 .\CortexM3\ARM_GCC_493\Debug\Accoder_MIDI.a(MIDI2_UART.o)
                0x1fff821d                MIDI2_UART_initVar
                0x1fff821e                MIDI2_UART_txBufferRead
                0x1fff821f                MIDI2_UART_txBufferWrite
                0x1fff8220                MIDI2_UART_errorStatus
                0x1fff8221                MIDI2_UART_rxBufferRead
                0x1fff8222                MIDI2_UART_rxBufferWrite
                0x1fff8223                MIDI2_UART_rxBufferLoopDetect
                0x1fff8224                MIDI2_UART_rxBufferOverflow
 *(COMMON)
 *fill*         0x1fff8226        0x2 
 COMMON         0x1fff8228       0x98 .\CortexM3\ARM_GCC_493\Debug\Accoder_MIDI.a(USB_drv.o)
                0x1fff8228                USB_transferState
                0x1fff8229                USB_interfaceNumber
                0x1fff822a                USB_lastPacketSize
                0x1fff822c                USB_interfaceClass
                0x1fff8230                USB_interfaceSetting
                0x1fff8232                USB_ep0Mode
                0x1fff8233                USB_device
                0x1fff8234                USB_deviceAddress
                0x1fff8235                USB_ep0Toggle
                0x1fff8238                USB_interfaceSettingLast
                0x1fff823a                USB_configurationChanged
                0x1fff823c                USB_interfaceStatus
                0x1fff823e                USB_transferByteCount
                0x1fff8240                USB_configuration
                0x1fff8244                USB_currentTD
                0x1fff8250                USB_ep0Count
                0x1fff8251                USB_deviceStatus
                0x1fff8254                USB_EP
 COMMON         0x1fff82c0       0x48 .\CortexM3\ARM_GCC_493\Debug\Accoder_MIDI.a(USB_midi.o)
                0x1fff82c0                USB_midiOutBuffer
                0x1fff82e0                USB_MIDI1_InqFlags
                0x1fff82e1                USB_midi_in_ep
                0x1fff82e2                USB_midiInPointer
                0x1fff82e3                USB_MIDI2_InqFlags
                0x1fff82e4                USB_midi_out_ep
                0x1fff82e8                USB_midiInBuffer
 COMMON         0x1fff8308      0x1ff .\CortexM3\ARM_GCC_493\Debug\Accoder_MIDI.a(MIDI1_UART.o)
                0x1fff8308                MIDI1_UART_txBuffer
                0x1fff8408                MIDI1_UART_rxBuffer
 *fill*         0x1fff8507        0x1 
 COMMON         0x1fff8508      0x1ff .\CortexM3\ARM_GCC_493\Debug\Accoder_MIDI.a(MIDI2_UART.o)
                0x1fff8508                MIDI2_UART_rxBuffer
                0x1fff8608                MIDI2_UART_txBuffer
 *fill*         0x1fff8707        0x1 
 COMMON         0x1fff8708       0x22 .\CortexM3\ARM_GCC_493\Debug\Accoder_MIDI.a(USB_descr.o)
                0x1fff8708                USB_idSerialNumberStringDescriptor
                0x1fff8730                . = ALIGN (0x8)
 *fill*         0x1fff872a        0x6 
 *(.ram.b)
                0x1fff8730                _end = .
                0x1fff8730                __end = .
                0x1fff8730                PROVIDE (end, .)
                0x1fff8730                PROVIDE (__bss_end__, .)
                0x000065a8                __cy_region_init_ram = LOADADDR (.data)
                0x00000078                __cy_region_init_size_ram = (_edata - ADDR (.data))
                0x000005b0                __cy_region_zero_size_ram = (_end - _edata)

.heap           0x1fff8730       0x80 load address 0x00006620
                0x1fff8730                . = _end
                0x1fff87b0                . = (. + 0x80)
 *fill*         0x1fff8730       0x80 
                0x1fff87b0                __cy_heap_limit = .

.stack          0x20007800      0x800
                0x20007800                __cy_stack_limit = .
                0x20008000                . = (. + 0x800)
 *fill*         0x20007800      0x800 
                0x00000001                ASSERT ((__cy_stack_limit >= __cy_heap_limit), region RAM overflowed with stack)
                0x00000000                cy_checksum_exclude_size = (CY_APPL_LOADABLE == 0x1)?SIZEOF (.cy_checksum_exclude):0x0
                0x00000001                ASSERT ((cy_checksum_exclude_size <= CY_CHECKSUM_EXCLUDE_SIZE), CY_BOOT: Section .cy_checksum_exclude size exceedes specified limit.)

.cyloadermeta
 *(.cyloadermeta)

.cyloadablemeta
 *(.cyloadablemeta)

.cyconfigecc    0x80000000      0xf90
 *(.cyconfigecc)
 .cyconfigecc   0x80000000      0xf90 .\CortexM3\ARM_GCC_493\Debug\cymetadata.o
                0x80000000                cy_meta_configecc

.cycustnvl      0x90000000        0x4
 *(.cycustnvl)
 .cycustnvl     0x90000000        0x4 .\CortexM3\ARM_GCC_493\Debug\cymetadata.o
                0x90000000                cy_meta_custnvl

.cywolatch      0x90100000        0x4
 *(.cywolatch)
 .cywolatch     0x90100000        0x4 .\CortexM3\ARM_GCC_493\Debug\cymetadata.o
                0x90100000                cy_meta_wonvl

.cyeeprom       0x90200000        0x0
 *(.cyeeprom)
                0x00000001                ASSERT ((. <= ((0x90200000 + ee_offset) + ee_size)), .cyeeprom data will not fit in EEPROM)

.cyflashprotect
                0x90400000      0x100
 *(.cyflashprotect)
 .cyflashprotect
                0x90400000      0x100 .\CortexM3\ARM_GCC_493\Debug\cymetadata.o
                0x90400000                cy_meta_flashprotect

.cymeta         0x90500000        0xc
 *(.cymeta)
 .cymeta        0x90500000        0xc .\CortexM3\ARM_GCC_493\Debug\cymetadata.o
                0x90500000                cy_metadata

.rel.dyn        0x00006620        0x0 load address 0x9050000c
 .rel.iplt      0x00000000        0x0 c:/program files (x86)/cypress/psoc creator/4.0/psoc creator/import/gnu/arm/4.9.3/bin/../lib/gcc/arm-none-eabi/4.9.3/armv7-m/crtbegin.o

.stab
 *(.stab)

.stabstr
 *(.stabstr)

.debug
 *(.debug)

.line
 *(.line)

.debug_srcinfo
 *(.debug_srcinfo)

.debug_sfnames
 *(.debug_sfnames)

.debug_aranges  0x00000000     0x1018
 *(.debug_aranges)
 .debug_aranges
                0x00000000       0x70 .\CortexM3\ARM_GCC_493\Debug\main.o
 .debug_aranges
                0x00000070       0x18 .\CortexM3\ARM_GCC_493\Debug\cymetadata.o
 .debug_aranges
                0x00000088       0x48 .\CortexM3\ARM_GCC_493\Debug\Cm3Start.o
 .debug_aranges
                0x000000d0       0x60 .\CortexM3\ARM_GCC_493\Debug\Accoder_MIDI.a(cyfitter_cfg.o)
 .debug_aranges
                0x00000130       0x38 .\CortexM3\ARM_GCC_493\Debug\Accoder_MIDI.a(SW2.o)
 .debug_aranges
                0x00000168       0x58 .\CortexM3\ARM_GCC_493\Debug\Accoder_MIDI.a(SleepTimer.o)
 .debug_aranges
                0x000001c0       0x38 .\CortexM3\ARM_GCC_493\Debug\Accoder_MIDI.a(SW1.o)
 .debug_aranges
                0x000001f8       0x38 .\CortexM3\ARM_GCC_493\Debug\Accoder_MIDI.a(MIDI_PWR.o)
 .debug_aranges
                0x00000230       0x38 .\CortexM3\ARM_GCC_493\Debug\Accoder_MIDI.a(LED_OutB.o)
 .debug_aranges
                0x00000268       0x38 .\CortexM3\ARM_GCC_493\Debug\Accoder_MIDI.a(LED_InB.o)
 .debug_aranges
                0x000002a0       0x38 .\CortexM3\ARM_GCC_493\Debug\Accoder_MIDI.a(LED_OutA.o)
 .debug_aranges
                0x000002d8       0x38 .\CortexM3\ARM_GCC_493\Debug\Accoder_MIDI.a(LED_InA.o)
 .debug_aranges
                0x00000310       0x38 .\CortexM3\ARM_GCC_493\Debug\Accoder_MIDI.a(MIDI1_UART_PM.o)
 .debug_aranges
                0x00000348       0x38 .\CortexM3\ARM_GCC_493\Debug\Accoder_MIDI.a(MIDI2_UART_PM.o)
 .debug_aranges
                0x00000380       0xc8 .\CortexM3\ARM_GCC_493\Debug\Accoder_MIDI.a(USB.o)
 .debug_aranges
                0x00000448       0x98 .\CortexM3\ARM_GCC_493\Debug\Accoder_MIDI.a(USB_drv.o)
 .debug_aranges
                0x000004e0       0x38 .\CortexM3\ARM_GCC_493\Debug\Accoder_MIDI.a(USB_episr.o)
 .debug_aranges
                0x00000518       0x40 .\CortexM3\ARM_GCC_493\Debug\Accoder_MIDI.a(USB_pm.o)
 .debug_aranges
                0x00000558       0x80 .\CortexM3\ARM_GCC_493\Debug\Accoder_MIDI.a(USB_std.o)
 .debug_aranges
                0x000005d8       0x20 .\CortexM3\ARM_GCC_493\Debug\Accoder_MIDI.a(USB_vnd.o)
 .debug_aranges
                0x000005f8       0x78 .\CortexM3\ARM_GCC_493\Debug\Accoder_MIDI.a(USB_midi.o)
 .debug_aranges
                0x00000670       0x80 .\CortexM3\ARM_GCC_493\Debug\Accoder_MIDI.a(Sleep_isr.o)
 .debug_aranges
                0x000006f0       0x48 .\CortexM3\ARM_GCC_493\Debug\Accoder_MIDI.a(USB_Dp.o)
 .debug_aranges
                0x00000738      0x2a0 .\CortexM3\ARM_GCC_493\Debug\Accoder_MIDI.a(CyLib.o)
 .debug_aranges
                0x000009d8       0x98 .\CortexM3\ARM_GCC_493\Debug\Accoder_MIDI.a(cyPm.o)
 .debug_aranges
                0x00000a70       0x28 .\CortexM3\ARM_GCC_493\Debug\Accoder_MIDI.a(Keys_Notes_1.o)
 .debug_aranges
                0x00000a98       0x28 .\CortexM3\ARM_GCC_493\Debug\Accoder_MIDI.a(Keys_Notes_2.o)
 .debug_aranges
                0x00000ac0       0x28 .\CortexM3\ARM_GCC_493\Debug\Accoder_MIDI.a(Keys_Notes_3.o)
 .debug_aranges
                0x00000ae8       0x28 .\CortexM3\ARM_GCC_493\Debug\Accoder_MIDI.a(Keys_Notes_4.o)
 .debug_aranges
                0x00000b10       0x28 .\CortexM3\ARM_GCC_493\Debug\Accoder_MIDI.a(Keys_Notes_5.o)
 .debug_aranges
                0x00000b38       0x28 .\CortexM3\ARM_GCC_493\Debug\Accoder_MIDI.a(Keys_Notes_6.o)
 .debug_aranges
                0x00000b60       0x28 .\CortexM3\ARM_GCC_493\Debug\Accoder_MIDI.a(Chords_Notes.o)
 .debug_aranges
                0x00000b88       0x28 .\CortexM3\ARM_GCC_493\Debug\Accoder_MIDI.a(Chords_Bass_Notes.o)
 .debug_aranges
                0x00000bb0       0x28 .\CortexM3\ARM_GCC_493\Debug\Accoder_MIDI.a(Bass_Notes.o)
 .debug_aranges
                0x00000bd8       0x28 .\CortexM3\ARM_GCC_493\Debug\Accoder_MIDI.a(Tabs_1.o)
 .debug_aranges
                0x00000c00       0x28 .\CortexM3\ARM_GCC_493\Debug\Accoder_MIDI.a(Tabs_2.o)
 .debug_aranges
                0x00000c28       0x28 .\CortexM3\ARM_GCC_493\Debug\Accoder_MIDI.a(Tabs_3.o)
 .debug_aranges
                0x00000c50       0x28 .\CortexM3\ARM_GCC_493\Debug\Accoder_MIDI.a(Tabs_4.o)
 .debug_aranges
                0x00000c78       0x20 .\CortexM3\ARM_GCC_493\Debug\Accoder_MIDI.a(CyBootAsmGnu.o)
 .debug_aranges
                0x00000c98       0xf0 .\CortexM3\ARM_GCC_493\Debug\Accoder_MIDI.a(MIDI1_UART.o)
 .debug_aranges
                0x00000d88       0x28 .\CortexM3\ARM_GCC_493\Debug\Accoder_MIDI.a(MIDI1_UART_INT.o)
 .debug_aranges
                0x00000db0       0xf0 .\CortexM3\ARM_GCC_493\Debug\Accoder_MIDI.a(MIDI2_UART.o)
 .debug_aranges
                0x00000ea0       0x28 .\CortexM3\ARM_GCC_493\Debug\Accoder_MIDI.a(MIDI2_UART_INT.o)
 .debug_aranges
                0x00000ec8       0x20 .\CortexM3\ARM_GCC_493\Debug\Accoder_MIDI.a(USB_cls.o)
 .debug_aranges
                0x00000ee8       0x18 .\CortexM3\ARM_GCC_493\Debug\Accoder_MIDI.a(USB_descr.o)
 .debug_aranges
                0x00000f00       0x80 .\CortexM3\ARM_GCC_493\Debug\Accoder_MIDI.a(CyFlash.o)
 .debug_aranges
                0x00000f80       0x78 .\CortexM3\ARM_GCC_493\Debug\Accoder_MIDI.a(CySpc.o)
 .debug_aranges
                0x00000ff8       0x20 .\CortexM3\ARM_GCC_493\Debug\Accoder_MIDI.a(USB_audio.o)

.debug_pubnames
 *(.debug_pubnames)

.debug_info     0x00000000     0x7741
 *(.debug_info .gnu.linkonce.wi.*)
 .debug_info    0x00000000      0x265 .\CortexM3\ARM_GCC_493\Debug\main.o
 .debug_info    0x00000265      0x13f .\CortexM3\ARM_GCC_493\Debug\cymetadata.o
 .debug_info    0x000003a4      0x319 .\CortexM3\ARM_GCC_493\Debug\Cm3Start.o
 .debug_info    0x000006bd      0x44b .\CortexM3\ARM_GCC_493\Debug\Accoder_MIDI.a(cyfitter_cfg.o)
 .debug_info    0x00000b08      0x11e .\CortexM3\ARM_GCC_493\Debug\Accoder_MIDI.a(SW2.o)
 .debug_info    0x00000c26      0x1a4 .\CortexM3\ARM_GCC_493\Debug\Accoder_MIDI.a(SleepTimer.o)
 .debug_info    0x00000dca      0x11e .\CortexM3\ARM_GCC_493\Debug\Accoder_MIDI.a(SW1.o)
 .debug_info    0x00000ee8      0x11e .\CortexM3\ARM_GCC_493\Debug\Accoder_MIDI.a(MIDI_PWR.o)
 .debug_info    0x00001006      0x11e .\CortexM3\ARM_GCC_493\Debug\Accoder_MIDI.a(LED_OutB.o)
 .debug_info    0x00001124      0x11e .\CortexM3\ARM_GCC_493\Debug\Accoder_MIDI.a(LED_InB.o)
 .debug_info    0x00001242      0x11e .\CortexM3\ARM_GCC_493\Debug\Accoder_MIDI.a(LED_OutA.o)
 .debug_info    0x00001360      0x11e .\CortexM3\ARM_GCC_493\Debug\Accoder_MIDI.a(LED_InA.o)
 .debug_info    0x0000147e      0x11e .\CortexM3\ARM_GCC_493\Debug\Accoder_MIDI.a(MIDI1_UART_PM.o)
 .debug_info    0x0000159c      0x11e .\CortexM3\ARM_GCC_493\Debug\Accoder_MIDI.a(MIDI2_UART_PM.o)
 .debug_info    0x000016ba      0x70b .\CortexM3\ARM_GCC_493\Debug\Accoder_MIDI.a(USB.o)
 .debug_info    0x00001dc5      0x521 .\CortexM3\ARM_GCC_493\Debug\Accoder_MIDI.a(USB_drv.o)
 .debug_info    0x000022e6      0x21e .\CortexM3\ARM_GCC_493\Debug\Accoder_MIDI.a(USB_episr.o)
 .debug_info    0x00002504      0x186 .\CortexM3\ARM_GCC_493\Debug\Accoder_MIDI.a(USB_pm.o)
 .debug_info    0x0000268a      0x94d .\CortexM3\ARM_GCC_493\Debug\Accoder_MIDI.a(USB_std.o)
 .debug_info    0x00002fd7      0x19d .\CortexM3\ARM_GCC_493\Debug\Accoder_MIDI.a(USB_vnd.o)
 .debug_info    0x00003174      0x645 .\CortexM3\ARM_GCC_493\Debug\Accoder_MIDI.a(USB_midi.o)
 .debug_info    0x000037b9      0x23a .\CortexM3\ARM_GCC_493\Debug\Accoder_MIDI.a(Sleep_isr.o)
 .debug_info    0x000039f3      0x171 .\CortexM3\ARM_GCC_493\Debug\Accoder_MIDI.a(USB_Dp.o)
 .debug_info    0x00003b64      0xe4a .\CortexM3\ARM_GCC_493\Debug\Accoder_MIDI.a(CyLib.o)
 .debug_info    0x000049ae      0x561 .\CortexM3\ARM_GCC_493\Debug\Accoder_MIDI.a(cyPm.o)
 .debug_info    0x00004f0f       0xd7 .\CortexM3\ARM_GCC_493\Debug\Accoder_MIDI.a(Keys_Notes_1.o)
 .debug_info    0x00004fe6       0xd7 .\CortexM3\ARM_GCC_493\Debug\Accoder_MIDI.a(Keys_Notes_2.o)
 .debug_info    0x000050bd       0xd7 .\CortexM3\ARM_GCC_493\Debug\Accoder_MIDI.a(Keys_Notes_3.o)
 .debug_info    0x00005194       0xd7 .\CortexM3\ARM_GCC_493\Debug\Accoder_MIDI.a(Keys_Notes_4.o)
 .debug_info    0x0000526b       0xd7 .\CortexM3\ARM_GCC_493\Debug\Accoder_MIDI.a(Keys_Notes_5.o)
 .debug_info    0x00005342       0xd7 .\CortexM3\ARM_GCC_493\Debug\Accoder_MIDI.a(Keys_Notes_6.o)
 .debug_info    0x00005419       0xd7 .\CortexM3\ARM_GCC_493\Debug\Accoder_MIDI.a(Chords_Notes.o)
 .debug_info    0x000054f0       0xd7 .\CortexM3\ARM_GCC_493\Debug\Accoder_MIDI.a(Chords_Bass_Notes.o)
 .debug_info    0x000055c7       0xd7 .\CortexM3\ARM_GCC_493\Debug\Accoder_MIDI.a(Bass_Notes.o)
 .debug_info    0x0000569e       0xd7 .\CortexM3\ARM_GCC_493\Debug\Accoder_MIDI.a(Tabs_1.o)
 .debug_info    0x00005775       0xd7 .\CortexM3\ARM_GCC_493\Debug\Accoder_MIDI.a(Tabs_2.o)
 .debug_info    0x0000584c       0xd7 .\CortexM3\ARM_GCC_493\Debug\Accoder_MIDI.a(Tabs_3.o)
 .debug_info    0x00005923       0xd7 .\CortexM3\ARM_GCC_493\Debug\Accoder_MIDI.a(Tabs_4.o)
 .debug_info    0x000059fa       0x8d .\CortexM3\ARM_GCC_493\Debug\Accoder_MIDI.a(CyBootAsmGnu.o)
 .debug_info    0x00005a87      0x641 .\CortexM3\ARM_GCC_493\Debug\Accoder_MIDI.a(MIDI1_UART.o)
 .debug_info    0x000060c8      0x17c .\CortexM3\ARM_GCC_493\Debug\Accoder_MIDI.a(MIDI1_UART_INT.o)
 .debug_info    0x00006244      0x641 .\CortexM3\ARM_GCC_493\Debug\Accoder_MIDI.a(MIDI2_UART.o)
 .debug_info    0x00006885      0x17c .\CortexM3\ARM_GCC_493\Debug\Accoder_MIDI.a(MIDI2_UART_INT.o)
 .debug_info    0x00006a01      0x1bc .\CortexM3\ARM_GCC_493\Debug\Accoder_MIDI.a(USB_cls.o)
 .debug_info    0x00006bbd      0x2d1 .\CortexM3\ARM_GCC_493\Debug\Accoder_MIDI.a(USB_descr.o)
 .debug_info    0x00006e8e      0x36a .\CortexM3\ARM_GCC_493\Debug\Accoder_MIDI.a(CyFlash.o)
 .debug_info    0x000071f8      0x453 .\CortexM3\ARM_GCC_493\Debug\Accoder_MIDI.a(CySpc.o)
 .debug_info    0x0000764b       0xf6 .\CortexM3\ARM_GCC_493\Debug\Accoder_MIDI.a(USB_audio.o)

.debug_abbrev   0x00000000     0x2967
 *(.debug_abbrev)
 .debug_abbrev  0x00000000      0x13a .\CortexM3\ARM_GCC_493\Debug\main.o
 .debug_abbrev  0x0000013a       0x77 .\CortexM3\ARM_GCC_493\Debug\cymetadata.o
 .debug_abbrev  0x000001b1      0x1b6 .\CortexM3\ARM_GCC_493\Debug\Cm3Start.o
 .debug_abbrev  0x00000367      0x1b7 .\CortexM3\ARM_GCC_493\Debug\Accoder_MIDI.a(cyfitter_cfg.o)
 .debug_abbrev  0x0000051e       0x90 .\CortexM3\ARM_GCC_493\Debug\Accoder_MIDI.a(SW2.o)
 .debug_abbrev  0x000005ae       0xd3 .\CortexM3\ARM_GCC_493\Debug\Accoder_MIDI.a(SleepTimer.o)
 .debug_abbrev  0x00000681       0x90 .\CortexM3\ARM_GCC_493\Debug\Accoder_MIDI.a(SW1.o)
 .debug_abbrev  0x00000711       0x90 .\CortexM3\ARM_GCC_493\Debug\Accoder_MIDI.a(MIDI_PWR.o)
 .debug_abbrev  0x000007a1       0x90 .\CortexM3\ARM_GCC_493\Debug\Accoder_MIDI.a(LED_OutB.o)
 .debug_abbrev  0x00000831       0x90 .\CortexM3\ARM_GCC_493\Debug\Accoder_MIDI.a(LED_InB.o)
 .debug_abbrev  0x000008c1       0x90 .\CortexM3\ARM_GCC_493\Debug\Accoder_MIDI.a(LED_OutA.o)
 .debug_abbrev  0x00000951       0x90 .\CortexM3\ARM_GCC_493\Debug\Accoder_MIDI.a(LED_InA.o)
 .debug_abbrev  0x000009e1       0xa8 .\CortexM3\ARM_GCC_493\Debug\Accoder_MIDI.a(MIDI1_UART_PM.o)
 .debug_abbrev  0x00000a89       0xa8 .\CortexM3\ARM_GCC_493\Debug\Accoder_MIDI.a(MIDI2_UART_PM.o)
 .debug_abbrev  0x00000b31      0x1f3 .\CortexM3\ARM_GCC_493\Debug\Accoder_MIDI.a(USB.o)
 .debug_abbrev  0x00000d24      0x161 .\CortexM3\ARM_GCC_493\Debug\Accoder_MIDI.a(USB_drv.o)
 .debug_abbrev  0x00000e85       0xfd .\CortexM3\ARM_GCC_493\Debug\Accoder_MIDI.a(USB_episr.o)
 .debug_abbrev  0x00000f82       0xd1 .\CortexM3\ARM_GCC_493\Debug\Accoder_MIDI.a(USB_pm.o)
 .debug_abbrev  0x00001053      0x1b9 .\CortexM3\ARM_GCC_493\Debug\Accoder_MIDI.a(USB_std.o)
 .debug_abbrev  0x0000120c       0xc5 .\CortexM3\ARM_GCC_493\Debug\Accoder_MIDI.a(USB_vnd.o)
 .debug_abbrev  0x000012d1      0x1bd .\CortexM3\ARM_GCC_493\Debug\Accoder_MIDI.a(USB_midi.o)
 .debug_abbrev  0x0000148e      0x172 .\CortexM3\ARM_GCC_493\Debug\Accoder_MIDI.a(Sleep_isr.o)
 .debug_abbrev  0x00001600       0x90 .\CortexM3\ARM_GCC_493\Debug\Accoder_MIDI.a(USB_Dp.o)
 .debug_abbrev  0x00001690      0x217 .\CortexM3\ARM_GCC_493\Debug\Accoder_MIDI.a(CyLib.o)
 .debug_abbrev  0x000018a7      0x161 .\CortexM3\ARM_GCC_493\Debug\Accoder_MIDI.a(cyPm.o)
 .debug_abbrev  0x00001a08       0x81 .\CortexM3\ARM_GCC_493\Debug\Accoder_MIDI.a(Keys_Notes_1.o)
 .debug_abbrev  0x00001a89       0x81 .\CortexM3\ARM_GCC_493\Debug\Accoder_MIDI.a(Keys_Notes_2.o)
 .debug_abbrev  0x00001b0a       0x81 .\CortexM3\ARM_GCC_493\Debug\Accoder_MIDI.a(Keys_Notes_3.o)
 .debug_abbrev  0x00001b8b       0x81 .\CortexM3\ARM_GCC_493\Debug\Accoder_MIDI.a(Keys_Notes_4.o)
 .debug_abbrev  0x00001c0c       0x81 .\CortexM3\ARM_GCC_493\Debug\Accoder_MIDI.a(Keys_Notes_5.o)
 .debug_abbrev  0x00001c8d       0x81 .\CortexM3\ARM_GCC_493\Debug\Accoder_MIDI.a(Keys_Notes_6.o)
 .debug_abbrev  0x00001d0e       0x81 .\CortexM3\ARM_GCC_493\Debug\Accoder_MIDI.a(Chords_Notes.o)
 .debug_abbrev  0x00001d8f       0x81 .\CortexM3\ARM_GCC_493\Debug\Accoder_MIDI.a(Chords_Bass_Notes.o)
 .debug_abbrev  0x00001e10       0x81 .\CortexM3\ARM_GCC_493\Debug\Accoder_MIDI.a(Bass_Notes.o)
 .debug_abbrev  0x00001e91       0x81 .\CortexM3\ARM_GCC_493\Debug\Accoder_MIDI.a(Tabs_1.o)
 .debug_abbrev  0x00001f12       0x81 .\CortexM3\ARM_GCC_493\Debug\Accoder_MIDI.a(Tabs_2.o)
 .debug_abbrev  0x00001f93       0x81 .\CortexM3\ARM_GCC_493\Debug\Accoder_MIDI.a(Tabs_3.o)
 .debug_abbrev  0x00002014       0x81 .\CortexM3\ARM_GCC_493\Debug\Accoder_MIDI.a(Tabs_4.o)
 .debug_abbrev  0x00002095       0x14 .\CortexM3\ARM_GCC_493\Debug\Accoder_MIDI.a(CyBootAsmGnu.o)
 .debug_abbrev  0x000020a9      0x15f .\CortexM3\ARM_GCC_493\Debug\Accoder_MIDI.a(MIDI1_UART.o)
 .debug_abbrev  0x00002208       0xa2 .\CortexM3\ARM_GCC_493\Debug\Accoder_MIDI.a(MIDI1_UART_INT.o)
 .debug_abbrev  0x000022aa      0x15f .\CortexM3\ARM_GCC_493\Debug\Accoder_MIDI.a(MIDI2_UART.o)
 .debug_abbrev  0x00002409       0xa2 .\CortexM3\ARM_GCC_493\Debug\Accoder_MIDI.a(MIDI2_UART_INT.o)
 .debug_abbrev  0x000024ab       0xc5 .\CortexM3\ARM_GCC_493\Debug\Accoder_MIDI.a(USB_cls.o)
 .debug_abbrev  0x00002570       0xb4 .\CortexM3\ARM_GCC_493\Debug\Accoder_MIDI.a(USB_descr.o)
 .debug_abbrev  0x00002624      0x13c .\CortexM3\ARM_GCC_493\Debug\Accoder_MIDI.a(CyFlash.o)
 .debug_abbrev  0x00002760      0x16c .\CortexM3\ARM_GCC_493\Debug\Accoder_MIDI.a(CySpc.o)
 .debug_abbrev  0x000028cc       0x9b .\CortexM3\ARM_GCC_493\Debug\Accoder_MIDI.a(USB_audio.o)

.debug_line     0x00000000     0x3e5c
 *(.debug_line)
 .debug_line    0x00000000      0x2d6 .\CortexM3\ARM_GCC_493\Debug\main.o
 .debug_line    0x000002d6       0x51 .\CortexM3\ARM_GCC_493\Debug\cymetadata.o
 .debug_line    0x00000327      0x1dc .\CortexM3\ARM_GCC_493\Debug\Cm3Start.o
 .debug_line    0x00000503      0x219 .\CortexM3\ARM_GCC_493\Debug\Accoder_MIDI.a(cyfitter_cfg.o)
 .debug_line    0x0000071c       0x92 .\CortexM3\ARM_GCC_493\Debug\Accoder_MIDI.a(SW2.o)
 .debug_line    0x000007ae       0xf6 .\CortexM3\ARM_GCC_493\Debug\Accoder_MIDI.a(SleepTimer.o)
 .debug_line    0x000008a4       0x92 .\CortexM3\ARM_GCC_493\Debug\Accoder_MIDI.a(SW1.o)
 .debug_line    0x00000936       0x97 .\CortexM3\ARM_GCC_493\Debug\Accoder_MIDI.a(MIDI_PWR.o)
 .debug_line    0x000009cd       0x97 .\CortexM3\ARM_GCC_493\Debug\Accoder_MIDI.a(LED_OutB.o)
 .debug_line    0x00000a64       0x96 .\CortexM3\ARM_GCC_493\Debug\Accoder_MIDI.a(LED_InB.o)
 .debug_line    0x00000afa       0x97 .\CortexM3\ARM_GCC_493\Debug\Accoder_MIDI.a(LED_OutA.o)
 .debug_line    0x00000b91       0x96 .\CortexM3\ARM_GCC_493\Debug\Accoder_MIDI.a(LED_InA.o)
 .debug_line    0x00000c27       0xb3 .\CortexM3\ARM_GCC_493\Debug\Accoder_MIDI.a(MIDI1_UART_PM.o)
 .debug_line    0x00000cda       0xb3 .\CortexM3\ARM_GCC_493\Debug\Accoder_MIDI.a(MIDI2_UART_PM.o)
 .debug_line    0x00000d8d      0x2f6 .\CortexM3\ARM_GCC_493\Debug\Accoder_MIDI.a(USB.o)
 .debug_line    0x00001083      0x212 .\CortexM3\ARM_GCC_493\Debug\Accoder_MIDI.a(USB_drv.o)
 .debug_line    0x00001295       0xc8 .\CortexM3\ARM_GCC_493\Debug\Accoder_MIDI.a(USB_episr.o)
 .debug_line    0x0000135d       0xde .\CortexM3\ARM_GCC_493\Debug\Accoder_MIDI.a(USB_pm.o)
 .debug_line    0x0000143b      0x46b .\CortexM3\ARM_GCC_493\Debug\Accoder_MIDI.a(USB_std.o)
 .debug_line    0x000018a6       0x83 .\CortexM3\ARM_GCC_493\Debug\Accoder_MIDI.a(USB_vnd.o)
 .debug_line    0x00001929      0x36f .\CortexM3\ARM_GCC_493\Debug\Accoder_MIDI.a(USB_midi.o)
 .debug_line    0x00001c98      0x144 .\CortexM3\ARM_GCC_493\Debug\Accoder_MIDI.a(Sleep_isr.o)
 .debug_line    0x00001ddc       0xba .\CortexM3\ARM_GCC_493\Debug\Accoder_MIDI.a(USB_Dp.o)
 .debug_line    0x00001e96      0x882 .\CortexM3\ARM_GCC_493\Debug\Accoder_MIDI.a(CyLib.o)
 .debug_line    0x00002718      0x37f .\CortexM3\ARM_GCC_493\Debug\Accoder_MIDI.a(cyPm.o)
 .debug_line    0x00002a97       0x75 .\CortexM3\ARM_GCC_493\Debug\Accoder_MIDI.a(Keys_Notes_1.o)
 .debug_line    0x00002b0c       0x75 .\CortexM3\ARM_GCC_493\Debug\Accoder_MIDI.a(Keys_Notes_2.o)
 .debug_line    0x00002b81       0x75 .\CortexM3\ARM_GCC_493\Debug\Accoder_MIDI.a(Keys_Notes_3.o)
 .debug_line    0x00002bf6       0x75 .\CortexM3\ARM_GCC_493\Debug\Accoder_MIDI.a(Keys_Notes_4.o)
 .debug_line    0x00002c6b       0x75 .\CortexM3\ARM_GCC_493\Debug\Accoder_MIDI.a(Keys_Notes_5.o)
 .debug_line    0x00002ce0       0x75 .\CortexM3\ARM_GCC_493\Debug\Accoder_MIDI.a(Keys_Notes_6.o)
 .debug_line    0x00002d55       0x75 .\CortexM3\ARM_GCC_493\Debug\Accoder_MIDI.a(Chords_Notes.o)
 .debug_line    0x00002dca       0x7a .\CortexM3\ARM_GCC_493\Debug\Accoder_MIDI.a(Chords_Bass_Notes.o)
 .debug_line    0x00002e44       0x73 .\CortexM3\ARM_GCC_493\Debug\Accoder_MIDI.a(Bass_Notes.o)
 .debug_line    0x00002eb7       0x6f .\CortexM3\ARM_GCC_493\Debug\Accoder_MIDI.a(Tabs_1.o)
 .debug_line    0x00002f26       0x6f .\CortexM3\ARM_GCC_493\Debug\Accoder_MIDI.a(Tabs_2.o)
 .debug_line    0x00002f95       0x6f .\CortexM3\ARM_GCC_493\Debug\Accoder_MIDI.a(Tabs_3.o)
 .debug_line    0x00003004       0x6f .\CortexM3\ARM_GCC_493\Debug\Accoder_MIDI.a(Tabs_4.o)
 .debug_line    0x00003073       0x66 .\CortexM3\ARM_GCC_493\Debug\Accoder_MIDI.a(CyBootAsmGnu.o)
 .debug_line    0x000030d9      0x345 .\CortexM3\ARM_GCC_493\Debug\Accoder_MIDI.a(MIDI1_UART.o)
 .debug_line    0x0000341e       0xb9 .\CortexM3\ARM_GCC_493\Debug\Accoder_MIDI.a(MIDI1_UART_INT.o)
 .debug_line    0x000034d7      0x345 .\CortexM3\ARM_GCC_493\Debug\Accoder_MIDI.a(MIDI2_UART.o)
 .debug_line    0x0000381c       0xb9 .\CortexM3\ARM_GCC_493\Debug\Accoder_MIDI.a(MIDI2_UART_INT.o)
 .debug_line    0x000038d5       0x89 .\CortexM3\ARM_GCC_493\Debug\Accoder_MIDI.a(USB_cls.o)
 .debug_line    0x0000395e       0x59 .\CortexM3\ARM_GCC_493\Debug\Accoder_MIDI.a(USB_descr.o)
 .debug_line    0x000039b7      0x205 .\CortexM3\ARM_GCC_493\Debug\Accoder_MIDI.a(CyFlash.o)
 .debug_line    0x00003bbc      0x215 .\CortexM3\ARM_GCC_493\Debug\Accoder_MIDI.a(CySpc.o)
 .debug_line    0x00003dd1       0x8b .\CortexM3\ARM_GCC_493\Debug\Accoder_MIDI.a(USB_audio.o)

.debug_frame    0x00000000     0x39cc
 *(.debug_frame)
 .debug_frame   0x00000000      0x164 .\CortexM3\ARM_GCC_493\Debug\main.o
 .debug_frame   0x00000164       0xd8 .\CortexM3\ARM_GCC_493\Debug\Cm3Start.o
 .debug_frame   0x0000023c      0x16c .\CortexM3\ARM_GCC_493\Debug\Accoder_MIDI.a(cyfitter_cfg.o)
 .debug_frame   0x000003a8       0xa8 .\CortexM3\ARM_GCC_493\Debug\Accoder_MIDI.a(SW2.o)
 .debug_frame   0x00000450      0x12c .\CortexM3\ARM_GCC_493\Debug\Accoder_MIDI.a(SleepTimer.o)
 .debug_frame   0x0000057c       0xa8 .\CortexM3\ARM_GCC_493\Debug\Accoder_MIDI.a(SW1.o)
 .debug_frame   0x00000624       0xa8 .\CortexM3\ARM_GCC_493\Debug\Accoder_MIDI.a(MIDI_PWR.o)
 .debug_frame   0x000006cc       0xa8 .\CortexM3\ARM_GCC_493\Debug\Accoder_MIDI.a(LED_OutB.o)
 .debug_frame   0x00000774       0xa8 .\CortexM3\ARM_GCC_493\Debug\Accoder_MIDI.a(LED_InB.o)
 .debug_frame   0x0000081c       0xa8 .\CortexM3\ARM_GCC_493\Debug\Accoder_MIDI.a(LED_OutA.o)
 .debug_frame   0x000008c4       0xa8 .\CortexM3\ARM_GCC_493\Debug\Accoder_MIDI.a(LED_InA.o)
 .debug_frame   0x0000096c       0x90 .\CortexM3\ARM_GCC_493\Debug\Accoder_MIDI.a(MIDI1_UART_PM.o)
 .debug_frame   0x000009fc       0x90 .\CortexM3\ARM_GCC_493\Debug\Accoder_MIDI.a(MIDI2_UART_PM.o)
 .debug_frame   0x00000a8c      0x37c .\CortexM3\ARM_GCC_493\Debug\Accoder_MIDI.a(USB.o)
 .debug_frame   0x00000e08      0x23c .\CortexM3\ARM_GCC_493\Debug\Accoder_MIDI.a(USB_drv.o)
 .debug_frame   0x00001044       0x98 .\CortexM3\ARM_GCC_493\Debug\Accoder_MIDI.a(USB_episr.o)
 .debug_frame   0x000010dc       0xbc .\CortexM3\ARM_GCC_493\Debug\Accoder_MIDI.a(USB_pm.o)
 .debug_frame   0x00001198      0x224 .\CortexM3\ARM_GCC_493\Debug\Accoder_MIDI.a(USB_std.o)
 .debug_frame   0x000013bc       0x38 .\CortexM3\ARM_GCC_493\Debug\Accoder_MIDI.a(USB_vnd.o)
 .debug_frame   0x000013f4      0x1d4 .\CortexM3\ARM_GCC_493\Debug\Accoder_MIDI.a(USB_midi.o)
 .debug_frame   0x000015c8      0x1e8 .\CortexM3\ARM_GCC_493\Debug\Accoder_MIDI.a(Sleep_isr.o)
 .debug_frame   0x000017b0       0xf4 .\CortexM3\ARM_GCC_493\Debug\Accoder_MIDI.a(USB_Dp.o)
 .debug_frame   0x000018a4      0xc0c .\CortexM3\ARM_GCC_493\Debug\Accoder_MIDI.a(CyLib.o)
 .debug_frame   0x000024b0      0x234 .\CortexM3\ARM_GCC_493\Debug\Accoder_MIDI.a(cyPm.o)
 .debug_frame   0x000026e4       0x5c .\CortexM3\ARM_GCC_493\Debug\Accoder_MIDI.a(Keys_Notes_1.o)
 .debug_frame   0x00002740       0x5c .\CortexM3\ARM_GCC_493\Debug\Accoder_MIDI.a(Keys_Notes_2.o)
 .debug_frame   0x0000279c       0x5c .\CortexM3\ARM_GCC_493\Debug\Accoder_MIDI.a(Keys_Notes_3.o)
 .debug_frame   0x000027f8       0x5c .\CortexM3\ARM_GCC_493\Debug\Accoder_MIDI.a(Keys_Notes_4.o)
 .debug_frame   0x00002854       0x5c .\CortexM3\ARM_GCC_493\Debug\Accoder_MIDI.a(Keys_Notes_5.o)
 .debug_frame   0x000028b0       0x5c .\CortexM3\ARM_GCC_493\Debug\Accoder_MIDI.a(Keys_Notes_6.o)
 .debug_frame   0x0000290c       0x5c .\CortexM3\ARM_GCC_493\Debug\Accoder_MIDI.a(Chords_Notes.o)
 .debug_frame   0x00002968       0x5c .\CortexM3\ARM_GCC_493\Debug\Accoder_MIDI.a(Chords_Bass_Notes.o)
 .debug_frame   0x000029c4       0x5c .\CortexM3\ARM_GCC_493\Debug\Accoder_MIDI.a(Bass_Notes.o)
 .debug_frame   0x00002a20       0x5c .\CortexM3\ARM_GCC_493\Debug\Accoder_MIDI.a(Tabs_1.o)
 .debug_frame   0x00002a7c       0x5c .\CortexM3\ARM_GCC_493\Debug\Accoder_MIDI.a(Tabs_2.o)
 .debug_frame   0x00002ad8       0x5c .\CortexM3\ARM_GCC_493\Debug\Accoder_MIDI.a(Tabs_3.o)
 .debug_frame   0x00002b34       0x5c .\CortexM3\ARM_GCC_493\Debug\Accoder_MIDI.a(Tabs_4.o)
 .debug_frame   0x00002b90      0x428 .\CortexM3\ARM_GCC_493\Debug\Accoder_MIDI.a(MIDI1_UART.o)
 .debug_frame   0x00002fb8       0x5c .\CortexM3\ARM_GCC_493\Debug\Accoder_MIDI.a(MIDI1_UART_INT.o)
 .debug_frame   0x00003014      0x428 .\CortexM3\ARM_GCC_493\Debug\Accoder_MIDI.a(MIDI2_UART.o)
 .debug_frame   0x0000343c       0x5c .\CortexM3\ARM_GCC_493\Debug\Accoder_MIDI.a(MIDI2_UART_INT.o)
 .debug_frame   0x00003498       0x38 .\CortexM3\ARM_GCC_493\Debug\Accoder_MIDI.a(USB_cls.o)
 .debug_frame   0x000034d0      0x210 .\CortexM3\ARM_GCC_493\Debug\Accoder_MIDI.a(CyFlash.o)
 .debug_frame   0x000036e0      0x1f8 .\CortexM3\ARM_GCC_493\Debug\Accoder_MIDI.a(CySpc.o)
 .debug_frame   0x000038d8       0x38 .\CortexM3\ARM_GCC_493\Debug\Accoder_MIDI.a(USB_audio.o)
 .debug_frame   0x00003910       0x20 c:/program files (x86)/cypress/psoc creator/4.0/psoc creator/import/gnu/arm/4.9.3/bin/../lib/gcc/arm-none-eabi/4.9.3/../../../../arm-none-eabi/lib/armv7-m\libg_nano.a(lib_a-errno.o)
 .debug_frame   0x00003930       0x28 c:/program files (x86)/cypress/psoc creator/4.0/psoc creator/import/gnu/arm/4.9.3/bin/../lib/gcc/arm-none-eabi/4.9.3/../../../../arm-none-eabi/lib/armv7-m\libg_nano.a(lib_a-exit.o)
 .debug_frame   0x00003958       0x2c c:/program files (x86)/cypress/psoc creator/4.0/psoc creator/import/gnu/arm/4.9.3/bin/../lib/gcc/arm-none-eabi/4.9.3/../../../../arm-none-eabi/lib/armv7-m\libg_nano.a(lib_a-init.o)
 .debug_frame   0x00003984       0x28 c:/program files (x86)/cypress/psoc creator/4.0/psoc creator/import/gnu/arm/4.9.3/bin/../lib/gcc/arm-none-eabi/4.9.3/../../../../arm-none-eabi/lib/armv7-m\libg_nano.a(lib_a-memcpy.o)
 .debug_frame   0x000039ac       0x20 c:/program files (x86)/cypress/psoc creator/4.0/psoc creator/import/gnu/arm/4.9.3/bin/../lib/gcc/arm-none-eabi/4.9.3/../../../../arm-none-eabi/lib/armv7-m\libg_nano.a(lib_a-memset.o)

.debug_str      0x00000000     0x34f9
 *(.debug_str)
 .debug_str     0x00000000      0x32d .\CortexM3\ARM_GCC_493\Debug\main.o
                                0x36e (size before relaxing)
 .debug_str     0x0000032d       0xb4 .\CortexM3\ARM_GCC_493\Debug\cymetadata.o
                                0x1e7 (size before relaxing)
 .debug_str     0x000003e1      0x13c .\CortexM3\ARM_GCC_493\Debug\Cm3Start.o
                                0x2c8 (size before relaxing)
 .debug_str     0x0000051d      0x191 .\CortexM3\ARM_GCC_493\Debug\Accoder_MIDI.a(cyfitter_cfg.o)
                                0x329 (size before relaxing)
 .debug_str     0x000006ae       0x61 .\CortexM3\ARM_GCC_493\Debug\Accoder_MIDI.a(SW2.o)
                                0x1d5 (size before relaxing)
 .debug_str     0x0000070f       0xe9 .\CortexM3\ARM_GCC_493\Debug\Accoder_MIDI.a(SleepTimer.o)
                                0x260 (size before relaxing)
 .debug_str     0x000007f8       0x51 .\CortexM3\ARM_GCC_493\Debug\Accoder_MIDI.a(SW1.o)
                                0x1d5 (size before relaxing)
 .debug_str     0x00000849       0x6a .\CortexM3\ARM_GCC_493\Debug\Accoder_MIDI.a(MIDI_PWR.o)
                                0x1ee (size before relaxing)
 .debug_str     0x000008b3       0x6a .\CortexM3\ARM_GCC_493\Debug\Accoder_MIDI.a(LED_OutB.o)
                                0x1ee (size before relaxing)
 .debug_str     0x0000091d       0x65 .\CortexM3\ARM_GCC_493\Debug\Accoder_MIDI.a(LED_InB.o)
                                0x1e9 (size before relaxing)
 .debug_str     0x00000982       0x6a .\CortexM3\ARM_GCC_493\Debug\Accoder_MIDI.a(LED_OutA.o)
                                0x1ee (size before relaxing)
 .debug_str     0x000009ec       0x65 .\CortexM3\ARM_GCC_493\Debug\Accoder_MIDI.a(LED_InA.o)
                                0x1e9 (size before relaxing)
 .debug_str     0x00000a51       0xc9 .\CortexM3\ARM_GCC_493\Debug\Accoder_MIDI.a(MIDI1_UART_PM.o)
                                0x240 (size before relaxing)
 .debug_str     0x00000b1a       0xbd .\CortexM3\ARM_GCC_493\Debug\Accoder_MIDI.a(MIDI2_UART_PM.o)
                                0x240 (size before relaxing)
 .debug_str     0x00000bd7      0x393 .\CortexM3\ARM_GCC_493\Debug\Accoder_MIDI.a(USB.o)
                                0x540 (size before relaxing)
 .debug_str     0x00000f6a      0x29c .\CortexM3\ARM_GCC_493\Debug\Accoder_MIDI.a(USB_drv.o)
                                0x54f (size before relaxing)
 .debug_str     0x00001206       0x5b .\CortexM3\ARM_GCC_493\Debug\Accoder_MIDI.a(USB_episr.o)
                                0x283 (size before relaxing)
 .debug_str     0x00001261       0x80 .\CortexM3\ARM_GCC_493\Debug\Accoder_MIDI.a(USB_pm.o)
                                0x238 (size before relaxing)
 .debug_str     0x000012e1      0x2c7 .\CortexM3\ARM_GCC_493\Debug\Accoder_MIDI.a(USB_std.o)
                                0x6b7 (size before relaxing)
 .debug_str     0x000015a8       0x53 .\CortexM3\ARM_GCC_493\Debug\Accoder_MIDI.a(USB_vnd.o)
                                0x24c (size before relaxing)
 .debug_str     0x000015fb      0x303 .\CortexM3\ARM_GCC_493\Debug\Accoder_MIDI.a(USB_midi.o)
                                0x579 (size before relaxing)
 .debug_str     0x000018fe      0x136 .\CortexM3\ARM_GCC_493\Debug\Accoder_MIDI.a(Sleep_isr.o)
                                0x2cf (size before relaxing)
 .debug_str     0x00001a34       0x97 .\CortexM3\ARM_GCC_493\Debug\Accoder_MIDI.a(USB_Dp.o)
                                0x222 (size before relaxing)
 .debug_str     0x00001acb      0x7d7 .\CortexM3\ARM_GCC_493\Debug\Accoder_MIDI.a(CyLib.o)
                                0x9db (size before relaxing)
 .debug_str     0x000022a2      0x365 .\CortexM3\ARM_GCC_493\Debug\Accoder_MIDI.a(cyPm.o)
                                0x528 (size before relaxing)
 .debug_str     0x00002607       0x53 .\CortexM3\ARM_GCC_493\Debug\Accoder_MIDI.a(Keys_Notes_1.o)
                                0x1c1 (size before relaxing)
 .debug_str     0x0000265a       0x4b .\CortexM3\ARM_GCC_493\Debug\Accoder_MIDI.a(Keys_Notes_2.o)
                                0x1c1 (size before relaxing)
 .debug_str     0x000026a5       0x4b .\CortexM3\ARM_GCC_493\Debug\Accoder_MIDI.a(Keys_Notes_3.o)
                                0x1c1 (size before relaxing)
 .debug_str     0x000026f0       0x4b .\CortexM3\ARM_GCC_493\Debug\Accoder_MIDI.a(Keys_Notes_4.o)
                                0x1c1 (size before relaxing)
 .debug_str     0x0000273b       0x4b .\CortexM3\ARM_GCC_493\Debug\Accoder_MIDI.a(Keys_Notes_5.o)
                                0x1c1 (size before relaxing)
 .debug_str     0x00002786       0x4b .\CortexM3\ARM_GCC_493\Debug\Accoder_MIDI.a(Keys_Notes_6.o)
                                0x1c1 (size before relaxing)
 .debug_str     0x000027d1       0x4b .\CortexM3\ARM_GCC_493\Debug\Accoder_MIDI.a(Chords_Notes.o)
                                0x1c1 (size before relaxing)
 .debug_str     0x0000281c       0x5a .\CortexM3\ARM_GCC_493\Debug\Accoder_MIDI.a(Chords_Bass_Notes.o)
                                0x1d0 (size before relaxing)
 .debug_str     0x00002876       0x24 .\CortexM3\ARM_GCC_493\Debug\Accoder_MIDI.a(Bass_Notes.o)
                                0x1bb (size before relaxing)
 .debug_str     0x0000289a       0x39 .\CortexM3\ARM_GCC_493\Debug\Accoder_MIDI.a(Tabs_1.o)
                                0x1af (size before relaxing)
 .debug_str     0x000028d3       0x39 .\CortexM3\ARM_GCC_493\Debug\Accoder_MIDI.a(Tabs_2.o)
                                0x1af (size before relaxing)
 .debug_str     0x0000290c       0x39 .\CortexM3\ARM_GCC_493\Debug\Accoder_MIDI.a(Tabs_3.o)
                                0x1af (size before relaxing)
 .debug_str     0x00002945       0x39 .\CortexM3\ARM_GCC_493\Debug\Accoder_MIDI.a(Tabs_4.o)
                                0x1af (size before relaxing)
 .debug_str     0x0000297e      0x3d1 .\CortexM3\ARM_GCC_493\Debug\Accoder_MIDI.a(MIDI1_UART.o)
                                0x5f9 (size before relaxing)
 .debug_str     0x00002d4f       0x70 .\CortexM3\ARM_GCC_493\Debug\Accoder_MIDI.a(MIDI1_UART_INT.o)
                                0x2c2 (size before relaxing)
 .debug_str     0x00002dbf      0x326 .\CortexM3\ARM_GCC_493\Debug\Accoder_MIDI.a(MIDI2_UART.o)
                                0x5f9 (size before relaxing)
 .debug_str     0x000030e5       0x4a .\CortexM3\ARM_GCC_493\Debug\Accoder_MIDI.a(MIDI2_UART_INT.o)
                                0x2c2 (size before relaxing)
 .debug_str     0x0000312f       0x37 .\CortexM3\ARM_GCC_493\Debug\Accoder_MIDI.a(USB_cls.o)
                                0x268 (size before relaxing)
 .debug_str     0x00003166       0xe8 .\CortexM3\ARM_GCC_493\Debug\Accoder_MIDI.a(USB_descr.o)
                                0x347 (size before relaxing)
 .debug_str     0x0000324e      0x145 .\CortexM3\ARM_GCC_493\Debug\Accoder_MIDI.a(CyFlash.o)
                                0x2e7 (size before relaxing)
 .debug_str     0x00003393      0x11f .\CortexM3\ARM_GCC_493\Debug\Accoder_MIDI.a(CySpc.o)
                                0x2e4 (size before relaxing)
 .debug_str     0x000034b2       0x47 .\CortexM3\ARM_GCC_493\Debug\Accoder_MIDI.a(USB_audio.o)
                                0x1e3 (size before relaxing)

.debug_loc
 *(.debug_loc)

.debug_macinfo
 *(.debug_macinfo)

.debug_ranges   0x00000000      0xcf8
 *(.debug_ranges)
 .debug_ranges  0x00000000       0x60 .\CortexM3\ARM_GCC_493\Debug\main.o
 .debug_ranges  0x00000060       0x38 .\CortexM3\ARM_GCC_493\Debug\Cm3Start.o
 .debug_ranges  0x00000098       0x50 .\CortexM3\ARM_GCC_493\Debug\Accoder_MIDI.a(cyfitter_cfg.o)
 .debug_ranges  0x000000e8       0x28 .\CortexM3\ARM_GCC_493\Debug\Accoder_MIDI.a(SW2.o)
 .debug_ranges  0x00000110       0x48 .\CortexM3\ARM_GCC_493\Debug\Accoder_MIDI.a(SleepTimer.o)
 .debug_ranges  0x00000158       0x28 .\CortexM3\ARM_GCC_493\Debug\Accoder_MIDI.a(SW1.o)
 .debug_ranges  0x00000180       0x28 .\CortexM3\ARM_GCC_493\Debug\Accoder_MIDI.a(MIDI_PWR.o)
 .debug_ranges  0x000001a8       0x28 .\CortexM3\ARM_GCC_493\Debug\Accoder_MIDI.a(LED_OutB.o)
 .debug_ranges  0x000001d0       0x28 .\CortexM3\ARM_GCC_493\Debug\Accoder_MIDI.a(LED_InB.o)
 .debug_ranges  0x000001f8       0x28 .\CortexM3\ARM_GCC_493\Debug\Accoder_MIDI.a(LED_OutA.o)
 .debug_ranges  0x00000220       0x28 .\CortexM3\ARM_GCC_493\Debug\Accoder_MIDI.a(LED_InA.o)
 .debug_ranges  0x00000248       0x28 .\CortexM3\ARM_GCC_493\Debug\Accoder_MIDI.a(MIDI1_UART_PM.o)
 .debug_ranges  0x00000270       0x28 .\CortexM3\ARM_GCC_493\Debug\Accoder_MIDI.a(MIDI2_UART_PM.o)
 .debug_ranges  0x00000298       0xb8 .\CortexM3\ARM_GCC_493\Debug\Accoder_MIDI.a(USB.o)
 .debug_ranges  0x00000350       0x88 .\CortexM3\ARM_GCC_493\Debug\Accoder_MIDI.a(USB_drv.o)
 .debug_ranges  0x000003d8       0x28 .\CortexM3\ARM_GCC_493\Debug\Accoder_MIDI.a(USB_episr.o)
 .debug_ranges  0x00000400       0x30 .\CortexM3\ARM_GCC_493\Debug\Accoder_MIDI.a(USB_pm.o)
 .debug_ranges  0x00000430       0x70 .\CortexM3\ARM_GCC_493\Debug\Accoder_MIDI.a(USB_std.o)
 .debug_ranges  0x000004a0       0x10 .\CortexM3\ARM_GCC_493\Debug\Accoder_MIDI.a(USB_vnd.o)
 .debug_ranges  0x000004b0       0x68 .\CortexM3\ARM_GCC_493\Debug\Accoder_MIDI.a(USB_midi.o)
 .debug_ranges  0x00000518       0x70 .\CortexM3\ARM_GCC_493\Debug\Accoder_MIDI.a(Sleep_isr.o)
 .debug_ranges  0x00000588       0x38 .\CortexM3\ARM_GCC_493\Debug\Accoder_MIDI.a(USB_Dp.o)
 .debug_ranges  0x000005c0      0x290 .\CortexM3\ARM_GCC_493\Debug\Accoder_MIDI.a(CyLib.o)
 .debug_ranges  0x00000850       0x88 .\CortexM3\ARM_GCC_493\Debug\Accoder_MIDI.a(cyPm.o)
 .debug_ranges  0x000008d8       0x18 .\CortexM3\ARM_GCC_493\Debug\Accoder_MIDI.a(Keys_Notes_1.o)
 .debug_ranges  0x000008f0       0x18 .\CortexM3\ARM_GCC_493\Debug\Accoder_MIDI.a(Keys_Notes_2.o)
 .debug_ranges  0x00000908       0x18 .\CortexM3\ARM_GCC_493\Debug\Accoder_MIDI.a(Keys_Notes_3.o)
 .debug_ranges  0x00000920       0x18 .\CortexM3\ARM_GCC_493\Debug\Accoder_MIDI.a(Keys_Notes_4.o)
 .debug_ranges  0x00000938       0x18 .\CortexM3\ARM_GCC_493\Debug\Accoder_MIDI.a(Keys_Notes_5.o)
 .debug_ranges  0x00000950       0x18 .\CortexM3\ARM_GCC_493\Debug\Accoder_MIDI.a(Keys_Notes_6.o)
 .debug_ranges  0x00000968       0x18 .\CortexM3\ARM_GCC_493\Debug\Accoder_MIDI.a(Chords_Notes.o)
 .debug_ranges  0x00000980       0x18 .\CortexM3\ARM_GCC_493\Debug\Accoder_MIDI.a(Chords_Bass_Notes.o)
 .debug_ranges  0x00000998       0x18 .\CortexM3\ARM_GCC_493\Debug\Accoder_MIDI.a(Bass_Notes.o)
 .debug_ranges  0x000009b0       0x18 .\CortexM3\ARM_GCC_493\Debug\Accoder_MIDI.a(Tabs_1.o)
 .debug_ranges  0x000009c8       0x18 .\CortexM3\ARM_GCC_493\Debug\Accoder_MIDI.a(Tabs_2.o)
 .debug_ranges  0x000009e0       0x18 .\CortexM3\ARM_GCC_493\Debug\Accoder_MIDI.a(Tabs_3.o)
 .debug_ranges  0x000009f8       0x18 .\CortexM3\ARM_GCC_493\Debug\Accoder_MIDI.a(Tabs_4.o)
 .debug_ranges  0x00000a10       0xe0 .\CortexM3\ARM_GCC_493\Debug\Accoder_MIDI.a(MIDI1_UART.o)
 .debug_ranges  0x00000af0       0x18 .\CortexM3\ARM_GCC_493\Debug\Accoder_MIDI.a(MIDI1_UART_INT.o)
 .debug_ranges  0x00000b08       0xe0 .\CortexM3\ARM_GCC_493\Debug\Accoder_MIDI.a(MIDI2_UART.o)
 .debug_ranges  0x00000be8       0x18 .\CortexM3\ARM_GCC_493\Debug\Accoder_MIDI.a(MIDI2_UART_INT.o)
 .debug_ranges  0x00000c00       0x10 .\CortexM3\ARM_GCC_493\Debug\Accoder_MIDI.a(USB_cls.o)
 .debug_ranges  0x00000c10       0x70 .\CortexM3\ARM_GCC_493\Debug\Accoder_MIDI.a(CyFlash.o)
 .debug_ranges  0x00000c80       0x68 .\CortexM3\ARM_GCC_493\Debug\Accoder_MIDI.a(CySpc.o)
 .debug_ranges  0x00000ce8       0x10 .\CortexM3\ARM_GCC_493\Debug\Accoder_MIDI.a(USB_audio.o)

.comment        0x00000000       0x70
 .comment       0x00000000       0x70 .\CortexM3\ARM_GCC_493\Debug\main.o
                                 0x71 (size before relaxing)
 .comment       0x00000000       0x71 .\CortexM3\ARM_GCC_493\Debug\cymetadata.o
 .comment       0x00000000       0x71 .\CortexM3\ARM_GCC_493\Debug\Cm3Start.o
 .comment       0x00000000       0x71 .\CortexM3\ARM_GCC_493\Debug\Accoder_MIDI.a(cyfitter_cfg.o)
 .comment       0x00000000       0x71 .\CortexM3\ARM_GCC_493\Debug\Accoder_MIDI.a(SW2.o)
 .comment       0x00000000       0x71 .\CortexM3\ARM_GCC_493\Debug\Accoder_MIDI.a(SleepTimer.o)
 .comment       0x00000000       0x71 .\CortexM3\ARM_GCC_493\Debug\Accoder_MIDI.a(SW1.o)
 .comment       0x00000000       0x71 .\CortexM3\ARM_GCC_493\Debug\Accoder_MIDI.a(MIDI_PWR.o)
 .comment       0x00000000       0x71 .\CortexM3\ARM_GCC_493\Debug\Accoder_MIDI.a(LED_OutB.o)
 .comment       0x00000000       0x71 .\CortexM3\ARM_GCC_493\Debug\Accoder_MIDI.a(LED_InB.o)
 .comment       0x00000000       0x71 .\CortexM3\ARM_GCC_493\Debug\Accoder_MIDI.a(LED_OutA.o)
 .comment       0x00000000       0x71 .\CortexM3\ARM_GCC_493\Debug\Accoder_MIDI.a(LED_InA.o)
 .comment       0x00000000       0x71 .\CortexM3\ARM_GCC_493\Debug\Accoder_MIDI.a(MIDI1_UART_PM.o)
 .comment       0x00000000       0x71 .\CortexM3\ARM_GCC_493\Debug\Accoder_MIDI.a(MIDI2_UART_PM.o)
 .comment       0x00000000       0x71 .\CortexM3\ARM_GCC_493\Debug\Accoder_MIDI.a(USB.o)
 .comment       0x00000000       0x71 .\CortexM3\ARM_GCC_493\Debug\Accoder_MIDI.a(USB_drv.o)
 .comment       0x00000000       0x71 .\CortexM3\ARM_GCC_493\Debug\Accoder_MIDI.a(USB_episr.o)
 .comment       0x00000000       0x71 .\CortexM3\ARM_GCC_493\Debug\Accoder_MIDI.a(USB_pm.o)
 .comment       0x00000000       0x71 .\CortexM3\ARM_GCC_493\Debug\Accoder_MIDI.a(USB_std.o)
 .comment       0x00000000       0x71 .\CortexM3\ARM_GCC_493\Debug\Accoder_MIDI.a(USB_vnd.o)
 .comment       0x00000000       0x71 .\CortexM3\ARM_GCC_493\Debug\Accoder_MIDI.a(USB_midi.o)
 .comment       0x00000000       0x71 .\CortexM3\ARM_GCC_493\Debug\Accoder_MIDI.a(Sleep_isr.o)
 .comment       0x00000000       0x71 .\CortexM3\ARM_GCC_493\Debug\Accoder_MIDI.a(USB_Dp.o)
 .comment       0x00000000       0x71 .\CortexM3\ARM_GCC_493\Debug\Accoder_MIDI.a(CyLib.o)