Archive member included because of file (symbol)

.\CortexM3\ARM_GCC_493\Debug\Accoder_MIDI.a(cyfitter_cfg.o)
                              .\CortexM3\ARM_GCC_493\Debug\Cm3Start.o (cyfitter_cfg)
.\CortexM3\ARM_GCC_493\Debug\Accoder_MIDI.a(SW2.o)
                              .\CortexM3\ARM_GCC_493\Debug\main.o (SW2_Read)
.\CortexM3\ARM_GCC_493\Debug\Accoder_MIDI.a(SleepTimer.o)
                              .\CortexM3\ARM_GCC_493\Debug\main.o (SleepTimer_Start)
.\CortexM3\ARM_GCC_493\Debug\Accoder_MIDI.a(SW1.o)
                              .\CortexM3\ARM_GCC_493\Debug\main.o (SW1_Read)
.\CortexM3\ARM_GCC_493\Debug\Accoder_MIDI.a(MIDI_PWR.o)
                              .\CortexM3\ARM_GCC_493\Debug\main.o (MIDI_PWR_Write)
.\CortexM3\ARM_GCC_493\Debug\Accoder_MIDI.a(LED_OutB.o)
                              .\CortexM3\ARM_GCC_493\Debug\main.o (LED_OutB_Write)
.\CortexM3\ARM_GCC_493\Debug\Accoder_MIDI.a(LED_InB.o)
                              .\CortexM3\ARM_GCC_493\Debug\main.o (LED_InB_Write)
.\CortexM3\ARM_GCC_493\Debug\Accoder_MIDI.a(LED_OutA.o)
                              .\CortexM3\ARM_GCC_493\Debug\main.o (LED_OutA_Write)
.\CortexM3\ARM_GCC_493\Debug\Accoder_MIDI.a(LED_InA.o)
                              .\CortexM3\ARM_GCC_493\Debug\main.o (LED_InA_Write)
.\CortexM3\ARM_GCC_493\Debug\Accoder_MIDI.a(MIDI1_UART_PM.o)
                              .\CortexM3\ARM_GCC_493\Debug\main.o (MIDI1_UART_Sleep)
.\CortexM3\ARM_GCC_493\Debug\Accoder_MIDI.a(MIDI2_UART_PM.o)
                              .\CortexM3\ARM_GCC_493\Debug\main.o (MIDI2_UART_Sleep)
.\CortexM3\ARM_GCC_493\Debug\Accoder_MIDI.a(USB.o)
                              .\CortexM3\ARM_GCC_493\Debug\main.o (USB_Start)
.\CortexM3\ARM_GCC_493\Debug\Accoder_MIDI.a(USB_drv.o)
                              .\CortexM3\ARM_GCC_493\Debug\Accoder_MIDI.a(USB.o) (USB_EP)
.\CortexM3\ARM_GCC_493\Debug\Accoder_MIDI.a(USB_episr.o)
                              .\CortexM3\ARM_GCC_493\Debug\Accoder_MIDI.a(USB.o) (USB_EP_1_ISR)
.\CortexM3\ARM_GCC_493\Debug\Accoder_MIDI.a(USB_pm.o)
                              .\CortexM3\ARM_GCC_493\Debug\Accoder_MIDI.a(USB.o) (USB_DP_ISR)
.\CortexM3\ARM_GCC_493\Debug\Accoder_MIDI.a(USB_std.o)
                              .\CortexM3\ARM_GCC_493\Debug\Accoder_MIDI.a(USB_drv.o) (USB_HandleStandardRqst)
.\CortexM3\ARM_GCC_493\Debug\Accoder_MIDI.a(USB_vnd.o)
                              .\CortexM3\ARM_GCC_493\Debug\Accoder_MIDI.a(USB_drv.o) (USB_HandleVendorRqst)
.\CortexM3\ARM_GCC_493\Debug\Accoder_MIDI.a(USB_midi.o)
                              .\CortexM3\ARM_GCC_493\Debug\Accoder_MIDI.a(USB_std.o) (USB_midi_in_ep)
.\CortexM3\ARM_GCC_493\Debug\Accoder_MIDI.a(Sleep_isr.o)
                              .\CortexM3\ARM_GCC_493\Debug\main.o (Sleep_isr_StartEx)
.\CortexM3\ARM_GCC_493\Debug\Accoder_MIDI.a(USB_Dp.o)
                              .\CortexM3\ARM_GCC_493\Debug\Accoder_MIDI.a(USB.o) (USB_Dp_ClearInterrupt)
.\CortexM3\ARM_GCC_493\Debug\Accoder_MIDI.a(CyLib.o)
                              .\CortexM3\ARM_GCC_493\Debug\Cm3Start.o (CyResetStatus)
.\CortexM3\ARM_GCC_493\Debug\Accoder_MIDI.a(cyPm.o)
                              .\CortexM3\ARM_GCC_493\Debug\main.o (CyPmSaveClocks)
.\CortexM3\ARM_GCC_493\Debug\Accoder_MIDI.a(Keys_Notes_1.o)
                              .\CortexM3\ARM_GCC_493\Debug\main.o (Keys_Notes_1_Write)
.\CortexM3\ARM_GCC_493\Debug\Accoder_MIDI.a(Keys_Notes_2.o)
                              .\CortexM3\ARM_GCC_493\Debug\main.o (Keys_Notes_2_Write)
.\CortexM3\ARM_GCC_493\Debug\Accoder_MIDI.a(Keys_Notes_3.o)
                              .\CortexM3\ARM_GCC_493\Debug\main.o (Keys_Notes_3_Write)
.\CortexM3\ARM_GCC_493\Debug\Accoder_MIDI.a(Keys_Notes_4.o)
                              .\CortexM3\ARM_GCC_493\Debug\main.o (Keys_Notes_4_Write)
.\CortexM3\ARM_GCC_493\Debug\Accoder_MIDI.a(Keys_Notes_5.o)
                              .\CortexM3\ARM_GCC_493\Debug\main.o (Keys_Notes_5_Write)
.\CortexM3\ARM_GCC_493\Debug\Accoder_MIDI.a(Keys_Notes_6.o)
                              .\CortexM3\ARM_GCC_493\Debug\main.o (Keys_Notes_6_Write)
.\CortexM3\ARM_GCC_493\Debug\Accoder_MIDI.a(Chords_Notes.o)
                              .\CortexM3\ARM_GCC_493\Debug\main.o (Chords_Notes_Write)
.\CortexM3\ARM_GCC_493\Debug\Accoder_MIDI.a(Chords_Bass_Notes.o)
                              .\CortexM3\ARM_GCC_493\Debug\main.o (Chords_Bass_Notes_Write)
.\CortexM3\ARM_GCC_493\Debug\Accoder_MIDI.a(Bass_Notes.o)
                              .\CortexM3\ARM_GCC_493\Debug\main.o (Bass_Notes_Write)
.\CortexM3\ARM_GCC_493\Debug\Accoder_MIDI.a(Chorus_Speed.o)
                              .\CortexM3\ARM_GCC_493\Debug\main.o (Chorus_Speed_Write)
.\CortexM3\ARM_GCC_493\Debug\Accoder_MIDI.a(Tabs_1.o)
                              .\CortexM3\ARM_GCC_493\Debug\main.o (Tabs_1_Write)
.\CortexM3\ARM_GCC_493\Debug\Accoder_MIDI.a(Tabs_2.o)
                              .\CortexM3\ARM_GCC_493\Debug\main.o (Tabs_2_Write)
[...]
Memory Configuration

Name             Origin             Length             Attributes
rom              0x00000000         0x00040000         xr
ram              0x1fff8000         0x00010000         xrw
*default*        0x00000000         0xffffffff

Linker script and memory map

LOAD c:/program files (x86)/cypress/psoc creator/4.0/psoc creator/import/gnu/arm/4.9.3/bin/../lib/gcc/arm-none-eabi/4.9.3/armv7-m/crti.o
LOAD c:/program files (x86)/cypress/psoc creator/4.0/psoc creator/import/gnu/arm/4.9.3/bin/../lib/gcc/arm-none-eabi/4.9.3/armv7-m/crtbegin.o
LOAD c:/program files (x86)/cypress/psoc creator/4.0/psoc creator/import/gnu/arm/4.9.3/bin/../lib/gcc/arm-none-eabi/4.9.3/../../../../arm-none-eabi/lib/armv7-m/crt0.o
START GROUP
LOAD .\CortexM3\ARM_GCC_493\Debug\main.o
LOAD .\CortexM3\ARM_GCC_493\Debug\cymetadata.o
LOAD .\CortexM3\ARM_GCC_493\Debug\Cm3Start.o
LOAD .\CortexM3\ARM_GCC_493\Debug\Accoder_MIDI.a
LOAD C:\Program Files (x86)\Cypress\PSoC Creator\4.0\PSoC Creator\psoc\content\cycomponentlibrary\CyComponentLibrary.cylib\CortexM3\ARM_GCC_493\Debug\CyComponentLibrary.a
END GROUP
START GROUP
LOAD c:/program files (x86)/cypress/psoc creator/4.0/psoc creator/import/gnu/arm/4.9.3/bin/../lib/gcc/arm-none-eabi/4.9.3/armv7-m\libgcc.a
LOAD c:/program files (x86)/cypress/psoc creator/4.0/psoc creator/import/gnu/arm/4.9.3/bin/../lib/gcc/arm-none-eabi/4.9.3/../../../../arm-none-eabi/lib/armv7-m\libg_nano.a
LOAD c:/program files (x86)/cypress/psoc creator/4.0/psoc creator/import/gnu/arm/4.9.3/bin/../lib/gcc/arm-none-eabi/4.9.3/../../../../arm-none-eabi/lib/armv7-m\libc_nano.a
END GROUP
START GROUP
LOAD c:/program files (x86)/cypress/psoc creator/4.0/psoc creator/import/gnu/arm/4.9.3/bin/../lib/gcc/arm-none-eabi/4.9.3/armv7-m\libgcc.a
LOAD c:/program files (x86)/cypress/psoc creator/4.0/psoc creator/import/gnu/arm/4.9.3/bin/../lib/gcc/arm-none-eabi/4.9.3/../../../../arm-none-eabi/lib/armv7-m\libc_nano.a
END GROUP
LOAD c:/program files (x86)/cypress/psoc creator/4.0/psoc creator/import/gnu/arm/4.9.3/bin/../lib/gcc/arm-none-eabi/4.9.3/armv7-m/crtend.o
LOAD c:/program files (x86)/cypress/psoc creator/4.0/psoc creator/import/gnu/arm/4.9.3/bin/../lib/gcc/arm-none-eabi/4.9.3/armv7-m/crtn.o
START GROUP
LOAD c:/program files (x86)/cypress/psoc creator/4.0/psoc creator/import/gnu/arm/4.9.3/bin/../lib/gcc/arm-none-eabi/4.9.3/armv7-m\libgcc.a
LOAD c:/program files (x86)/cypress/psoc creator/4.0/psoc creator/import/gnu/arm/4.9.3/bin/../lib/gcc/arm-none-eabi/4.9.3/../../../../arm-none-eabi/lib/armv7-m\libc.a
LOAD c:/program files (x86)/cypress/psoc creator/4.0/psoc creator/import/gnu/arm/4.9.3/bin/../lib/gcc/arm-none-eabi/4.9.3/../../../../arm-none-eabi/lib/armv7-m\libnosys.a
END GROUP
                0x00000000                CY_APPL_ORIGIN = 0x0
                0x00000100                CY_FLASH_ROW_SIZE = 0x100
                0x00000020                CY_ECC_ROW_SIZE = 0x20
                0x00000000                CY_EE_IN_BTLDR = 0x0
                0x00000000                CY_APPL_LOADABLE = 0x0
                0x00000800                CY_EE_SIZE = 0x800
                0x00000001                CY_APPL_NUM = 0x1
                0x00000001                CY_APPL_MAX = 0x1
                0x00000040                CY_METADATA_SIZE = 0x40
                0x00000000                CY_APPL_LOADABLE = 0x0
                0x00000000                CY_CHECKSUM_EXCLUDE_SIZE = ALIGN (0x0, CY_FLASH_ROW_SIZE)
                0x1fff8730                PROVIDE (__cy_heap_start, _end)
                0x00000001                PROVIDE (__cy_region_num, ((__cy_regions_end - __cy_regions) / 0x10))
                0x20008000                PROVIDE (__cy_stack, (ORIGIN (ram) + 0x10000))
                0x20007800                PROVIDE (__cy_heap_end, (__cy_stack - 0x800))

.cybootloader   0x00000000        0x0
 *(.cybootloader)
                0x00000000                appl1_start = CY_APPL_ORIGIN?CY_APPL_ORIGIN:ALIGN (CY_FLASH_ROW_SIZE)
                0x0001ff00                appl2_start = (appl1_start + ALIGN ((((0x40000 - appl1_start) - (0x2 * CY_FLASH_ROW_SIZE)) / 0x2), CY_FLASH_ROW_SIZE))
                0x00000000                appl_start = (CY_APPL_NUM == 0x1)?appl1_start:appl2_start
                0x00000000                ecc_offset = ((appl_start / CY_FLASH_ROW_SIZE) * CY_ECC_ROW_SIZE)
                0x00000000                ee_offset = (CY_APPL_LOADABLE && ! (CY_EE_IN_BTLDR))?((CY_EE_SIZE / CY_APPL_MAX) * (CY_APPL_NUM - 0x1)):0x0
                0x00000800                ee_size = (CY_APPL_LOADABLE && ! (CY_EE_IN_BTLDR))?(CY_EE_SIZE / CY_APPL_MAX):CY_EE_SIZE
                0x00000000                PROVIDE (CY_ECC_OFFSET, ecc_offset)

.text           0x00000000     0x63da
 CREATE_OBJECT_SYMBOLS
                0x00000000                PROVIDE (__cy_interrupt_vector, RomVectors)
 *(.romvectors)
 .romvectors    0x00000000       0x10 .\CortexM3\ARM_GCC_493\Debug\Cm3Start.o
                0x00000000                RomVectors
                0x00000001                ASSERT ((. != __cy_interrupt_vector), No interrupt vector)
                0x00000001                ASSERT (CY_APPL_ORIGIN?(SIZEOF (.cybootloader) <= CY_APPL_ORIGIN):0x1, Wrong image location)
                0x00000010                PROVIDE (__cy_reset, Reset)
 *(.text.Reset)
 .text.Reset    0x00000010       0x18 .\CortexM3\ARM_GCC_493\Debug\Cm3Start.o
                0x00000010                Reset
                0x00000001                ASSERT ((. != __cy_reset), No reset code)
 *(.dma_init)
                0x00000001                ASSERT ((((appl_start + .) <= 0x10000) || 0x1), DMA Init must be within the first 64k of flash)
 *(.text .text.* .gnu.linkonce.t.*)
 .text          0x00000028       0x5c c:/program files (x86)/cypress/psoc creator/4.0/psoc creator/import/gnu/arm/4.9.3/bin/../lib/gcc/arm-none-eabi/4.9.3/armv7-m/crtbegin.o
 .text.SleepIsr
                0x00000084       0x30 .\CortexM3\ARM_GCC_493\Debug\main.o
                0x00000084                SleepIsr
 .text.main     0x000000b4      0x210 .\CortexM3\ARM_GCC_493\Debug\main.o
                0x000000b4                main
 .text.USB_callbackLocalMidiEvent
                0x000002c4      0x788 .\CortexM3\ARM_GCC_493\Debug\main.o
                0x000002c4                USB_callbackLocalMidiEvent
 .text.USB_MIDI1_ProcessUsbOut_EntryCallback
                0x00000a4c        0xc .\CortexM3\ARM_GCC_493\Debug\main.o
                0x00000a4c                USB_MIDI1_ProcessUsbOut_EntryCallback
 .text.USB_MIDI1_ProcessUsbOut_ExitCallback
                0x00000a58        0xc .\CortexM3\ARM_GCC_493\Debug\main.o
                0x00000a58                USB_MIDI1_ProcessUsbOut_ExitCallback
 .text.USB_MIDI2_ProcessUsbOut_EntryCallback
                0x00000a64        0xc .\CortexM3\ARM_GCC_493\Debug\main.o
                0x00000a64                USB_MIDI2_ProcessUsbOut_EntryCallback
 .text.USB_MIDI2_ProcessUsbOut_ExitCallback
                0x00000a70        0xc .\CortexM3\ARM_GCC_493\Debug\main.o
                0x00000a70                USB_MIDI2_ProcessUsbOut_ExitCallback
 .text.MIDI1_UART_RXISR_EntryCallback
                0x00000a7c        0xc .\CortexM3\ARM_GCC_493\Debug\main.o
                0x00000a7c                MIDI1_UART_RXISR_EntryCallback
 .text.MIDI1_UART_RXISR_ExitCallback
                0x00000a88        0xc .\CortexM3\ARM_GCC_493\Debug\main.o
                0x00000a88                MIDI1_UART_RXISR_ExitCallback
 .text.MIDI2_UART_RXISR_EntryCallback
                0x00000a94        0xc .\CortexM3\ARM_GCC_493\Debug\main.o
                0x00000a94                MIDI2_UART_RXISR_EntryCallback
 .text.MIDI2_UART_RXISR_ExitCallback
                0x00000aa0        0xc .\CortexM3\ARM_GCC_493\Debug\main.o
                0x00000aa0                MIDI2_UART_RXISR_ExitCallback
 .text.IntDefaultHandler
                0x00000aac       0x14 .\CortexM3\ARM_GCC_493\Debug\Cm3Start.o
                0x00000aac                IntDefaultHandler
 .text.Start_c  0x00000ac0       0x98 .\CortexM3\ARM_GCC_493\Debug\Cm3Start.o
                0x00000ac0                Start_c
 .text.initialize_psoc
                0x00000b58       0x8c .\CortexM3\ARM_GCC_493\Debug\Cm3Start.o
                0x00000b58                initialize_psoc
 .text.CYMEMZERO
                0x00000be4       0x1c .\CortexM3\ARM_GCC_493\Debug\Accoder_MIDI.a(cyfitter_cfg.o)
 .text.CYCONFIGCPY
                0x00000c00       0x1c .\CortexM3\ARM_GCC_493\Debug\Accoder_MIDI.a(cyfitter_cfg.o)
 .text.CyClockStartupError
                0x00000c1c        0xc .\CortexM3\ARM_GCC_493\Debug\Accoder_MIDI.a(cyfitter_cfg.o)
 .text.cfg_write_bytes32
                0x00000c28       0x74 .\CortexM3\ARM_GCC_493\Debug\Accoder_MIDI.a(cyfitter_cfg.o)
 .text.ClockSetup
                0x00000c9c      0x118 .\CortexM3\ARM_GCC_493\Debug\Accoder_MIDI.a(cyfitter_cfg.o)
 .text.AnalogSetDefault
                0x00000db4       0x44 .\CortexM3\ARM_GCC_493\Debug\Accoder_MIDI.a(cyfitter_cfg.o)
 .text.cyfitter_cfg
                0x00000df8      0x198 .\CortexM3\ARM_GCC_493\Debug\Accoder_MIDI.a(cyfitter_cfg.o)
                0x00000df8                cyfitter_cfg
 .text.SW2_Read
                0x00000f90       0x20 .\CortexM3\ARM_GCC_493\Debug\Accoder_MIDI.a(SW2.o)
                0x00000f90                SW2_Read
 .text.SleepTimer_Start
                0x00000fb0       0x20 .\CortexM3\ARM_GCC_493\Debug\Accoder_MIDI.a(SleepTimer.o)
                0x00000fb0                SleepTimer_Start
 .text.SleepTimer_Init
                0x00000fd0       0x10 .\CortexM3\ARM_GCC_493\Debug\Accoder_MIDI.a(SleepTimer.o)
                0x00000fd0                SleepTimer_Init
 .text.SleepTimer_Enable
                0x00000fe0       0x74 .\CortexM3\ARM_GCC_493\Debug\Accoder_MIDI.a(SleepTimer.o)
                0x00000fe0                SleepTimer_Enable
 .text.SleepTimer_Stop
                0x00001054       0x30 .\CortexM3\ARM_GCC_493\Debug\Accoder_MIDI.a(SleepTimer.o)
                0x00001054                SleepTimer_Stop
 .text.SleepTimer_EnableInt
                0x00001084       0x30 .\CortexM3\ARM_GCC_493\Debug\Accoder_MIDI.a(SleepTimer.o)
                0x00001084                SleepTimer_EnableInt
 .text.SleepTimer_SetInterval
                0x000010b4       0x48 .\CortexM3\ARM_GCC_493\Debug\Accoder_MIDI.a(SleepTimer.o)
                0x000010b4                SleepTimer_SetInterval
 .text.SleepTimer_GetStatus
                0x000010fc       0x10 .\CortexM3\ARM_GCC_493\Debug\Accoder_MIDI.a(SleepTimer.o)
                0x000010fc                SleepTimer_GetStatus
 .text.SW1_Read
                0x0000110c       0x20 .\CortexM3\ARM_GCC_493\Debug\Accoder_MIDI.a(SW1.o)
                0x0000110c                SW1_Read
 .text.MIDI_PWR_Write
                0x0000112c       0x3c .\CortexM3\ARM_GCC_493\Debug\Accoder_MIDI.a(MIDI_PWR.o)
                0x0000112c                MIDI_PWR_Write
 .text.LED_OutB_Write
                0x00001168       0x34 .\CortexM3\ARM_GCC_493\Debug\Accoder_MIDI.a(LED_OutB.o)
                0x00001168                LED_OutB_Write
 .text.LED_InB_Write
                0x0000119c       0x3c .\CortexM3\ARM_GCC_493\Debug\Accoder_MIDI.a(LED_InB.o)
                0x0000119c                LED_InB_Write
 .text.LED_OutA_Write
                0x000011d8       0x3c .\CortexM3\ARM_GCC_493\Debug\Accoder_MIDI.a(LED_OutA.o)
                0x000011d8                LED_OutA_Write
 .text.LED_InA_Write
                0x00001214       0x3c .\CortexM3\ARM_GCC_493\Debug\Accoder_MIDI.a(LED_InA.o)
                0x00001214                LED_InA_Write
 .text.MIDI1_UART_SaveConfig
                0x00001250        0xc .\CortexM3\ARM_GCC_493\Debug\Accoder_MIDI.a(MIDI1_UART_PM.o)
                0x00001250                MIDI1_UART_SaveConfig
 .text.MIDI1_UART_RestoreConfig
                0x0000125c        0xc .\CortexM3\ARM_GCC_493\Debug\Accoder_MIDI.a(MIDI1_UART_PM.o)
                0x0000125c                MIDI1_UART_RestoreConfig
 .text.MIDI1_UART_Sleep
                0x00001268       0x34 .\CortexM3\ARM_GCC_493\Debug\Accoder_MIDI.a(MIDI1_UART_PM.o)
                0x00001268                MIDI1_UART_Sleep
 .text.MIDI1_UART_Wakeup
                0x0000129c       0x24 .\CortexM3\ARM_GCC_493\Debug\Accoder_MIDI.a(MIDI1_UART_PM.o)
                0x0000129c                MIDI1_UART_Wakeup
 .text.MIDI2_UART_SaveConfig
                0x000012c0        0xc .\CortexM3\ARM_GCC_493\Debug\Accoder_MIDI.a(MIDI2_UART_PM.o)
                0x000012c0                MIDI2_UART_SaveConfig
 .text.MIDI2_UART_RestoreConfig
                0x000012cc        0xc .\CortexM3\ARM_GCC_493\Debug\Accoder_MIDI.a(MIDI2_UART_PM.o)
                0x000012cc                MIDI2_UART_RestoreConfig
 .text.MIDI2_UART_Sleep
                0x000012d8       0x34 .\CortexM3\ARM_GCC_493\Debug\Accoder_MIDI.a(MIDI2_UART_PM.o)
                0x000012d8                MIDI2_UART_Sleep
 .text.MIDI2_UART_Wakeup
                0x0000130c       0x24 .\CortexM3\ARM_GCC_493\Debug\Accoder_MIDI.a(MIDI2_UART_PM.o)
                0x0000130c                MIDI2_UART_Wakeup
 .text.USB_Start
                0x00001330       0x38 .\CortexM3\ARM_GCC_493\Debug\Accoder_MIDI.a(USB.o)
                0x00001330                USB_Start
 .text.USB_Init
                0x00001368      0x18c .\CortexM3\ARM_GCC_493\Debug\Accoder_MIDI.a(USB.o)
                0x00001368                USB_Init
 .text.USB_InitComponent
                0x000014f4       0xf8 .\CortexM3\ARM_GCC_493\Debug\Accoder_MIDI.a(USB.o)
                0x000014f4                USB_InitComponent
 .text.USB_ReInitComponent
                0x000015ec       0x68 .\CortexM3\ARM_GCC_493\Debug\Accoder_MIDI.a(USB.o)
                0x000015ec                USB_ReInitComponent
 .text.USB_CheckActivity
                0x00001654       0x38 .\CortexM3\ARM_GCC_493\Debug\Accoder_MIDI.a(USB.o)
                0x00001654                USB_CheckActivity
 .text.USB_GetConfiguration
                0x0000168c       0x18 .\CortexM3\ARM_GCC_493\Debug\Accoder_MIDI.a(USB.o)
                0x0000168c                USB_GetConfiguration
 .text.USB_IsConfigurationChanged
                0x000016a4       0x34 .\CortexM3\ARM_GCC_493\Debug\Accoder_MIDI.a(USB.o)
                0x000016a4                USB_IsConfigurationChanged
 .text.USB_GetEPState
                0x000016d8       0x2c .\CortexM3\ARM_GCC_493\Debug\Accoder_MIDI.a(USB.o)
                0x000016d8                USB_GetEPState
 .text.USB_GetEPCount
                0x00001704       0x60 .\CortexM3\ARM_GCC_493\Debug\Accoder_MIDI.a(USB.o)
                0x00001704                USB_GetEPCount
 .text.USB_LoadInEP
                0x00001764       0xf8 .\CortexM3\ARM_GCC_493\Debug\Accoder_MIDI.a(USB.o)
                0x00001764                USB_LoadInEP
 .text.USB_ReadOutEP
                0x0000185c       0x8c .\CortexM3\ARM_GCC_493\Debug\Accoder_MIDI.a(USB.o)
                0x0000185c                USB_ReadOutEP
 .text.USB_EnableOutEP
                0x000018e8       0x54 .\CortexM3\ARM_GCC_493\Debug\Accoder_MIDI.a(USB.o)
                0x000018e8                USB_EnableOutEP
 .text.USB_EP_0_ISR
                0x0000193c       0xf8 .\CortexM3\ARM_GCC_493\Debug\Accoder_MIDI.a(USB_drv.o)
                0x0000193c                USB_EP_0_ISR
 .text.USB_HandleSetup
                0x00001a34       0x88 .\CortexM3\ARM_GCC_493\Debug\Accoder_MIDI.a(USB_drv.o)
                0x00001a34                USB_HandleSetup
 .text.USB_HandleIN
                0x00001abc       0x4c .\CortexM3\ARM_GCC_493\Debug\Accoder_MIDI.a(USB_drv.o)
                0x00001abc                USB_HandleIN
 .text.USB_HandleOUT
                0x00001b08       0x58 .\CortexM3\ARM_GCC_493\Debug\Accoder_MIDI.a(USB_drv.o)
                0x00001b08                USB_HandleOUT
 .text.USB_LoadEP0
                0x00001b60       0xd0 .\CortexM3\ARM_GCC_493\Debug\Accoder_MIDI.a(USB_drv.o)
                0x00001b60                USB_LoadEP0
 .text.USB_InitControlRead
                0x00001c30       0x70 .\CortexM3\ARM_GCC_493\Debug\Accoder_MIDI.a(USB_drv.o)
                0x00001c30                USB_InitControlRead
 .text.USB_InitZeroLengthControlTransfer
                0x00001ca0       0x44 .\CortexM3\ARM_GCC_493\Debug\Accoder_MIDI.a(USB_drv.o)
                0x00001ca0                USB_InitZeroLengthControlTransfer
 .text.USB_ControlReadDataStage
                0x00001ce4        0xc .\CortexM3\ARM_GCC_493\Debug\Accoder_MIDI.a(USB_drv.o)
                0x00001ce4                USB_ControlReadDataStage
 .text.USB_ControlReadStatusStage
                0x00001cf0       0x40 .\CortexM3\ARM_GCC_493\Debug\Accoder_MIDI.a(USB_drv.o)
                0x00001cf0                USB_ControlReadStatusStage
 .text.USB_ControlWriteDataStage
                0x00001d30       0xb4 .\CortexM3\ARM_GCC_493\Debug\Accoder_MIDI.a(USB_drv.o)
                0x00001d30                USB_ControlWriteDataStage
 .text.USB_ControlWriteStatusStage
                0x00001de4       0x20 .\CortexM3\ARM_GCC_493\Debug\Accoder_MIDI.a(USB_drv.o)
                0x00001de4                USB_ControlWriteStatusStage
 .text.USB_InitNoDataControlTransfer
                0x00001e04       0x38 .\CortexM3\ARM_GCC_493\Debug\Accoder_MIDI.a(USB_drv.o)
                0x00001e04                USB_InitNoDataControlTransfer
 .text.USB_NoDataControlStatusStage
                0x00001e3c       0x48 .\CortexM3\ARM_GCC_493\Debug\Accoder_MIDI.a(USB_drv.o)
                0x00001e3c                USB_NoDataControlStatusStage
 .text.USB_UpdateStatusBlock
                0x00001e84       0x40 .\CortexM3\ARM_GCC_493\Debug\Accoder_MIDI.a(USB_drv.o)
                0x00001e84                USB_UpdateStatusBlock
 .text.USB_InitializeStatusBlock
                0x00001ec4       0x34 .\CortexM3\ARM_GCC_493\Debug\Accoder_MIDI.a(USB_drv.o)
                0x00001ec4                USB_InitializeStatusBlock
 .text.USB_EP_1_ISR
                0x00001ef8       0x48 .\CortexM3\ARM_GCC_493\Debug\Accoder_MIDI.a(USB_episr.o)
                0x00001ef8                USB_EP_1_ISR
 .text.USB_EP_2_ISR
                0x00001f40       0x4c .\CortexM3\ARM_GCC_493\Debug\Accoder_MIDI.a(USB_episr.o)
                0x00001f40                USB_EP_2_ISR
 .text.USB_SOF_ISR
                0x00001f8c        0xc .\CortexM3\ARM_GCC_493\Debug\Accoder_MIDI.a(USB_episr.o)
                0x00001f8c                USB_SOF_ISR
 .text.USB_BUS_RESET_ISR
                0x00001f98        0xc .\CortexM3\ARM_GCC_493\Debug\Accoder_MIDI.a(USB_episr.o)
                0x00001f98                USB_BUS_RESET_ISR
 .text.USB_DP_ISR
                0x00001fa4        0xc .\CortexM3\ARM_GCC_493\Debug\Accoder_MIDI.a(USB_pm.o)
                0x00001fa4                USB_DP_ISR
 .text.USB_RestoreConfig
                0x00001fb0       0x1c .\CortexM3\ARM_GCC_493\Debug\Accoder_MIDI.a(USB_pm.o)
                0x00001fb0                USB_RestoreConfig
 .text.USB_Suspend
                0x00001fcc      0x11c .\CortexM3\ARM_GCC_493\Debug\Accoder_MIDI.a(USB_pm.o)
                0x00001fcc                USB_Suspend
 .text.USB_Resume
                0x000020e8      0x100 .\CortexM3\ARM_GCC_493\Debug\Accoder_MIDI.a(USB_pm.o)
                0x000020e8                USB_Resume
 .text.USB_HandleStandardRqst
                0x000021e8      0x48c .\CortexM3\ARM_GCC_493\Debug\Accoder_MIDI.a(USB_std.o)
                0x000021e8                USB_HandleStandardRqst
 .text.USB_ReadDieID
                0x00002674       0xd4 .\CortexM3\ARM_GCC_493\Debug\Accoder_MIDI.a(USB_std.o)
                0x00002674                USB_ReadDieID
 .text.USB_ConfigReg
                0x00002748      0x11c .\CortexM3\ARM_GCC_493\Debug\Accoder_MIDI.a(USB_std.o)
                0x00002748                USB_ConfigReg
 .text.USB_EpStateInit
                0x00002864       0x68 .\CortexM3\ARM_GCC_493\Debug\Accoder_MIDI.a(USB_std.o)
                0x00002864                USB_EpStateInit
 .text.USB_Config
                0x000028cc      0x34c .\CortexM3\ARM_GCC_493\Debug\Accoder_MIDI.a(USB_std.o)
                0x000028cc                USB_Config
 .text.USB_ConfigAltChanged
                0x00002c18      0x23c .\CortexM3\ARM_GCC_493\Debug\Accoder_MIDI.a(USB_std.o)
                0x00002c18                USB_ConfigAltChanged
 .text.USB_GetConfigTablePtr
                0x00002e54       0x54 .\CortexM3\ARM_GCC_493\Debug\Accoder_MIDI.a(USB_std.o)
                0x00002e54                USB_GetConfigTablePtr
 .text.USB_GetDeviceTablePtr
                0x00002ea8       0x24 .\CortexM3\ARM_GCC_493\Debug\Accoder_MIDI.a(USB_std.o)
                0x00002ea8                USB_GetDeviceTablePtr
 .text.USB_GetInterfaceClassTablePtr
                0x00002ecc       0x4c .\CortexM3\ARM_GCC_493\Debug\Accoder_MIDI.a(USB_std.o)
                0x00002ecc                USB_GetInterfaceClassTablePtr
 .text.USB_SetEndpointHalt
                0x00002f18       0xdc .\CortexM3\ARM_GCC_493\Debug\Accoder_MIDI.a(USB_std.o)
                0x00002f18                USB_SetEndpointHalt
 .text.USB_ClearEndpointHalt
                0x00002ff4      0x130 .\CortexM3\ARM_GCC_493\Debug\Accoder_MIDI.a(USB_std.o)
                0x00002ff4                USB_ClearEndpointHalt
 .text.USB_ValidateAlternateSetting
                0x00003124       0x70 .\CortexM3\ARM_GCC_493\Debug\Accoder_MIDI.a(USB_std.o)
                0x00003124                USB_ValidateAlternateSetting
 .text.USB_HandleVendorRqst
                0x00003194       0x54 .\CortexM3\ARM_GCC_493\Debug\Accoder_MIDI.a(USB_vnd.o)
                0x00003194                USB_HandleVendorRqst
 .text.USB_MIDI_Init
                0x000031e8       0x24 .\CortexM3\ARM_GCC_493\Debug\Accoder_MIDI.a(USB_midi.o)
                0x000031e8                USB_MIDI_Init
 .text.USB_MIDI_OUT_Service
                0x0000320c       0xc8 .\CortexM3\ARM_GCC_493\Debug\Accoder_MIDI.a(USB_midi.o)
                0x0000320c                USB_MIDI_OUT_Service
 .text.USB_MIDI_IN_EP_Service
                0x000032d4       0x4c .\CortexM3\ARM_GCC_493\Debug\Accoder_MIDI.a(USB_midi.o)
                0x000032d4                USB_MIDI_IN_EP_Service
 .text.USB_MIDI_IN_Service
                0x00003320       0xa0 .\CortexM3\ARM_GCC_493\Debug\Accoder_MIDI.a(USB_midi.o)
                0x00003320                USB_MIDI_IN_Service
 .text.USB_PutUsbMidiIn
                0x000033c0      0x154 .\CortexM3\ARM_GCC_493\Debug\Accoder_MIDI.a(USB_midi.o)
                0x000033c0                USB_PutUsbMidiIn
 .text.USB_PrepareInBuffer
                0x00003514      0x380 .\CortexM3\ARM_GCC_493\Debug\Accoder_MIDI.a(USB_midi.o)
                0x00003514                USB_PrepareInBuffer
 .text.USB_MIDI_InitInterface
                0x00003894       0x90 .\CortexM3\ARM_GCC_493\Debug\Accoder_MIDI.a(USB_midi.o)
                0x00003894                USB_MIDI_InitInterface
 .text.USB_ProcessMidiIn
                0x00003924      0x268 .\CortexM3\ARM_GCC_493\Debug\Accoder_MIDI.a(USB_midi.o)
                0x00003924                USB_ProcessMidiIn
 .text.USB_MIDI1_GetEvent
                0x00003b8c       0xa8 .\CortexM3\ARM_GCC_493\Debug\Accoder_MIDI.a(USB_midi.o)
                0x00003b8c                USB_MIDI1_GetEvent
 .text.USB_MIDI1_ProcessUsbOut
                0x00003c34      0x150 .\CortexM3\ARM_GCC_493\Debug\Accoder_MIDI.a(USB_midi.o)
                0x00003c34                USB_MIDI1_ProcessUsbOut
 .text.USB_MIDI2_GetEvent
                0x00003d84       0xa8 .\CortexM3\ARM_GCC_493\Debug\Accoder_MIDI.a(USB_midi.o)
                0x00003d84                USB_MIDI2_GetEvent
 .text.USB_MIDI2_ProcessUsbOut
                0x00003e2c      0x150 .\CortexM3\ARM_GCC_493\Debug\Accoder_MIDI.a(USB_midi.o)
                0x00003e2c                USB_MIDI2_ProcessUsbOut
 .text.Sleep_isr_StartEx
                0x00003f7c       0x24 .\CortexM3\ARM_GCC_493\Debug\Accoder_MIDI.a(Sleep_isr.o)
                0x00003f7c                Sleep_isr_StartEx
 .text.Sleep_isr_SetVector
                0x00003fa0       0x24 .\CortexM3\ARM_GCC_493\Debug\Accoder_MIDI.a(Sleep_isr.o)
                0x00003fa0                Sleep_isr_SetVector
 .text.Sleep_isr_SetPriority
                0x00003fc4       0x24 .\CortexM3\ARM_GCC_493\Debug\Accoder_MIDI.a(Sleep_isr.o)
                0x00003fc4                Sleep_isr_SetPriority
 .text.Sleep_isr_Enable
                0x00003fe8       0x18 .\CortexM3\ARM_GCC_493\Debug\Accoder_MIDI.a(Sleep_isr.o)
                0x00003fe8                Sleep_isr_Enable
 .text.Sleep_isr_Disable
                0x00004000       0x18 .\CortexM3\ARM_GCC_493\Debug\Accoder_MIDI.a(Sleep_isr.o)
                0x00004000                Sleep_isr_Disable
 .text.USB_Dp_ClearInterrupt
                0x00004018       0x20 .\CortexM3\ARM_GCC_493\Debug\Accoder_MIDI.a(USB_Dp.o)
                0x00004018                USB_Dp_ClearInterrupt
 .text.CyPLL_OUT_Start
                0x00004038       0xb0 .\CortexM3\ARM_GCC_493\Debug\Accoder_MIDI.a(CyLib.o)
                0x00004038                CyPLL_OUT_Start
 .text.CyPLL_OUT_Stop
                0x000040e8       0x20 .\CortexM3\ARM_GCC_493\Debug\Accoder_MIDI.a(CyLib.o)
                0x000040e8                CyPLL_OUT_Stop
 .text.CyIMO_Start
                0x00004108       0x94 .\CortexM3\ARM_GCC_493\Debug\Accoder_MIDI.a(CyLib.o)
                0x00004108                CyIMO_Start
 .text.CyIMO_Stop
                0x0000419c       0x34 .\CortexM3\ARM_GCC_493\Debug\Accoder_MIDI.a(CyLib.o)
                0x0000419c                CyIMO_Stop
 .text.CyUSB_PowerOnCheck
                0x000041d0       0x60 .\CortexM3\ARM_GCC_493\Debug\Accoder_MIDI.a(CyLib.o)
 .text.CyIMO_SetTrimValue
                0x00004230      0x108 .\CortexM3\ARM_GCC_493\Debug\Accoder_MIDI.a(CyLib.o)
 .text.CyIMO_SetFreq
                0x00004338      0x1ac .\CortexM3\ARM_GCC_493\Debug\Accoder_MIDI.a(CyLib.o)
                0x00004338                CyIMO_SetFreq
 .text.CyIMO_SetSource
                0x000044e4       0x8c .\CortexM3\ARM_GCC_493\Debug\Accoder_MIDI.a(CyLib.o)
                0x000044e4                CyIMO_SetSource
 .text.CyIMO_EnableDoubler
                0x00004570       0x20 .\CortexM3\ARM_GCC_493\Debug\Accoder_MIDI.a(CyLib.o)
                0x00004570                CyIMO_EnableDoubler
 .text.CyIMO_DisableDoubler
                0x00004590       0x20 .\CortexM3\ARM_GCC_493\Debug\Accoder_MIDI.a(CyLib.o)
                0x00004590                CyIMO_DisableDoubler
 .text.CyMasterClk_SetSource
                0x000045b0       0x34 .\CortexM3\ARM_GCC_493\Debug\Accoder_MIDI.a(CyLib.o)
                0x000045b0                CyMasterClk_SetSource
 .text.CyMasterClk_SetDivider
                0x000045e4       0x20 .\CortexM3\ARM_GCC_493\Debug\Accoder_MIDI.a(CyLib.o)
                0x000045e4                CyMasterClk_SetDivider
 .text.CyBusClk_Internal_SetDivider
                0x00004604       0x78 .\CortexM3\ARM_GCC_493\Debug\Accoder_MIDI.a(CyLib.o)
 .text.CyBusClk_SetDivider
                0x0000467c       0xb4 .\CortexM3\ARM_GCC_493\Debug\Accoder_MIDI.a(CyLib.o)
                0x0000467c                CyBusClk_SetDivider
 .text.CyILO_Start100K
                0x00004730       0x20 .\CortexM3\ARM_GCC_493\Debug\Accoder_MIDI.a(CyLib.o)
                0x00004730                CyILO_Start100K
 .text.CyILO_Stop100K
                0x00004750       0x20 .\CortexM3\ARM_GCC_493\Debug\Accoder_MIDI.a(CyLib.o)
                0x00004750                CyILO_Stop100K
 .text.CyXTAL_Start
                0x00004770       0xd0 .\CortexM3\ARM_GCC_493\Debug\Accoder_MIDI.a(CyLib.o)
                0x00004770                CyXTAL_Start
 .text.CyXTAL_Stop
                0x00004840       0x20 .\CortexM3\ARM_GCC_493\Debug\Accoder_MIDI.a(CyLib.o)
                0x00004840                CyXTAL_Stop
 .text.CyHalt   0x00004860       0x18 .\CortexM3\ARM_GCC_493\Debug\Accoder_MIDI.a(CyLib.o)
                0x00004860                CyHalt
 .text.CyDelayUs
                0x00004878       0x24 .\CortexM3\ARM_GCC_493\Debug\Accoder_MIDI.a(CyLib.o)
                0x00004878                CyDelayUs
 .text.CyIntSetVector
                0x0000489c       0x50 .\CortexM3\ARM_GCC_493\Debug\Accoder_MIDI.a(CyLib.o)
                0x0000489c                CyIntSetVector
 .text.CyIntSetPriority
                0x000048ec       0x44 .\CortexM3\ARM_GCC_493\Debug\Accoder_MIDI.a(CyLib.o)
                0x000048ec                CyIntSetPriority
 .text.CyGetUniqueId
                0x00004930       0xc4 .\CortexM3\ARM_GCC_493\Debug\Accoder_MIDI.a(CyLib.o)
                0x00004930                CyGetUniqueId
 .text.CyPmSaveClocks
                0x000049f4      0x284 .\CortexM3\ARM_GCC_493\Debug\Accoder_MIDI.a(cyPm.o)
                0x000049f4                CyPmSaveClocks
 .text.CyPmRestoreClocks
                0x00004c78      0x300 .\CortexM3\ARM_GCC_493\Debug\Accoder_MIDI.a(cyPm.o)
                0x00004c78                CyPmRestoreClocks
 .text.CyPmSleep
                0x00004f78      0x170 .\CortexM3\ARM_GCC_493\Debug\Accoder_MIDI.a(cyPm.o)
                0x00004f78                CyPmSleep
 .text.CyPmReadStatus
                0x000050e8       0x5c .\CortexM3\ARM_GCC_493\Debug\Accoder_MIDI.a(cyPm.o)
                0x000050e8                CyPmReadStatus
 .text.CyPmFtwSetInterval
                0x00005144       0x90 .\CortexM3\ARM_GCC_493\Debug\Accoder_MIDI.a(cyPm.o)
                0x00005144                CyPmFtwSetInterval
 .text.CyPmHibSlpSaveSet
                0x000051d4      0x280 .\CortexM3\ARM_GCC_493\Debug\Accoder_MIDI.a(cyPm.o)
 .text.CyPmHibSlpRestore
                0x00005454      0x188 .\CortexM3\ARM_GCC_493\Debug\Accoder_MIDI.a(cyPm.o)
 .text.Keys_Notes_1_Write
                0x000055dc       0x20 .\CortexM3\ARM_GCC_493\Debug\Accoder_MIDI.a(Keys_Notes_1.o)
                0x000055dc                Keys_Notes_1_Write
 .text.Keys_Notes_1_Read
                0x000055fc       0x18 .\CortexM3\ARM_GCC_493\Debug\Accoder_MIDI.a(Keys_Notes_1.o)
                0x000055fc                Keys_Notes_1_Read
 .text.Keys_Notes_2_Write
                0x00005614       0x20 .\CortexM3\ARM_GCC_493\Debug\Accoder_MIDI.a(Keys_Notes_2.o)
                0x00005614                Keys_Notes_2_Write
 .text.Keys_Notes_2_Read
                0x00005634       0x18 .\CortexM3\ARM_GCC_493\Debug\Accoder_MIDI.a(Keys_Notes_2.o)
                0x00005634                Keys_Notes_2_Read
 .text.Keys_Notes_3_Write
                0x0000564c       0x20 .\CortexM3\ARM_GCC_493\Debug\Accoder_MIDI.a(Keys_Notes_3.o)
                0x0000564c                Keys_Notes_3_Write
 .text.Keys_Notes_3_Read
                0x0000566c       0x18 .\CortexM3\ARM_GCC_493\Debug\Accoder_MIDI.a(Keys_Notes_3.o)
                0x0000566c                Keys_Notes_3_Read
 .text.Keys_Notes_4_Write
                0x00005684       0x20 .\CortexM3\ARM_GCC_493\Debug\Accoder_MIDI.a(Keys_Notes_4.o)
                0x00005684                Keys_Notes_4_Write
 .text.Keys_Notes_4_Read
                0x000056a4       0x18 .\CortexM3\ARM_GCC_493\Debug\Accoder_MIDI.a(Keys_Notes_4.o)
                0x000056a4                Keys_Notes_4_Read
 .text.Keys_Notes_5_Write
                0x000056bc       0x20 .\CortexM3\ARM_GCC_493\Debug\Accoder_MIDI.a(Keys_Notes_5.o)
                0x000056bc                Keys_Notes_5_Write
 .text.Keys_Notes_5_Read
                0x000056dc       0x18 .\CortexM3\ARM_GCC_493\Debug\Accoder_MIDI.a(Keys_Notes_5.o)
                0x000056dc                Keys_Notes_5_Read
 .text.Keys_Notes_6_Write
                0x000056f4       0x20 .\CortexM3\ARM_GCC_493\Debug\Accoder_MIDI.a(Keys_Notes_6.o)
                0x000056f4                Keys_Notes_6_Write
 .text.Keys_Notes_6_Read
                0x00005714       0x18 .\CortexM3\ARM_GCC_493\Debug\Accoder_MIDI.a(Keys_Notes_6.o)
                0x00005714                Keys_Notes_6_Read
 .text.Chords_Notes_Write
                0x0000572c       0x20 .\CortexM3\ARM_GCC_493\Debug\Accoder_MIDI.a(Chords_Notes.o)
                0x0000572c                Chords_Notes_Write
 .text.Chords_Notes_Read
                0x0000574c       0x18 .\CortexM3\ARM_GCC_493\Debug\Accoder_MIDI.a(Chords_Notes.o)
                0x0000574c                Chords_Notes_Read
 .text.Chords_Bass_Notes_Write
                0x00005764       0x20 .\CortexM3\ARM_GCC_493\Debug\Accoder_MIDI.a(Chords_Bass_Notes.o)
                0x00005764                Chords_Bass_Notes_Write
 .text.Chords_Bass_Notes_Read
                0x00005784       0x18 .\CortexM3\ARM_GCC_493\Debug\Accoder_MIDI.a(Chords_Bass_Notes.o)
                0x00005784                Chords_Bass_Notes_Read
 .text.Bass_Notes_Write
                0x0000579c       0x20 .\CortexM3\ARM_GCC_493\Debug\Accoder_MIDI.a(Bass_Notes.o)
                0x0000579c                Bass_Notes_Write
 .text.Bass_Notes_Read
                0x000057bc       0x18 .\CortexM3\ARM_GCC_493\Debug\Accoder_MIDI.a(Bass_Notes.o)
                0x000057bc                Bass_Notes_Read
 .text.Chorus_Speed_Write
                0x000057d4       0x20 .\CortexM3\ARM_GCC_493\Debug\Accoder_MIDI.a(Chorus_Speed.o)
                0x000057d4                Chorus_Speed_Write
 .text.Tabs_1_Write
                0x000057f4       0x20 .\CortexM3\ARM_GCC_493\Debug\Accoder_MIDI.a(Tabs_1.o)
                0x000057f4                Tabs_1_Write
 .text.Tabs_1_Read
                0x00005814       0x18 .\CortexM3\ARM_GCC_493\Debug\Accoder_MIDI.a(Tabs_1.o)
                0x00005814                Tabs_1_Read
 .text.Tabs_2_Write
                0x0000582c       0x20 .\CortexM3\ARM_GCC_493\Debug\Accoder_MIDI.a(Tabs_2.o)
                0x0000582c                Tabs_2_Write
 .text.Tabs_2_Read
                0x0000584c       0x18 .\CortexM3\ARM_GCC_493\Debug\Accoder_MIDI.a(Tabs_2.o)
                0x0000584c                Tabs_2_Read
 .text.Tabs_3_Write
                0x00005864       0x20 .\CortexM3\ARM_GCC_493\Debug\Accoder_MIDI.a(Tabs_3.o)
                0x00005864                Tabs_3_Write
 .text.Tabs_3_Read
                0x00005884       0x18 .\CortexM3\ARM_GCC_493\Debug\Accoder_MIDI.a(Tabs_3.o)
                0x00005884                Tabs_3_Read
 .text.Tabs_4_Write
                0x0000589c       0x20 .\CortexM3\ARM_GCC_493\Debug\Accoder_MIDI.a(Tabs_4.o)
                0x0000589c                Tabs_4_Write
 .text.Tabs_4_Read
                0x000058bc       0x18 .\CortexM3\ARM_GCC_493\Debug\Accoder_MIDI.a(Tabs_4.o)
                0x000058bc                Tabs_4_Read
 *fill*         0x000058d4        0x4 
 .text          0x000058d8       0x20 .\CortexM3\ARM_GCC_493\Debug\Accoder_MIDI.a(CyBootAsmGnu.o)
                0x000058d8                CyDelayCycles
                0x000058e8                CyEnterCriticalSection
                0x000058f0                CyExitCriticalSection
 .text.MIDI1_UART_Start
                0x000058f8       0x20 .\CortexM3\ARM_GCC_493\Debug\Accoder_MIDI.a(MIDI1_UART.o)
                0x000058f8                MIDI1_UART_Start
 .text.MIDI1_UART_Init
                0x00005918       0x6c .\CortexM3\ARM_GCC_493\Debug\Accoder_MIDI.a(MIDI1_UART.o)
                0x00005918                MIDI1_UART_Init
 .text.MIDI1_UART_Enable
                0x00005984       0x74 .\CortexM3\ARM_GCC_493\Debug\Accoder_MIDI.a(MIDI1_UART.o)
                0x00005984                MIDI1_UART_Enable
 .text.MIDI1_UART_Stop
                0x000059f8       0x68 .\CortexM3\ARM_GCC_493\Debug\Accoder_MIDI.a(MIDI1_UART.o)
                0x000059f8                MIDI1_UART_Stop
 .text.MIDI1_UART_ClearRxBuffer
                0x00005a60       0x7c .\CortexM3\ARM_GCC_493\Debug\Accoder_MIDI.a(MIDI1_UART.o)
                0x00005a60                MIDI1_UART_ClearRxBuffer
 .text.MIDI1_UART_PutChar
                0x00005adc       0xb8 .\CortexM3\ARM_GCC_493\Debug\Accoder_MIDI.a(MIDI1_UART.o)
                0x00005adc                MIDI1_UART_PutChar
 .text.MIDI1_UART_ClearTxBuffer
                0x00005b94       0x68 .\CortexM3\ARM_GCC_493\Debug\Accoder_MIDI.a(MIDI1_UART.o)
                0x00005b94                MIDI1_UART_ClearTxBuffer
 .text.MIDI1_UART_RXISR
                0x00005bfc       0xdc .\CortexM3\ARM_GCC_493\Debug\Accoder_MIDI.a(MIDI1_UART_INT.o)
                0x00005bfc                MIDI1_UART_RXISR
 .text.MIDI1_UART_TXISR
                0x00005cd8       0x70 .\CortexM3\ARM_GCC_493\Debug\Accoder_MIDI.a(MIDI1_UART_INT.o)
                0x00005cd8                MIDI1_UART_TXISR
 .text.MIDI2_UART_Start
                0x00005d48       0x20 .\CortexM3\ARM_GCC_493\Debug\Accoder_MIDI.a(MIDI2_UART.o)
                0x00005d48                MIDI2_UART_Start
 .text.MIDI2_UART_Init
                0x00005d68       0x6c .\CortexM3\ARM_GCC_493\Debug\Accoder_MIDI.a(MIDI2_UART.o)
                0x00005d68                MIDI2_UART_Init
 .text.MIDI2_UART_Enable
                0x00005dd4       0x74 .\CortexM3\ARM_GCC_493\Debug\Accoder_MIDI.a(MIDI2_UART.o)
                0x00005dd4                MIDI2_UART_Enable
 .text.MIDI2_UART_Stop
                0x00005e48       0x68 .\CortexM3\ARM_GCC_493\Debug\Accoder_MIDI.a(MIDI2_UART.o)
                0x00005e48                MIDI2_UART_Stop
 .text.MIDI2_UART_ClearRxBuffer
                0x00005eb0       0x7c .\CortexM3\ARM_GCC_493\Debug\Accoder_MIDI.a(MIDI2_UART.o)
                0x00005eb0                MIDI2_UART_ClearRxBuffer
 .text.MIDI2_UART_PutChar
                0x00005f2c       0xb8 .\CortexM3\ARM_GCC_493\Debug\Accoder_MIDI.a(MIDI2_UART.o)
                0x00005f2c                MIDI2_UART_PutChar
 .text.MIDI2_UART_ClearTxBuffer
                0x00005fe4       0x68 .\CortexM3\ARM_GCC_493\Debug\Accoder_MIDI.a(MIDI2_UART.o)
                0x00005fe4                MIDI2_UART_ClearTxBuffer
 .text.MIDI2_UART_RXISR
                0x0000604c       0xdc .\CortexM3\ARM_GCC_493\Debug\Accoder_MIDI.a(MIDI2_UART_INT.o)
                0x0000604c                MIDI2_UART_RXISR
 .text.MIDI2_UART_TXISR
                0x00006128       0x70 .\CortexM3\ARM_GCC_493\Debug\Accoder_MIDI.a(MIDI2_UART_INT.o)
                0x00006128                MIDI2_UART_TXISR
 .text.USB_DispatchClassRqst
                0x00006198       0x7c .\CortexM3\ARM_GCC_493\Debug\Accoder_MIDI.a(USB_cls.o)
                0x00006198                USB_DispatchClassRqst
 .text.CyFlash_SetWaitCycles
                0x00006214       0xbc .\CortexM3\ARM_GCC_493\Debug\Accoder_MIDI.a(CyFlash.o)
                0x00006214                CyFlash_SetWaitCycles
 .text.USB_DispatchAUDIOClassRqst
                0x000062d0       0x8c .\CortexM3\ARM_GCC_493\Debug\Accoder_MIDI.a(USB_audio.o)
                0x000062d0                USB_DispatchAUDIOClassRqst
 .text.__errno  0x0000635c        0xc c:/program files (x86)/cypress/psoc creator/4.0/psoc creator/import/gnu/arm/4.9.3/bin/../lib/gcc/arm-none-eabi/4.9.3/../../../../arm-none-eabi/lib/armv7-m\libg_nano.a(lib_a-errno.o)
                0x0000635c                __errno
 .text.__libc_init_array
                0x00006368       0x4c c:/program files (x86)/cypress/psoc creator/4.0/psoc creator/import/gnu/arm/4.9.3/bin/../lib/gcc/arm-none-eabi/4.9.3/../../../../arm-none-eabi/lib/armv7-m\libg_nano.a(lib_a-init.o)
                0x00006368                __libc_init_array
 .text.memcpy   0x000063b4       0x16 c:/program files (x86)/cypress/psoc creator/4.0/psoc creator/import/gnu/arm/4.9.3/bin/../lib/gcc/arm-none-eabi/4.9.3/../../../../arm-none-eabi/lib/armv7-m\libg_nano.a(lib_a-memcpy.o)
                0x000063b4                memcpy
 .text.memset   0x000063ca       0x10 c:/program files (x86)/cypress/psoc creator/4.0/psoc creator/import/gnu/arm/4.9.3/bin/../lib/gcc/arm-none-eabi/4.9.3/../../../../arm-none-eabi/lib/armv7-m\libg_nano.a(lib_a-memset.o)
                0x000063ca                memset
 *(.plt)
 *(.gnu.warning)
 *(.glue_7t)
 .glue_7t       0x00000000        0x0 linker stubs
 *(.glue_7)
 .glue_7        0x00000000        0x0 linker stubs
 *(.vfp11_veneer)
 .vfp11_veneer  0x00000000        0x0 linker stubs
 *(.bootloader)
 *(.ARM.extab* .gnu.linkonce.armextab.*)
 *(.gcc_except_table)

.v4_bx          0x000063dc        0x0
 .v4_bx         0x00000000        0x0 linker stubs

.iplt           0x000063dc        0x0
 .iplt          0x00000000        0x0 c:/program files (x86)/cypress/psoc creator/4.0/psoc creator/import/gnu/arm/4.9.3/bin/../lib/gcc/arm-none-eabi/4.9.3/armv7-m/crtbegin.o

.eh_frame_hdr
 *(.eh_frame_hdr)

.eh_frame       0x000063dc        0x4
 *(.eh_frame)
 .eh_frame      0x000063dc        0x0 c:/program files (x86)/cypress/psoc creator/4.0/psoc creator/import/gnu/arm/4.9.3/bin/../lib/gcc/arm-none-eabi/4.9.3/armv7-m/crtbegin.o
 .eh_frame      0x000063dc        0x4 c:/program files (x86)/cypress/psoc creator/4.0/psoc creator/import/gnu/arm/4.9.3/bin/../lib/gcc/arm-none-eabi/4.9.3/armv7-m/crtend.o
                0x000063e0                PROVIDE (__exidx_start, .)

.ARM.exidx
 *(.ARM.exidx* .gnu.linkonce.armexidx.*)
                0x000063e0                __exidx_end = .

.rodata         0x000063e0      0x2b8
 *(.rodata .rodata.* .gnu.linkonce.r.*)
 .rodata        0x000063e0       0x10 .\CortexM3\ARM_GCC_493\Debug\main.o
                0x000063e0                MIDI_IDENTITY_REPLY
 .rodata        0x000063f0       0x44 .\CortexM3\ARM_GCC_493\Debug\Accoder_MIDI.a(cyfitter_cfg.o)
 .rodata        0x00006434       0x14 .\CortexM3\ARM_GCC_493\Debug\Accoder_MIDI.a(USB_std.o)
 .rodata        0x00006448       0x10 .\CortexM3\ARM_GCC_493\Debug\Accoder_MIDI.a(USB_midi.o)
 .rodata        0x00006458       0x10 .\CortexM3\ARM_GCC_493\Debug\Accoder_MIDI.a(cyPm.o)
 .rodata        0x00006468      0x1f4 .\CortexM3\ARM_GCC_493\Debug\Accoder_MIDI.a(USB_descr.o)
                0x00006468                USB_DEVICE0_DESCR
                0x0000647c                USB_DEVICE0_CONFIGURATION0_DESCR
                0x00006504                USB_STRING_DESCRIPTORS
                0x000065c0                USB_SN_STRING_DESCRIPTOR
                0x000065c4                USB_DEVICE0_CONFIGURATION0_EP_SETTINGS_TABLE
                0x000065d4                USB_DEVICE0_CONFIGURATION0_INTERFACE_CLASS
                0x000065d8                USB_DEVICE0_CONFIGURATION0_TABLE
                0x00006600                USB_DEVICE0_TABLE
                0x00006618                USB_TABLE
                0x00006620                USB_MSOS_DESCRIPTOR
                0x00006634                USB_MSOS_CONFIGURATION_DESCR
 .rodata.str1.1
                0x0000665c        0x2 c:/program files (x86)/cypress/psoc creator/4.0/psoc creator/import/gnu/arm/4.9.3/bin/../lib/gcc/arm-none-eabi/4.9.3/../../../../arm-none-eabi/lib/armv7-m\libg_nano.a(lib_a-impure.o)
                0x00006660                . = ALIGN (0x4)
 *fill*         0x0000665e        0x2 
 *(.init)
 .init          0x00006660        0x4 c:/program files (x86)/cypress/psoc creator/4.0/psoc creator/import/gnu/arm/4.9.3/bin/../lib/gcc/arm-none-eabi/4.9.3/armv7-m/crti.o
                0x00006660                _init
 .init          0x00006664        0x8 c:/program files (x86)/cypress/psoc creator/4.0/psoc creator/import/gnu/arm/4.9.3/bin/../lib/gcc/arm-none-eabi/4.9.3/armv7-m/crtn.o
                0x0000666c                . = ALIGN (0x4)
                0x0000666c                __preinit_array_start = .
 *(.preinit_array)
                0x0000666c                __preinit_array_end = .
                0x0000666c                . = ALIGN (0x4)
                0x0000666c                __init_array_start = .
 *(SORT(.init_array.*))
 *(.init_array)
 .init_array    0x0000666c        0x4 c:/program files (x86)/cypress/psoc creator/4.0/psoc creator/import/gnu/arm/4.9.3/bin/../lib/gcc/arm-none-eabi/4.9.3/armv7-m/crtbegin.o
 .init_array    0x00006670        0x4 .\CortexM3\ARM_GCC_493\Debug\Cm3Start.o
                0x00006674                __init_array_end = .
                0x00006674                . = ALIGN (0x4)
 *(.fini)
 .fini          0x00006674        0x4 c:/program files (x86)/cypress/psoc creator/4.0/psoc creator/import/gnu/arm/4.9.3/bin/../lib/gcc/arm-none-eabi/4.9.3/armv7-m/crti.o
                0x00006674                _fini
 .fini          0x00006678        0x8 c:/program files (x86)/cypress/psoc creator/4.0/psoc creator/import/gnu/arm/4.9.3/bin/../lib/gcc/arm-none-eabi/4.9.3/armv7-m/crtn.o
                0x00006680                . = ALIGN (0x4)
                0x00006680                __fini_array_start = .
 *(.fini_array)
 .fini_array    0x00006680        0x4 c:/program files (x86)/cypress/psoc creator/4.0/psoc creator/import/gnu/arm/4.9.3/bin/../lib/gcc/arm-none-eabi/4.9.3/armv7-m/crtbegin.o
 *(SORT(.fini_array.*))
                0x00006684                __fini_array_end = .
                0x00006684                . = ALIGN (0x4)
 *crtbegin.o(.ctors)
 *(EXCLUDE_FILE(*crtend.o) .ctors)
 *(SORT(.ctors.*))
 *crtend.o(.ctors)
                0x00006684                . = ALIGN (0x4)
 *crtbegin.o(.dtors)
 *(EXCLUDE_FILE(*crtend.o) .dtors)
 *(SORT(.dtors.*))
 *crtend.o(.dtors)
                0x00006684                . = ALIGN (0x4)
                0x00006684                __cy_regions = .
                0x00006684        0x4 LONG 0x6698 __cy_region_init_ram
                0x00006688        0x4 LONG 0x1fff8108 __cy_region_start_data
                0x0000668c        0x4 LONG 0x78 __cy_region_init_size_ram
                0x00006690        0x4 LONG 0x5b0 __cy_region_zero_size_ram
                0x00006694                __cy_regions_end = .
                0x00006698                . = ALIGN (0x8)
 *fill*         0x00006694        0x4 
                0x00006698                _etext = .

.cy_checksum_exclude
                0x00006698        0x0
 *(.cy_checksum_exclude)

.ramvectors     0x1fff8000      0x100
                0x1fff8000                __cy_region_start_ram = .
 *(.ramvectors)
 .ramvectors    0x1fff8000      0x100 .\CortexM3\ARM_GCC_493\Debug\Cm3Start.o
                0x1fff8000                CyRamVectors

.noinit         0x1fff8100        0x5
 *(.noinit)
 .noinit        0x1fff8100        0x4 .\CortexM3\ARM_GCC_493\Debug\Cm3Start.o
 .noinit        0x1fff8104        0x1 .\CortexM3\ARM_GCC_493\Debug\Accoder_MIDI.a(CyLib.o)
                0x1fff8104                CyResetStatus

.data           0x1fff8108       0x78 load address 0x00006698
                0x1fff8108                __cy_region_start_data = .
 *(.jcr)
 .jcr           0x1fff8108        0x0 c:/program files (x86)/cypress/psoc creator/4.0/psoc creator/import/gnu/arm/4.9.3/bin/../lib/gcc/arm-none-eabi/4.9.3/armv7-m/crtbegin.o
 .jcr           0x1fff8108        0x4 c:/program files (x86)/cypress/psoc creator/4.0/psoc creator/import/gnu/arm/4.9.3/bin/../lib/gcc/arm-none-eabi/4.9.3/armv7-m/crtend.o
 *(.got.plt)
 *(.got)
 *(.shdata)
 *(.data .data.* .gnu.linkonce.d.*)
 .data          0x1fff810c       0x10 .\CortexM3\ARM_GCC_493\Debug\Accoder_MIDI.a(CyLib.o)
                0x1fff810c                cydelay_freq_hz
                0x1fff8110                cydelay_freq_khz
                0x1fff8114                cydelay_freq_mhz
                0x1fff8118                cydelay_32k_ms
 .data.impure_data
                0x1fff811c       0x60 c:/program files (x86)/cypress/psoc creator/4.0/psoc creator/import/gnu/arm/4.9.3/bin/../lib/gcc/arm-none-eabi/4.9.3/../../../../arm-none-eabi/lib/armv7-m\libg_nano.a(lib_a-impure.o)
 .data._impure_ptr
                0x1fff817c        0x4 c:/program files (x86)/cypress/psoc creator/4.0/psoc creator/import/gnu/arm/4.9.3/bin/../lib/gcc/arm-none-eabi/4.9.3/../../../../arm-none-eabi/lib/armv7-m\libg_nano.a(lib_a-impure.o)
                0x1fff817c                _impure_ptr
                0x1fff8180                . = ALIGN (0x8)
 *(.ram)
                0x1fff8180                _edata = .

.igot.plt       0x1fff8180        0x0 load address 0x00006710
 .igot.plt      0x00000000        0x0 c:/program files (x86)/cypress/psoc creator/4.0/psoc creator/import/gnu/arm/4.9.3/bin/../lib/gcc/arm-none-eabi/4.9.3/armv7-m/crtbegin.o

.bss            0x1fff8180      0x5b0 load address 0x00006710
                0x1fff8180                PROVIDE (__bss_start__, .)
 *(.shbss)
 *(.bss .bss.* .gnu.linkonce.b.*)
 .bss           0x1fff8180       0x1c c:/program files (x86)/cypress/psoc creator/4.0/psoc creator/import/gnu/arm/4.9.3/bin/../lib/gcc/arm-none-eabi/4.9.3/armv7-m/crtbegin.o
 .bss           0x1fff819c        0x5 .\CortexM3\ARM_GCC_493\Debug\main.o
                0x1fff819c                usbActivityCounter
                0x1fff819d                csButtStates
                0x1fff819e                csButtStatesOld
                0x1fff819f                csButtChange
                0x1fff81a0                inqFlagsOld
 .bss           0x1fff81a1        0x1 .\CortexM3\ARM_GCC_493\Debug\Accoder_MIDI.a(SleepTimer.o)
                0x1fff81a1                SleepTimer_initVar
 *fill*         0x1fff81a2        0x2 
 .bss           0x1fff81a4        0x4 .\CortexM3\ARM_GCC_493\Debug\Accoder_MIDI.a(MIDI1_UART_PM.o)
 .bss           0x1fff81a8        0x4 .\CortexM3\ARM_GCC_493\Debug\Accoder_MIDI.a(MIDI2_UART_PM.o)
 .bss           0x1fff81ac        0x1 .\CortexM3\ARM_GCC_493\Debug\Accoder_MIDI.a(USB.o)
                0x1fff81ac                USB_initVar
 *fill*         0x1fff81ad        0x3 
 .bss           0x1fff81b0        0x4 .\CortexM3\ARM_GCC_493\Debug\Accoder_MIDI.a(USB_pm.o)
 .bss           0x1fff81b4        0x4 .\CortexM3\ARM_GCC_493\Debug\Accoder_MIDI.a(USB_std.o)
 .bss           0x1fff81b8       0x18 .\CortexM3\ARM_GCC_493\Debug\Accoder_MIDI.a(USB_midi.o)
 .bss           0x1fff81d0       0x44 .\CortexM3\ARM_GCC_493\Debug\Accoder_MIDI.a(cyPm.o)
 .bss           0x1fff8214        0x9 .\CortexM3\ARM_GCC_493\Debug\Accoder_MIDI.a(MIDI1_UART.o)
                0x1fff8214                MIDI1_UART_initVar
                0x1fff8215                MIDI1_UART_txBufferRead
                0x1fff8216                MIDI1_UART_txBufferWrite
                0x1fff8217                MIDI1_UART_errorStatus
                0x1fff8218                MIDI1_UART_rxBufferRead
                0x1fff8219                MIDI1_UART_rxBufferWrite
                0x1fff821a                MIDI1_UART_rxBufferLoopDetect
                0x1fff821b                MIDI1_UART_rxBufferOverflow
 .bss           0x1fff821d        0x9 .\CortexM3\ARM_GCC_493\Debug\Accoder_MIDI.a(MIDI2_UART.o)
                0x1fff821d                MIDI2_UART_initVar
                0x1fff821e                MIDI2_UART_txBufferRead
                0x1fff821f                MIDI2_UART_txBufferWrite
                0x1fff8220                MIDI2_UART_errorStatus
                0x1fff8221                MIDI2_UART_rxBufferRead
                0x1fff8222                MIDI2_UART_rxBufferWrite
                0x1fff8223                MIDI2_UART_rxBufferLoopDetect
                0x1fff8224                MIDI2_UART_rxBufferOverflow
 *(COMMON)
 *fill*         0x1fff8226        0x2 
 COMMON         0x1fff8228       0x98 .\CortexM3\ARM_GCC_493\Debug\Accoder_MIDI.a(USB_drv.o)
                0x1fff8228                USB_transferState
                0x1fff8229                USB_interfaceNumber
                0x1fff822a                USB_lastPacketSize
                0x1fff822c                USB_interfaceClass
                0x1fff8230                USB_interfaceSetting
                0x1fff8232                USB_ep0Mode
                0x1fff8233                USB_device
                0x1fff8234                USB_deviceAddress
                0x1fff8235                USB_ep0Toggle
                0x1fff8238                USB_interfaceSettingLast
                0x1fff823a                USB_configurationChanged
                0x1fff823c                USB_interfaceStatus
                0x1fff823e                USB_transferByteCount
                0x1fff8240                USB_configuration
                0x1fff8244                USB_currentTD
                0x1fff8250                USB_ep0Count
                0x1fff8251                USB_deviceStatus
                0x1fff8254                USB_EP
 COMMON         0x1fff82c0       0x48 .\CortexM3\ARM_GCC_493\Debug\Accoder_MIDI.a(USB_midi.o)
                0x1fff82c0                USB_midiOutBuffer
                0x1fff82e0                USB_MIDI1_InqFlags
                0x1fff82e1                USB_midi_in_ep
                0x1fff82e2                USB_midiInPointer
                0x1fff82e3                USB_MIDI2_InqFlags
                0x1fff82e4                USB_midi_out_ep
                0x1fff82e8                USB_midiInBuffer
 COMMON         0x1fff8308      0x1ff .\CortexM3\ARM_GCC_493\Debug\Accoder_MIDI.a(MIDI1_UART.o)
                0x1fff8308                MIDI1_UART_txBuffer
                0x1fff8408                MIDI1_UART_rxBuffer
 *fill*         0x1fff8507        0x1 
 COMMON         0x1fff8508      0x1ff .\CortexM3\ARM_GCC_493\Debug\Accoder_MIDI.a(MIDI2_UART.o)
                0x1fff8508                MIDI2_UART_rxBuffer
                0x1fff8608                MIDI2_UART_txBuffer
 *fill*         0x1fff8707        0x1 
 COMMON         0x1fff8708       0x22 .\CortexM3\ARM_GCC_493\Debug\Accoder_MIDI.a(USB_descr.o)
                0x1fff8708                USB_idSerialNumberStringDescriptor
                0x1fff8730                . = ALIGN (0x8)
 *fill*         0x1fff872a        0x6 
 *(.ram.b)
                0x1fff8730                _end = .
                0x1fff8730                __end = .
                0x1fff8730                PROVIDE (end, .)
                0x1fff8730                PROVIDE (__bss_end__, .)
                0x00006698                __cy_region_init_ram = LOADADDR (.data)
                0x00000078                __cy_region_init_size_ram = (_edata - ADDR (.data))
                0x000005b0                __cy_region_zero_size_ram = (_end - _edata)

.heap           0x1fff8730       0x80 load address 0x00006710
                0x1fff8730                . = _end
                0x1fff87b0                . = (. + 0x80)
 *fill*         0x1fff8730       0x80 
                0x1fff87b0                __cy_heap_limit = .

.stack          0x20007800      0x800
                0x20007800                __cy_stack_limit = .
                0x20008000                . = (. + 0x800)
 *fill*         0x20007800      0x800 
                0x00000001                ASSERT ((__cy_stack_limit >= __cy_heap_limit), region RAM overflowed with stack)
                0x00000000                cy_checksum_exclude_size = (CY_APPL_LOADABLE == 0x1)?SIZEOF (.cy_checksum_exclude):0x0
                0x00000001                ASSERT ((cy_checksum_exclude_size <= CY_CHECKSUM_EXCLUDE_SIZE), CY_BOOT: Section .cy_checksum_exclude size exceedes specified limit.)

.cyloadermeta
 *(.cyloadermeta)

.cyloadablemeta
 *(.cyloadablemeta)

.cyconfigecc    0x80000000     0x1168
 *(.cyconfigecc)
 .cyconfigecc   0x80000000     0x1168 .\CortexM3\ARM_GCC_493\Debug\cymetadata.o
                0x80000000                cy_meta_configecc

.cycustnvl      0x90000000        0x4
 *(.cycustnvl)
 .cycustnvl     0x90000000        0x4 .\CortexM3\ARM_GCC_493\Debug\cymetadata.o
                0x90000000                cy_meta_custnvl

.cywolatch      0x90100000        0x4
 *(.cywolatch)
 .cywolatch     0x90100000        0x4 .\CortexM3\ARM_GCC_493\Debug\cymetadata.o
                0x90100000                cy_meta_wonvl

.cyeeprom       0x90200000        0x0
 *(.cyeeprom)
                0x00000001                ASSERT ((. <= ((0x90200000 + ee_offset) + ee_size)), .cyeeprom data will not fit in EEPROM)

.cyflashprotect
                0x90400000      0x100
 *(.cyflashprotect)
 .cyflashprotect
                0x90400000      0x100 .\CortexM3\ARM_GCC_493\Debug\cymetadata.o
                0x90400000                cy_meta_flashprotect

.cymeta         0x90500000        0xc
 *(.cymeta)
 .cymeta        0x90500000        0xc .\CortexM3\ARM_GCC_493\Debug\cymetadata.o
                0x90500000                cy_metadata

.rel.dyn        0x00006710        0x0 load address 0x9050000c
 .rel.iplt      0x00000000        0x0 c:/program files (x86)/cypress/psoc creator/4.0/psoc creator/import/gnu/arm/4.9.3/bin/../lib/gcc/arm-none-eabi/4.9.3/armv7-m/crtbegin.o

.stab
 *(.stab)

.stabstr
 *(.stabstr)

.debug
 *(.debug)

.line
 *(.line)

.debug_srcinfo
 *(.debug_srcinfo)

.debug_sfnames
 *(.debug_sfnames)

.debug_aranges  0x00000000     0x1040
 *(.debug_aranges)
 .debug_aranges
                0x00000000       0x70 .\CortexM3\ARM_GCC_493\Debug\main.o
 .debug_aranges
                0x00000070       0x18 .\CortexM3\ARM_GCC_493\Debug\cymetadata.o
 .debug_aranges
                0x00000088       0x48 .\CortexM3\ARM_GCC_493\Debug\Cm3Start.o
 .debug_aranges
                0x000000d0       0x60 .\CortexM3\ARM_GCC_493\Debug\Accoder_MIDI.a(cyfitter_cfg.o)
 .debug_aranges
                0x00000130       0x38 .\CortexM3\ARM_GCC_493\Debug\Accoder_MIDI.a(SW2.o)
 .debug_aranges
                0x00000168       0x58 .\CortexM3\ARM_GCC_493\Debug\Accoder_MIDI.a(SleepTimer.o)
 .debug_aranges
                0x000001c0       0x38 .\CortexM3\ARM_GCC_493\Debug\Accoder_MIDI.a(SW1.o)
 .debug_aranges
                0x000001f8       0x38 .\CortexM3\ARM_GCC_493\Debug\Accoder_MIDI.a(MIDI_PWR.o)
 .debug_aranges
                0x00000230       0x38 .\CortexM3\ARM_GCC_493\Debug\Accoder_MIDI.a(LED_OutB.o)
 .debug_aranges
                0x00000268       0x38 .\CortexM3\ARM_GCC_493\Debug\Accoder_MIDI.a(LED_InB.o)
 .debug_aranges
                0x000002a0       0x38 .\CortexM3\ARM_GCC_493\Debug\Accoder_MIDI.a(LED_OutA.o)
 .debug_aranges
                0x000002d8       0x38 .\CortexM3\ARM_GCC_493\Debug\Accoder_MIDI.a(LED_InA.o)
 .debug_aranges
                0x00000310       0x38 .\CortexM3\ARM_GCC_493\Debug\Accoder_MIDI.a(MIDI1_UART_PM.o)
 .debug_aranges
                0x00000348       0x38 .\CortexM3\ARM_GCC_493\Debug\Accoder_MIDI.a(MIDI2_UART_PM.o)
 .debug_aranges
                0x00000380       0xc8 .\CortexM3\ARM_GCC_493\Debug\Accoder_MIDI.a(USB.o)
 .debug_aranges
                0x00000448       0x98 .\CortexM3\ARM_GCC_493\Debug\Accoder_MIDI.a(USB_drv.o)
 .debug_aranges
                0x000004e0       0x38 .\CortexM3\ARM_GCC_493\Debug\Accoder_MIDI.a(USB_episr.o)
 .debug_aranges
                0x00000518       0x40 .\CortexM3\ARM_GCC_493\Debug\Accoder_MIDI.a(USB_pm.o)
 .debug_aranges
                0x00000558       0x80 .\CortexM3\ARM_GCC_493\Debug\Accoder_MIDI.a(USB_std.o)
 .debug_aranges
                0x000005d8       0x20 .\CortexM3\ARM_GCC_493\Debug\Accoder_MIDI.a(USB_vnd.o)
 .debug_aranges
                0x000005f8       0x78 .\CortexM3\ARM_GCC_493\Debug\Accoder_MIDI.a(USB_midi.o)
 .debug_aranges
                0x00000670       0x80 .\CortexM3\ARM_GCC_493\Debug\Accoder_MIDI.a(Sleep_isr.o)
 .debug_aranges
                0x000006f0       0x48 .\CortexM3\ARM_GCC_493\Debug\Accoder_MIDI.a(USB_Dp.o)
 .debug_aranges
                0x00000738      0x2a0 .\CortexM3\ARM_GCC_493\Debug\Accoder_MIDI.a(CyLib.o)
 .debug_aranges
                0x000009d8       0x98 .\CortexM3\ARM_GCC_493\Debug\Accoder_MIDI.a(cyPm.o)
 .debug_aranges
                0x00000a70       0x28 .\CortexM3\ARM_GCC_493\Debug\Accoder_MIDI.a(Keys_Notes_1.o)
 .debug_aranges
                0x00000a98       0x28 .\CortexM3\ARM_GCC_493\Debug\Accoder_MIDI.a(Keys_Notes_2.o)
 .debug_aranges
                0x00000ac0       0x28 .\CortexM3\ARM_GCC_493\Debug\Accoder_MIDI.a(Keys_Notes_3.o)
 .debug_aranges
                0x00000ae8       0x28 .\CortexM3\ARM_GCC_493\Debug\Accoder_MIDI.a(Keys_Notes_4.o)
 .debug_aranges
                0x00000b10       0x28 .\CortexM3\ARM_GCC_493\Debug\Accoder_MIDI.a(Keys_Notes_5.o)
 .debug_aranges
                0x00000b38       0x28 .\CortexM3\ARM_GCC_493\Debug\Accoder_MIDI.a(Keys_Notes_6.o)
 .debug_aranges
                0x00000b60       0x28 .\CortexM3\ARM_GCC_493\Debug\Accoder_MIDI.a(Chords_Notes.o)
 .debug_aranges
                0x00000b88       0x28 .\CortexM3\ARM_GCC_493\Debug\Accoder_MIDI.a(Chords_Bass_Notes.o)
 .debug_aranges
                0x00000bb0       0x28 .\CortexM3\ARM_GCC_493\Debug\Accoder_MIDI.a(Bass_Notes.o)
 .debug_aranges
                0x00000bd8       0x28 .\CortexM3\ARM_GCC_493\Debug\Accoder_MIDI.a(Chorus_Speed.o)
 .debug_aranges
                0x00000c00       0x28 .\CortexM3\ARM_GCC_493\Debug\Accoder_MIDI.a(Tabs_1.o)
 .debug_aranges
                0x00000c28       0x28 .\CortexM3\ARM_GCC_493\Debug\Accoder_MIDI.a(Tabs_2.o)
 .debug_aranges
                0x00000c50       0x28 .\CortexM3\ARM_GCC_493\Debug\Accoder_MIDI.a(Tabs_3.o)
 .debug_aranges
                0x00000c78       0x28 .\CortexM3\ARM_GCC_493\Debug\Accoder_MIDI.a(Tabs_4.o)
 .debug_aranges
                0x00000ca0       0x20 .\CortexM3\ARM_GCC_493\Debug\Accoder_MIDI.a(CyBootAsmGnu.o)
 .debug_aranges
                0x00000cc0       0xf0 .\CortexM3\ARM_GCC_493\Debug\Accoder_MIDI.a(MIDI1_UART.o)
 .debug_aranges
                0x00000db0       0x28 .\CortexM3\ARM_GCC_493\Debug\Accoder_MIDI.a(MIDI1_UART_INT.o)
 .debug_aranges
                0x00000dd8       0xf0 .\CortexM3\ARM_GCC_493\Debug\Accoder_MIDI.a(MIDI2_UART.o)
 .debug_aranges
                0x00000ec8       0x28 .\CortexM3\ARM_GCC_493\Debug\Accoder_MIDI.a(MIDI2_UART_INT.o)
 .debug_aranges
                0x00000ef0       0x20 .\CortexM3\ARM_GCC_493\Debug\Accoder_MIDI.a(USB_cls.o)
 .debug_aranges
                0x00000f10       0x18 .\CortexM3\ARM_GCC_493\Debug\Accoder_MIDI.a(USB_descr.o)
 .debug_aranges
                0x00000f28       0x80 .\CortexM3\ARM_GCC_493\Debug\Accoder_MIDI.a(CyFlash.o)
 .debug_aranges
                0x00000fa8       0x78 .\CortexM3\ARM_GCC_493\Debug\Accoder_MIDI.a(CySpc.o)
 .debug_aranges
                0x00001020       0x20 .\CortexM3\ARM_GCC_493\Debug\Accoder_MIDI.a(USB_audio.o)

.debug_pubnames
 *(.debug_pubnames)

.debug_info     0x00000000     0x7824
 *(.debug_info .gnu.linkonce.wi.*)
 .debug_info    0x00000000      0x265 .\CortexM3\ARM_GCC_493\Debug\main.o
 .debug_info    0x00000265      0x13f .\CortexM3\ARM_GCC_493\Debug\cymetadata.o
 .debug_info    0x000003a4      0x319 .\CortexM3\ARM_GCC_493\Debug\Cm3Start.o
 .debug_info    0x000006bd      0x44b .\CortexM3\ARM_GCC_493\Debug\Accoder_MIDI.a(cyfitter_cfg.o)
 .debug_info    0x00000b08      0x11e .\CortexM3\ARM_GCC_493\Debug\Accoder_MIDI.a(SW2.o)
 .debug_info    0x00000c26      0x1a4 .\CortexM3\ARM_GCC_493\Debug\Accoder_MIDI.a(SleepTimer.o)
 .debug_info    0x00000dca      0x11e .\CortexM3\ARM_GCC_493\Debug\Accoder_MIDI.a(SW1.o)
 .debug_info    0x00000ee8      0x11e .\CortexM3\ARM_GCC_493\Debug\Accoder_MIDI.a(MIDI_PWR.o)
 .debug_info    0x00001006      0x11e .\CortexM3\ARM_GCC_493\Debug\Accoder_MIDI.a(LED_OutB.o)
 .debug_info    0x00001124      0x11e .\CortexM3\ARM_GCC_493\Debug\Accoder_MIDI.a(LED_InB.o)
 .debug_info    0x00001242      0x11e .\CortexM3\ARM_GCC_493\Debug\Accoder_MIDI.a(LED_OutA.o)
 .debug_info    0x00001360      0x11e .\CortexM3\ARM_GCC_493\Debug\Accoder_MIDI.a(LED_InA.o)
 .debug_info    0x0000147e      0x11e .\CortexM3\ARM_GCC_493\Debug\Accoder_MIDI.a(MIDI1_UART_PM.o)
 .debug_info    0x0000159c      0x11e .\CortexM3\ARM_GCC_493\Debug\Accoder_MIDI.a(MIDI2_UART_PM.o)
 .debug_info    0x000016ba      0x70b .\CortexM3\ARM_GCC_493\Debug\Accoder_MIDI.a(USB.o)
 .debug_info    0x00001dc5      0x521 .\CortexM3\ARM_GCC_493\Debug\Accoder_MIDI.a(USB_drv.o)
 .debug_info    0x000022e6      0x21e .\CortexM3\ARM_GCC_493\Debug\Accoder_MIDI.a(USB_episr.o)
 .debug_info    0x00002504      0x186 .\CortexM3\ARM_GCC_493\Debug\Accoder_MIDI.a(USB_pm.o)
 .debug_info    0x0000268a      0x94d .\CortexM3\ARM_GCC_493\Debug\Accoder_MIDI.a(USB_std.o)
 .debug_info    0x00002fd7      0x19d .\CortexM3\ARM_GCC_493\Debug\Accoder_MIDI.a(USB_vnd.o)
 .debug_info    0x00003174      0x645 .\CortexM3\ARM_GCC_493\Debug\Accoder_MIDI.a(USB_midi.o)
 .debug_info    0x000037b9      0x23a .\CortexM3\ARM_GCC_493\Debug\Accoder_MIDI.a(Sleep_isr.o)
 .debug_info    0x000039f3      0x171 .\CortexM3\ARM_GCC_493\Debug\Accoder_MIDI.a(USB_Dp.o)
 .debug_info    0x00003b64      0xe4a .\CortexM3\ARM_GCC_493\Debug\Accoder_MIDI.a(CyLib.o)
 .debug_info    0x000049ae      0x561 .\CortexM3\ARM_GCC_493\Debug\Accoder_MIDI.a(cyPm.o)
 .debug_info    0x00004f0f       0xd7 .\CortexM3\ARM_GCC_493\Debug\Accoder_MIDI.a(Keys_Notes_1.o)
 .debug_info    0x00004fe6       0xd7 .\CortexM3\ARM_GCC_493\Debug\Accoder_MIDI.a(Keys_Notes_2.o)
 .debug_info    0x000050bd       0xd7 .\CortexM3\ARM_GCC_493\Debug\Accoder_MIDI.a(Keys_Notes_3.o)
 .debug_info    0x00005194       0xd7 .\CortexM3\ARM_GCC_493\Debug\Accoder_MIDI.a(Keys_Notes_4.o)
 .debug_info    0x0000526b       0xd7 .\CortexM3\ARM_GCC_493\Debug\Accoder_MIDI.a(Keys_Notes_5.o)
 .debug_info    0x00005342       0xd7 .\CortexM3\ARM_GCC_493\Debug\Accoder_MIDI.a(Keys_Notes_6.o)
 .debug_info    0x00005419       0xd7 .\CortexM3\ARM_GCC_493\Debug\Accoder_MIDI.a(Chords_Notes.o)
 .debug_info    0x000054f0       0xd7 .\CortexM3\ARM_GCC_493\Debug\Accoder_MIDI.a(Chords_Bass_Notes.o)
 .debug_info    0x000055c7       0xd7 .\CortexM3\ARM_GCC_493\Debug\Accoder_MIDI.a(Bass_Notes.o)
 .debug_info    0x0000569e       0xd7 .\CortexM3\ARM_GCC_493\Debug\Accoder_MIDI.a(Chorus_Speed.o)
 .debug_info    0x00005775       0xd7 .\CortexM3\ARM_GCC_493\Debug\Accoder_MIDI.a(Tabs_1.o)
 .debug_info    0x0000584c       0xd7 .\CortexM3\ARM_GCC_493\Debug\Accoder_MIDI.a(Tabs_2.o)
 .debug_info    0x00005923       0xd7 .\CortexM3\ARM_GCC_493\Debug\Accoder_MIDI.a(Tabs_3.o)
 .debug_info    0x000059fa       0xd7 .\CortexM3\ARM_GCC_493\Debug\Accoder_MIDI.a(Tabs_4.o)
 .debug_info    0x00005ad1       0x99 .\CortexM3\ARM_GCC_493\Debug\Accoder_MIDI.a(CyBootAsmGnu.o)
 .debug_info    0x00005b6a      0x641 .\CortexM3\ARM_GCC_493\Debug\Accoder_MIDI.a(MIDI1_UART.o)
 .debug_info    0x000061ab      0x17c .\CortexM3\ARM_GCC_493\Debug\Accoder_MIDI.a(MIDI1_UART_INT.o)
 .debug_info    0x00006327      0x641 .\CortexM3\ARM_GCC_493\Debug\Accoder_MIDI.a(MIDI2_UART.o)
 .debug_info    0x00006968      0x17c .\CortexM3\ARM_GCC_493\Debug\Accoder_MIDI.a(MIDI2_UART_INT.o)
 .debug_info    0x00006ae4      0x1bc .\CortexM3\ARM_GCC_493\Debug\Accoder_MIDI.a(USB_cls.o)
 .debug_info    0x00006ca0      0x2d1 .\CortexM3\ARM_GCC_493\Debug\Accoder_MIDI.a(USB_descr.o)
 .debug_info    0x00006f71      0x36a .\CortexM3\ARM_GCC_493\Debug\Accoder_MIDI.a(CyFlash.o)
 .debug_info    0x000072db      0x453 .\CortexM3\ARM_GCC_493\Debug\Accoder_MIDI.a(CySpc.o)
 .debug_info    0x0000772e       0xf6 .\CortexM3\ARM_GCC_493\Debug\Accoder_MIDI.a(USB_audio.o)

.debug_abbrev   0x00000000     0x29e8
 *(.debug_abbrev)
 .debug_abbrev  0x00000000      0x13a .\CortexM3\ARM_GCC_493\Debug\main.o
 .debug_abbrev  0x0000013a       0x77 .\CortexM3\ARM_GCC_493\Debug\cymetadata.o
 .debug_abbrev  0x000001b1      0x1b6 .\CortexM3\ARM_GCC_493\Debug\Cm3Start.o
 .debug_abbrev  0x00000367      0x1b7 .\CortexM3\ARM_GCC_493\Debug\Accoder_MIDI.a(cyfitter_cfg.o)
 .debug_abbrev  0x0000051e       0x90 .\CortexM3\ARM_GCC_493\Debug\Accoder_MIDI.a(SW2.o)
 .debug_abbrev  0x000005ae       0xd3 .\CortexM3\ARM_GCC_493\Debug\Accoder_MIDI.a(SleepTimer.o)
 .debug_abbrev  0x00000681       0x90 .\CortexM3\ARM_GCC_493\Debug\Accoder_MIDI.a(SW1.o)
 .debug_abbrev  0x00000711       0x90 .\CortexM3\ARM_GCC_493\Debug\Accoder_MIDI.a(MIDI_PWR.o)
 .debug_abbrev  0x000007a1       0x90 .\CortexM3\ARM_GCC_493\Debug\Accoder_MIDI.a(LED_OutB.o)
 .debug_abbrev  0x00000831       0x90 .\CortexM3\ARM_GCC_493\Debug\Accoder_MIDI.a(LED_InB.o)
 .debug_abbrev  0x000008c1       0x90 .\CortexM3\ARM_GCC_493\Debug\Accoder_MIDI.a(LED_OutA.o)
 .debug_abbrev  0x00000951       0x90 .\CortexM3\ARM_GCC_493\Debug\Accoder_MIDI.a(LED_InA.o)
 .debug_abbrev  0x000009e1       0xa8 .\CortexM3\ARM_GCC_493\Debug\Accoder_MIDI.a(MIDI1_UART_PM.o)
 .debug_abbrev  0x00000a89       0xa8 .\CortexM3\ARM_GCC_493\Debug\Accoder_MIDI.a(MIDI2_UART_PM.o)
 .debug_abbrev  0x00000b31      0x1f3 .\CortexM3\ARM_GCC_493\Debug\Accoder_MIDI.a(USB.o)
 .debug_abbrev  0x00000d24      0x161 .\CortexM3\ARM_GCC_493\Debug\Accoder_MIDI.a(USB_drv.o)
 .debug_abbrev  0x00000e85       0xfd .\CortexM3\ARM_GCC_493\Debug\Accoder_MIDI.a(USB_episr.o)
 .debug_abbrev  0x00000f82       0xd1 .\CortexM3\ARM_GCC_493\Debug\Accoder_MIDI.a(USB_pm.o)
 .debug_abbrev  0x00001053      0x1b9 .\CortexM3\ARM_GCC_493\Debug\Accoder_MIDI.a(USB_std.o)
 .debug_abbrev  0x0000120c       0xc5 .\CortexM3\ARM_GCC_493\Debug\Accoder_MIDI.a(USB_vnd.o)
 .debug_abbrev  0x000012d1      0x1bd .\CortexM3\ARM_GCC_493\Debug\Accoder_MIDI.a(USB_midi.o)
 .debug_abbrev  0x0000148e      0x172 .\CortexM3\ARM_GCC_493\Debug\Accoder_MIDI.a(Sleep_isr.o)
 .debug_abbrev  0x00001600       0x90 .\CortexM3\ARM_GCC_493\Debug\Accoder_MIDI.a(USB_Dp.o)
 .debug_abbrev  0x00001690      0x217 .\CortexM3\ARM_GCC_493\Debug\Accoder_MIDI.a(CyLib.o)
 .debug_abbrev  0x000018a7      0x161 .\CortexM3\ARM_GCC_493\Debug\Accoder_MIDI.a(cyPm.o)
 .debug_abbrev  0x00001a08       0x81 .\CortexM3\ARM_GCC_493\Debug\Accoder_MIDI.a(Keys_Notes_1.o)
 .debug_abbrev  0x00001a89       0x81 .\CortexM3\ARM_GCC_493\Debug\Accoder_MIDI.a(Keys_Notes_2.o)
 .debug_abbrev  0x00001b0a       0x81 .\CortexM3\ARM_GCC_493\Debug\Accoder_MIDI.a(Keys_Notes_3.o)
 .debug_abbrev  0x00001b8b       0x81 .\CortexM3\ARM_GCC_493\Debug\Accoder_MIDI.a(Keys_Notes_4.o)
 .debug_abbrev  0x00001c0c       0x81 .\CortexM3\ARM_GCC_493\Debug\Accoder_MIDI.a(Keys_Notes_5.o)
 .debug_abbrev  0x00001c8d       0x81 .\CortexM3\ARM_GCC_493\Debug\Accoder_MIDI.a(Keys_Notes_6.o)
 .debug_abbrev  0x00001d0e       0x81 .\CortexM3\ARM_GCC_493\Debug\Accoder_MIDI.a(Chords_Notes.o)
 .debug_abbrev  0x00001d8f       0x81 .\CortexM3\ARM_GCC_493\Debug\Accoder_MIDI.a(Chords_Bass_Notes.o)
 .debug_abbrev  0x00001e10       0x81 .\CortexM3\ARM_GCC_493\Debug\Accoder_MIDI.a(Bass_Notes.o)
 .debug_abbrev  0x00001e91       0x81 .\CortexM3\ARM_GCC_493\Debug\Accoder_MIDI.a(Chorus_Speed.o)
 .debug_abbrev  0x00001f12       0x81 .\CortexM3\ARM_GCC_493\Debug\Accoder_MIDI.a(Tabs_1.o)
 .debug_abbrev  0x00001f93       0x81 .\CortexM3\ARM_GCC_493\Debug\Accoder_MIDI.a(Tabs_2.o)
 .debug_abbrev  0x00002014       0x81 .\CortexM3\ARM_GCC_493\Debug\Accoder_MIDI.a(Tabs_3.o)
 .debug_abbrev  0x00002095       0x81 .\CortexM3\ARM_GCC_493\Debug\Accoder_MIDI.a(Tabs_4.o)
 .debug_abbrev  0x00002116       0x14 .\CortexM3\ARM_GCC_493\Debug\Accoder_MIDI.a(CyBootAsmGnu.o)
 .debug_abbrev  0x0000212a      0x15f .\CortexM3\ARM_GCC_493\Debug\Accoder_MIDI.a(MIDI1_UART.o)
 .debug_abbrev  0x00002289       0xa2 .\CortexM3\ARM_GCC_493\Debug\Accoder_MIDI.a(MIDI1_UART_INT.o)
 .debug_abbrev  0x0000232b      0x15f .\CortexM3\ARM_GCC_493\Debug\Accoder_MIDI.a(MIDI2_UART.o)
 .debug_abbrev  0x0000248a       0xa2 .\CortexM3\ARM_GCC_493\Debug\Accoder_MIDI.a(MIDI2_UART_INT.o)
 .debug_abbrev  0x0000252c       0xc5 .\CortexM3\ARM_GCC_493\Debug\Accoder_MIDI.a(USB_cls.o)
 .debug_abbrev  0x000025f1       0xb4 .\CortexM3\ARM_GCC_493\Debug\Accoder_MIDI.a(USB_descr.o)
 .debug_abbrev  0x000026a5      0x13c .\CortexM3\ARM_GCC_493\Debug\Accoder_MIDI.a(CyFlash.o)
 .debug_abbrev  0x000027e1      0x16c .\CortexM3\ARM_GCC_493\Debug\Accoder_MIDI.a(CySpc.o)
 .debug_abbrev  0x0000294d       0x9b .\CortexM3\ARM_GCC_493\Debug\Accoder_MIDI.a(USB_audio.o)

.debug_line     0x00000000     0x3ede
 *(.debug_line)
 .debug_line    0x00000000      0x2e2 .\CortexM3\ARM_GCC_493\Debug\main.o
 .debug_line    0x000002e2       0x51 .\CortexM3\ARM_GCC_493\Debug\cymetadata.o
 .debug_line    0x00000333      0x1dc .\CortexM3\ARM_GCC_493\Debug\Cm3Start.o
 .debug_line    0x0000050f      0x21a .\CortexM3\ARM_GCC_493\Debug\Accoder_MIDI.a(cyfitter_cfg.o)
 .debug_line    0x00000729       0x92 .\CortexM3\ARM_GCC_493\Debug\Accoder_MIDI.a(SW2.o)
 .debug_line    0x000007bb       0xf6 .\CortexM3\ARM_GCC_493\Debug\Accoder_MIDI.a(SleepTimer.o)
 .debug_line    0x000008b1       0x92 .\CortexM3\ARM_GCC_493\Debug\Accoder_MIDI.a(SW1.o)
 .debug_line    0x00000943       0x97 .\CortexM3\ARM_GCC_493\Debug\Accoder_MIDI.a(MIDI_PWR.o)
 .debug_line    0x000009da       0x97 .\CortexM3\ARM_GCC_493\Debug\Accoder_MIDI.a(LED_OutB.o)
 .debug_line    0x00000a71       0x96 .\CortexM3\ARM_GCC_493\Debug\Accoder_MIDI.a(LED_InB.o)
 .debug_line    0x00000b07       0x97 .\CortexM3\ARM_GCC_493\Debug\Accoder_MIDI.a(LED_OutA.o)
 .debug_line    0x00000b9e       0x96 .\CortexM3\ARM_GCC_493\Debug\Accoder_MIDI.a(LED_InA.o)
 .debug_line    0x00000c34       0xb3 .\CortexM3\ARM_GCC_493\Debug\Accoder_MIDI.a(MIDI1_UART_PM.o)
 .debug_line    0x00000ce7       0xb3 .\CortexM3\ARM_GCC_493\Debug\Accoder_MIDI.a(MIDI2_UART_PM.o)
 .debug_line    0x00000d9a      0x2f6 .\CortexM3\ARM_GCC_493\Debug\Accoder_MIDI.a(USB.o)
 .debug_line    0x00001090      0x212 .\CortexM3\ARM_GCC_493\Debug\Accoder_MIDI.a(USB_drv.o)
 .debug_line    0x000012a2       0xc8 .\CortexM3\ARM_GCC_493\Debug\Accoder_MIDI.a(USB_episr.o)
 .debug_line    0x0000136a       0xde .\CortexM3\ARM_GCC_493\Debug\Accoder_MIDI.a(USB_pm.o)
 .debug_line    0x00001448      0x46b .\CortexM3\ARM_GCC_493\Debug\Accoder_MIDI.a(USB_std.o)
 .debug_line    0x000018b3       0x83 .\CortexM3\ARM_GCC_493\Debug\Accoder_MIDI.a(USB_vnd.o)
 .debug_line    0x00001936      0x36f .\CortexM3\ARM_GCC_493\Debug\Accoder_MIDI.a(USB_midi.o)
 .debug_line    0x00001ca5      0x144 .\CortexM3\ARM_GCC_493\Debug\Accoder_MIDI.a(Sleep_isr.o)
 .debug_line    0x00001de9       0xba .\CortexM3\ARM_GCC_493\Debug\Accoder_MIDI.a(USB_Dp.o)
 .debug_line    0x00001ea3      0x882 .\CortexM3\ARM_GCC_493\Debug\Accoder_MIDI.a(CyLib.o)
 .debug_line    0x00002725      0x37f .\CortexM3\ARM_GCC_493\Debug\Accoder_MIDI.a(cyPm.o)
 .debug_line    0x00002aa4       0x75 .\CortexM3\ARM_GCC_493\Debug\Accoder_MIDI.a(Keys_Notes_1.o)
 .debug_line    0x00002b19       0x75 .\CortexM3\ARM_GCC_493\Debug\Accoder_MIDI.a(Keys_Notes_2.o)
 .debug_line    0x00002b8e       0x75 .\CortexM3\ARM_GCC_493\Debug\Accoder_MIDI.a(Keys_Notes_3.o)
 .debug_line    0x00002c03       0x75 .\CortexM3\ARM_GCC_493\Debug\Accoder_MIDI.a(Keys_Notes_4.o)
 .debug_line    0x00002c78       0x75 .\CortexM3\ARM_GCC_493\Debug\Accoder_MIDI.a(Keys_Notes_5.o)
 .debug_line    0x00002ced       0x75 .\CortexM3\ARM_GCC_493\Debug\Accoder_MIDI.a(Keys_Notes_6.o)
 .debug_line    0x00002d62       0x75 .\CortexM3\ARM_GCC_493\Debug\Accoder_MIDI.a(Chords_Notes.o)
 .debug_line    0x00002dd7       0x7a .\CortexM3\ARM_GCC_493\Debug\Accoder_MIDI.a(Chords_Bass_Notes.o)
 .debug_line    0x00002e51       0x73 .\CortexM3\ARM_GCC_493\Debug\Accoder_MIDI.a(Bass_Notes.o)
 .debug_line    0x00002ec4       0x75 .\CortexM3\ARM_GCC_493\Debug\Accoder_MIDI.a(Chorus_Speed.o)
 .debug_line    0x00002f39       0x6f .\CortexM3\ARM_GCC_493\Debug\Accoder_MIDI.a(Tabs_1.o)
 .debug_line    0x00002fa8       0x6f .\CortexM3\ARM_GCC_493\Debug\Accoder_MIDI.a(Tabs_2.o)
 .debug_line    0x00003017       0x6f .\CortexM3\ARM_GCC_493\Debug\Accoder_MIDI.a(Tabs_3.o)
 .debug_line    0x00003086       0x6f .\CortexM3\ARM_GCC_493\Debug\Accoder_MIDI.a(Tabs_4.o)
 .debug_line    0x000030f5       0x66 .\CortexM3\ARM_GCC_493\Debug\Accoder_MIDI.a(CyBootAsmGnu.o)
 .debug_line    0x0000315b      0x345 .\CortexM3\ARM_GCC_493\Debug\Accoder_MIDI.a(MIDI1_UART.o)
 .debug_line    0x000034a0       0xb9 .\CortexM3\ARM_GCC_493\Debug\Accoder_MIDI.a(MIDI1_UART_INT.o)
 .debug_line    0x00003559      0x345 .\CortexM3\ARM_GCC_493\Debug\Accoder_MIDI.a(MIDI2_UART.o)
 .debug_line    0x0000389e       0xb9 .\CortexM3\ARM_GCC_493\Debug\Accoder_MIDI.a(MIDI2_UART_INT.o)
 .debug_line    0x00003957       0x89 .\CortexM3\ARM_GCC_493\Debug\Accoder_MIDI.a(USB_cls.o)
 .debug_line    0x000039e0       0x59 .\CortexM3\ARM_GCC_493\Debug\Accoder_MIDI.a(USB_descr.o)
 .debug_line    0x00003a39      0x205 .\CortexM3\ARM_GCC_493\Debug\Accoder_MIDI.a(CyFlash.o)
 .debug_line    0x00003c3e      0x215 .\CortexM3\ARM_GCC_493\Debug\Accoder_MIDI.a(CySpc.o)
 .debug_line    0x00003e53       0x8b .\CortexM3\ARM_GCC_493\Debug\Accoder_MIDI.a(USB_audio.o)

.debug_frame    0x00000000     0x3a28
 *(.debug_frame)
 .debug_frame   0x00000000      0x164 .\CortexM3\ARM_GCC_493\Debug\main.o
 .debug_frame   0x00000164       0xd8 .\CortexM3\ARM_GCC_493\Debug\Cm3Start.o
 .debug_frame   0x0000023c      0x16c .\CortexM3\ARM_GCC_493\Debug\Accoder_MIDI.a(cyfitter_cfg.o)
 .debug_frame   0x000003a8       0xa8 .\CortexM3\ARM_GCC_493\Debug\Accoder_MIDI.a(SW2.o)
 .debug_frame   0x00000450      0x12c .\CortexM3\ARM_GCC_493\Debug\Accoder_MIDI.a(SleepTimer.o)
 .debug_frame   0x0000057c       0xa8 .\CortexM3\ARM_GCC_493\Debug\Accoder_MIDI.a(SW1.o)
 .debug_frame   0x00000624       0xa8 .\CortexM3\ARM_GCC_493\Debug\Accoder_MIDI.a(MIDI_PWR.o)
 .debug_frame   0x000006cc       0xa8 .\CortexM3\ARM_GCC_493\Debug\Accoder_MIDI.a(LED_OutB.o)
 .debug_frame   0x00000774       0xa8 .\CortexM3\ARM_GCC_493\Debug\Accoder_MIDI.a(LED_InB.o)
 .debug_frame   0x0000081c       0xa8 .\CortexM3\ARM_GCC_493\Debug\Accoder_MIDI.a(LED_OutA.o)
 .debug_frame   0x000008c4       0xa8 .\CortexM3\ARM_GCC_493\Debug\Accoder_MIDI.a(LED_InA.o)
 .debug_frame   0x0000096c       0x90 .\CortexM3\ARM_GCC_493\Debug\Accoder_MIDI.a(MIDI1_UART_PM.o)
 .debug_frame   0x000009fc       0x90 .\CortexM3\ARM_GCC_493\Debug\Accoder_MIDI.a(MIDI2_UART_PM.o)
 .debug_frame   0x00000a8c      0x37c .\CortexM3\ARM_GCC_493\Debug\Accoder_MIDI.a(USB.o)
 .debug_frame   0x00000e08      0x23c .\CortexM3\ARM_GCC_493\Debug\Accoder_MIDI.a(USB_drv.o)
 .debug_frame   0x00001044       0x98 .\CortexM3\ARM_GCC_493\Debug\Accoder_MIDI.a(USB_episr.o)
 .debug_frame   0x000010dc       0xbc .\CortexM3\ARM_GCC_493\Debug\Accoder_MIDI.a(USB_pm.o)
 .debug_frame   0x00001198      0x224 .\CortexM3\ARM_GCC_493\Debug\Accoder_MIDI.a(USB_std.o)
 .debug_frame   0x000013bc       0x38 .\CortexM3\ARM_GCC_493\Debug\Accoder_MIDI.a(USB_vnd.o)
 .debug_frame   0x000013f4      0x1d4 .\CortexM3\ARM_GCC_493\Debug\Accoder_MIDI.a(USB_midi.o)
 .debug_frame   0x000015c8      0x1e8 .\CortexM3\ARM_GCC_493\Debug\Accoder_MIDI.a(Sleep_isr.o)
 .debug_frame   0x000017b0       0xf4 .\CortexM3\ARM_GCC_493\Debug\Accoder_MIDI.a(USB_Dp.o)
 .debug_frame   0x000018a4      0xc0c .\CortexM3\ARM_GCC_493\Debug\Accoder_MIDI.a(CyLib.o)
 .debug_frame   0x000024b0      0x234 .\CortexM3\ARM_GCC_493\Debug\Accoder_MIDI.a(cyPm.o)
 .debug_frame   0x000026e4       0x5c .\CortexM3\ARM_GCC_493\Debug\Accoder_MIDI.a(Keys_Notes_1.o)
 .debug_frame   0x00002740       0x5c .\CortexM3\ARM_GCC_493\Debug\Accoder_MIDI.a(Keys_Notes_2.o)
 .debug_frame   0x0000279c       0x5c .\CortexM3\ARM_GCC_493\Debug\Accoder_MIDI.a(Keys_Notes_3.o)
 .debug_frame   0x000027f8       0x5c .\CortexM3\ARM_GCC_493\Debug\Accoder_MIDI.a(Keys_Notes_4.o)
 .debug_frame   0x00002854       0x5c .\CortexM3\ARM_GCC_493\Debug\Accoder_MIDI.a(Keys_Notes_5.o)
 .debug_frame   0x000028b0       0x5c .\CortexM3\ARM_GCC_493\Debug\Accoder_MIDI.a(Keys_Notes_6.o)
 .debug_frame   0x0000290c       0x5c .\CortexM3\ARM_GCC_493\Debug\Accoder_MIDI.a(Chords_Notes.o)
 .debug_frame   0x00002968       0x5c .\CortexM3\ARM_GCC_493\Debug\Accoder_MIDI.a(Chords_Bass_Notes.o)
 .debug_frame   0x000029c4       0x5c .\CortexM3\ARM_GCC_493\Debug\Accoder_MIDI.a(Bass_Notes.o)
 .debug_frame   0x00002a20       0x5c .\CortexM3\ARM_GCC_493\Debug\Accoder_MIDI.a(Chorus_Speed.o)
 .debug_frame   0x00002a7c       0x5c .\CortexM3\ARM_GCC_493\Debug\Accoder_MIDI.a(Tabs_1.o)
 .debug_frame   0x00002ad8       0x5c .\CortexM3\ARM_GCC_493\Debug\Accoder_MIDI.a(Tabs_2.o)
 .debug_frame   0x00002b34       0x5c .\CortexM3\ARM_GCC_493\Debug\Accoder_MIDI.a(Tabs_3.o)
 .debug_frame   0x00002b90       0x5c .\CortexM3\ARM_GCC_493\Debug\Accoder_MIDI.a(Tabs_4.o)
 .debug_frame   0x00002bec      0x428 .\CortexM3\ARM_GCC_493\Debug\Accoder_MIDI.a(MIDI1_UART.o)
 .debug_frame   0x00003014       0x5c .\CortexM3\ARM_GCC_493\Debug\Accoder_MIDI.a(MIDI1_UART_INT.o)
 .debug_frame   0x00003070      0x428 .\CortexM3\ARM_GCC_493\Debug\Accoder_MIDI.a(MIDI2_UART.o)
 .debug_frame   0x00003498       0x5c .\CortexM3\ARM_GCC_493\Debug\Accoder_MIDI.a(MIDI2_UART_INT.o)
 .debug_frame   0x000034f4       0x38 .\CortexM3\ARM_GCC_493\Debug\Accoder_MIDI.a(USB_cls.o)
 .debug_frame   0x0000352c      0x210 .\CortexM3\ARM_GCC_493\Debug\Accoder_MIDI.a(CyFlash.o)
 .debug_frame   0x0000373c      0x1f8 .\CortexM3\ARM_GCC_493\Debug\Accoder_MIDI.a(CySpc.o)
 .debug_frame   0x00003934       0x38 .\CortexM3\ARM_GCC_493\Debug\Accoder_MIDI.a(USB_audio.o)
 .debug_frame   0x0000396c       0x20 c:/program files (x86)/cypress/psoc creator/4.0/psoc creator/import/gnu/arm/4.9.3/bin/../lib/gcc/arm-none-eabi/4.9.3/../../../../arm-none-eabi/lib/armv7-m\libg_nano.a(lib_a-errno.o)
 .debug_frame   0x0000398c       0x28 c:/program files (x86)/cypress/psoc creator/4.0/psoc creator/import/gnu/arm/4.9.3/bin/../lib/gcc/arm-none-eabi/4.9.3/../../../../arm-none-eabi/lib/armv7-m\libg_nano.a(lib_a-exit.o)
 .debug_frame   0x000039b4       0x2c c:/program files (x86)/cypress/psoc creator/4.0/psoc creator/import/gnu/arm/4.9.3/bin/../lib/gcc/arm-none-eabi/4.9.3/../../../../arm-none-eabi/lib/armv7-m\libg_nano.a(lib_a-init.o)
 .debug_frame   0x000039e0       0x28 c:/program files (x86)/cypress/psoc creator/4.0/psoc creator/import/gnu/arm/4.9.3/bin/../lib/gcc/arm-none-eabi/4.9.3/../../../../arm-none-eabi/lib/armv7-m\libg_nano.a(lib_a-memcpy.o)
 .debug_frame   0x00003a08       0x20 c:/program files (x86)/cypress/psoc creator/4.0/psoc creator/import/gnu/arm/4.9.3/bin/../lib/gcc/arm-none-eabi/4.9.3/../../../../arm-none-eabi/lib/armv7-m\libg_nano.a(lib_a-memset.o)

.debug_str      0x00000000     0x3505
 *(.debug_str)
 .debug_str     0x00000000      0x32d .\CortexM3\ARM_GCC_493\Debug\main.o
                                0x36e (size before relaxing)
 .debug_str     0x0000032d       0x75 .\CortexM3\ARM_GCC_493\Debug\cymetadata.o
                                0x1f3 (size before relaxing)
 .debug_str     0x000003a2      0x13c .\CortexM3\ARM_GCC_493\Debug\Cm3Start.o
                                0x2d4 (size before relaxing)
 .debug_str     0x000004de      0x191 .\CortexM3\ARM_GCC_493\Debug\Accoder_MIDI.a(cyfitter_cfg.o)
                                0x335 (size before relaxing)
 .debug_str     0x0000066f       0x61 .\CortexM3\ARM_GCC_493\Debug\Accoder_MIDI.a(SW2.o)
                                0x1e1 (size before relaxing)
 .debug_str     0x000006d0       0xe9 .\CortexM3\ARM_GCC_493\Debug\Accoder_MIDI.a(SleepTimer.o)
                                0x26c (size before relaxing)
 .debug_str     0x000007b9       0x51 .\CortexM3\ARM_GCC_493\Debug\Accoder_MIDI.a(SW1.o)
                                0x1e1 (size before relaxing)
 .debug_str     0x0000080a       0x6a .\CortexM3\ARM_GCC_493\Debug\Accoder_MIDI.a(MIDI_PWR.o)
                                0x1fa (size before relaxing)
 .debug_str     0x00000874       0x6a .\CortexM3\ARM_GCC_493\Debug\Accoder_MIDI.a(LED_OutB.o)
                                0x1fa (size before relaxing)
 .debug_str     0x000008de       0x65 .\CortexM3\ARM_GCC_493\Debug\Accoder_MIDI.a(LED_InB.o)
                                0x1f5 (size before relaxing)
 .debug_str     0x00000943       0x6a .\CortexM3\ARM_GCC_493\Debug\Accoder_MIDI.a(LED_OutA.o)
                                0x1fa (size before relaxing)
 .debug_str     0x000009ad       0x65 .\CortexM3\ARM_GCC_493\Debug\Accoder_MIDI.a(LED_InA.o)
                                0x1f5 (size before relaxing)
 .debug_str     0x00000a12       0xc9 .\CortexM3\ARM_GCC_493\Debug\Accoder_MIDI.a(MIDI1_UART_PM.o)
                                0x24c (size before relaxing)
 .debug_str     0x00000adb       0xbd .\CortexM3\ARM_GCC_493\Debug\Accoder_MIDI.a(MIDI2_UART_PM.o)
                                0x24c (size before relaxing)
 .debug_str     0x00000b98      0x393 .\CortexM3\ARM_GCC_493\Debug\Accoder_MIDI.a(USB.o)
                                0x54c (size before relaxing)
 .debug_str     0x00000f2b      0x29c .\CortexM3\ARM_GCC_493\Debug\Accoder_MIDI.a(USB_drv.o)
                                0x55b (size before relaxing)
 .debug_str     0x000011c7       0x5b .\CortexM3\ARM_GCC_493\Debug\Accoder_MIDI.a(USB_episr.o)
                                0x28f (size before relaxing)
 .debug_str     0x00001222       0x80 .\CortexM3\ARM_GCC_493\Debug\Accoder_MIDI.a(USB_pm.o)
                                0x244 (size before relaxing)
 .debug_str     0x000012a2      0x2c7 .\CortexM3\ARM_GCC_493\Debug\Accoder_MIDI.a(USB_std.o)
                                0x6c3 (size before relaxing)
 .debug_str     0x00001569       0x53 .\CortexM3\ARM_GCC_493\Debug\Accoder_MIDI.a(USB_vnd.o)
                                0x258 (size before relaxing)
 .debug_str     0x000015bc      0x303 .\CortexM3\ARM_GCC_493\Debug\Accoder_MIDI.a(USB_midi.o)
                                0x585 (size before relaxing)
 .debug_str     0x000018bf      0x136 .\CortexM3\ARM_GCC_493\Debug\Accoder_MIDI.a(Sleep_isr.o)
                                0x2db (size before relaxing)
 .debug_str     0x000019f5       0x97 .\CortexM3\ARM_GCC_493\Debug\Accoder_MIDI.a(USB_Dp.o)
                                0x22e (size before relaxing)
 .debug_str     0x00001a8c      0x7d7 .\CortexM3\ARM_GCC_493\Debug\Accoder_MIDI.a(CyLib.o)
                                0x9e7 (size before relaxing)
 .debug_str     0x00002263      0x365 .\CortexM3\ARM_GCC_493\Debug\Accoder_MIDI.a(cyPm.o)
                                0x534 (size before relaxing)
 .debug_str     0x000025c8       0x53 .\CortexM3\ARM_GCC_493\Debug\Accoder_MIDI.a(Keys_Notes_1.o)
                                0x1cd (size before relaxing)
 .debug_str     0x0000261b       0x4b .\CortexM3\ARM_GCC_493\Debug\Accoder_MIDI.a(Keys_Notes_2.o)
                                0x1cd (size before relaxing)
 .debug_str     0x00002666       0x4b .\CortexM3\ARM_GCC_493\Debug\Accoder_MIDI.a(Keys_Notes_3.o)
                                0x1cd (size before relaxing)
 .debug_str     0x000026b1       0x4b .\CortexM3\ARM_GCC_493\Debug\Accoder_MIDI.a(Keys_Notes_4.o)
                                0x1cd (size before relaxing)
 .debug_str     0x000026fc       0x4b .\CortexM3\ARM_GCC_493\Debug\Accoder_MIDI.a(Keys_Notes_5.o)
                                0x1cd (size before relaxing)
 .debug_str     0x00002747       0x4b .\CortexM3\ARM_GCC_493\Debug\Accoder_MIDI.a(Keys_Notes_6.o)
                                0x1cd (size before relaxing)
 .debug_str     0x00002792       0x4b .\CortexM3\ARM_GCC_493\Debug\Accoder_MIDI.a(Chords_Notes.o)
                                0x1cd (size before relaxing)
 .debug_str     0x000027dd       0x5a .\CortexM3\ARM_GCC_493\Debug\Accoder_MIDI.a(Chords_Bass_Notes.o)
                                0x1dc (size before relaxing)
 .debug_str     0x00002837       0x24 .\CortexM3\ARM_GCC_493\Debug\Accoder_MIDI.a(Bass_Notes.o)
                                0x1c7 (size before relaxing)
 .debug_str     0x0000285b       0x4b .\CortexM3\ARM_GCC_493\Debug\Accoder_MIDI.a(Chorus_Speed.o)
                                0x1cd (size before relaxing)
 .debug_str     0x000028a6       0x39 .\CortexM3\ARM_GCC_493\Debug\Accoder_MIDI.a(Tabs_1.o)
                                0x1bb (size before relaxing)
 .debug_str     0x000028df       0x39 .\CortexM3\ARM_GCC_493\Debug\Accoder_MIDI.a(Tabs_2.o)
                                0x1bb (size before relaxing)
 .debug_str     0x00002918       0x39 .\CortexM3\ARM_GCC_493\Debug\Accoder_MIDI.a(Tabs_3.o)
                                0x1bb (size before relaxing)
 .debug_str     0x00002951       0x39 .\CortexM3\ARM_GCC_493\Debug\Accoder_MIDI.a(Tabs_4.o)
                                0x1bb (size before relaxing)
 .debug_str     0x0000298a      0x3d1 .\CortexM3\ARM_GCC_493\Debug\Accoder_MIDI.a(MIDI1_UART.o)
                                0x605 (size before relaxing)
 .debug_str     0x00002d5b       0x70 .\CortexM3\ARM_GCC_493\Debug\Accoder_MIDI.a(MIDI1_UART_INT.o)
                                0x2ce (size before relaxing)
 .debug_str     0x00002dcb      0x326 .\CortexM3\ARM_GCC_493\Debug\Accoder_MIDI.a(MIDI2_UART.o)
                                0x605 (size before relaxing)
 .debug_str     0x000030f1       0x4a .\CortexM3\ARM_GCC_493\Debug\Accoder_MIDI.a(MIDI2_UART_INT.o)
                                0x2ce (size before relaxing)
 .debug_str     0x0000313b       0x37 .\CortexM3\ARM_GCC_493\Debug\Accoder_MIDI.a(USB_cls.o)
                                0x274 (size before relaxing)
 .debug_str     0x00003172       0xe8 .\CortexM3\ARM_GCC_493\Debug\Accoder_MIDI.a(USB_descr.o)
                                0x353 (size before relaxing)
 .debug_str     0x0000325a      0x145 .\CortexM3\ARM_GCC_493\Debug\Accoder_MIDI.a(CyFlash.o)
                                0x2f3 (size before relaxing)
 .debug_str     0x0000339f      0x11f .\CortexM3\ARM_GCC_493\Debug\Accoder_MIDI.a(CySpc.o)
                                0x2f0 (size before relaxing)
 .debug_str     0x000034be       0x47 .\CortexM3\ARM_GCC_493\Debug\Accoder_MIDI.a(USB_audio.o)
                                0x1ef (size before relaxing)

.debug_loc
 *(.debug_loc)

.debug_macinfo
 *(.debug_macinfo)

.debug_ranges   0x00000000      0xd10
 *(.debug_ranges)
 .debug_ranges  0x00000000       0x60 .\CortexM3\ARM_GCC_493\Debug\main.o
 .debug_ranges  0x00000060       0x38 .\CortexM3\ARM_GCC_493\Debug\Cm3Start.o
 .debug_ranges  0x00000098       0x50 .\CortexM3\ARM_GCC_493\Debug\Accoder_MIDI.a(cyfitter_cfg.o)
 .debug_ranges  0x000000e8       0x28 .\CortexM3\ARM_GCC_493\Debug\Accoder_MIDI.a(SW2.o)
 .debug_ranges  0x00000110       0x48 .\CortexM3\ARM_GCC_493\Debug\Accoder_MIDI.a(SleepTimer.o)
 .debug_ranges  0x00000158       0x28 .\CortexM3\ARM_GCC_493\Debug\Accoder_MIDI.a(SW1.o)
 .debug_ranges  0x00000180       0x28 .\CortexM3\ARM_GCC_493\Debug\Accoder_MIDI.a(MIDI_PWR.o)
 .debug_ranges  0x000001a8       0x28 .\CortexM3\ARM_GCC_493\Debug\Accoder_MIDI.a(LED_OutB.o)
 .debug_ranges  0x000001d0       0x28 .\CortexM3\ARM_GCC_493\Debug\Accoder_MIDI.a(LED_InB.o)
 .debug_ranges  0x000001f8       0x28 .\CortexM3\ARM_GCC_493\Debug\Accoder_MIDI.a(LED_OutA.o)
 .debug_ranges  0x00000220       0x28 .\CortexM3\ARM_GCC_493\Debug\Accoder_MIDI.a(LED_InA.o)
 .debug_ranges  0x00000248       0x28 .\CortexM3\ARM_GCC_493\Debug\Accoder_MIDI.a(MIDI1_UART_PM.o)
 .debug_ranges  0x00000270       0x28 .\CortexM3\ARM_GCC_493\Debug\Accoder_MIDI.a(MIDI2_UART_PM.o)
 .debug_ranges  0x00000298       0xb8 .\CortexM3\ARM_GCC_493\Debug\Accoder_MIDI.a(USB.o)
 .debug_ranges  0x00000350       0x88 .\CortexM3\ARM_GCC_493\Debug\Accoder_MIDI.a(USB_drv.o)
 .debug_ranges  0x000003d8       0x28 .\CortexM3\ARM_GCC_493\Debug\Accoder_MIDI.a(USB_episr.o)
 .debug_ranges  0x00000400       0x30 .\CortexM3\ARM_GCC_493\Debug\Accoder_MIDI.a(USB_pm.o)
 .debug_ranges  0x00000430       0x70 .\CortexM3\ARM_GCC_493\Debug\Accoder_MIDI.a(USB_std.o)
 .debug_ranges  0x000004a0       0x10 .\CortexM3\ARM_GCC_493\Debug\Accoder_MIDI.a(USB_vnd.o)
 .debug_ranges  0x000004b0       0x68 .\CortexM3\ARM_GCC_493\Debug\Accoder_MIDI.a(USB_midi.o)
 .debug_ranges  0x00000518       0x70 .\CortexM3\ARM_GCC_493\Debug\Accoder_MIDI.a(Sleep_isr.o)
 .debug_ranges  0x00000588       0x38 .\CortexM3\ARM_GCC_493\Debug\Accoder_MIDI.a(USB_Dp.o)
 .debug_ranges  0x000005c0      0x290 .\CortexM3\ARM_GCC_493\Debug\Accoder_MIDI.a(CyLib.o)
 .debug_ranges  0x00000850       0x88 .\CortexM3\ARM_GCC_493\Debug\Accoder_MIDI.a(cyPm.o)
 .debug_ranges  0x000008d8       0x18 .\CortexM3\ARM_GCC_493\Debug\Accoder_MIDI.a(Keys_Notes_1.o)
 .debug_ranges  0x000008f0       0x18 .\CortexM3\ARM_GCC_493\Debug\Accoder_MIDI.a(Keys_Notes_2.o)
 .debug_ranges  0x00000908       0x18 .\CortexM3\ARM_GCC_493\Debug\Accoder_MIDI.a(Keys_Notes_3.o)
 .debug_ranges  0x00000920       0x18 .\CortexM3\ARM_GCC_493\Debug\Accoder_MIDI.a(Keys_Notes_4.o)
 .debug_ranges  0x00000938       0x18 .\CortexM3\ARM_GCC_493\Debug\Accoder_MIDI.a(Keys_Notes_5.o)
 .debug_ranges  0x00000950       0x18 .\CortexM3\ARM_GCC_493\Debug\Accoder_MIDI.a(Keys_Notes_6.o)
 .debug_ranges  0x00000968       0x18 .\CortexM3\ARM_GCC_493\Debug\Accoder_MIDI.a(Chords_Notes.o)
 .debug_ranges  0x00000980       0x18 .\CortexM3\ARM_GCC_493\Debug\Accoder_MIDI.a(Chords_Bass_Notes.o)
 .debug_ranges  0x00000998       0x18 .\CortexM3\ARM_GCC_493\Debug\Accoder_MIDI.a(Bass_Notes.o)
 .debug_ranges  0x000009b0       0x18 .\CortexM3\ARM_GCC_493\Debug\Accoder_MIDI.a(Chorus_Speed.o)
 .debug_ranges  0x000009c8       0x18 .\CortexM3\ARM_GCC_493\Debug\Accoder_MIDI.a(Tabs_1.o)
 .debug_ranges  0x000009e0       0x18 .\CortexM3\ARM_GCC_493\Debug\Accoder_MIDI.a(Tabs_2.o)
 .debug_ranges  0x000009f8       0x18 .\CortexM3\ARM_GCC_493\Debug\Accoder_MIDI.a(Tabs_3.o)
 .debug_ranges  0x00000a10       0x18 .\CortexM3\ARM_GCC_493\Debug\Accoder_MIDI.a(Tabs_4.o)
 .debug_ranges  0x00000a28       0xe0 .\CortexM3\ARM_GCC_493\Debug\Accoder_MIDI.a(MIDI1_UART.o)
 .debug_ranges  0x00000b08       0x18 .\CortexM3\ARM_GCC_493\Debug\Accoder_MIDI.a(MIDI1_UART_INT.o)
 .debug_ranges  0x00000b20       0xe0 .\CortexM3\ARM_GCC_493\Debug\Accoder_MIDI.a(MIDI2_UART.o)
 .debug_ranges  0x00000c00       0x18 .\CortexM3\ARM_GCC_493\Debug\Accoder_MIDI.a(MIDI2_UART_INT.o)
 .debug_ranges  0x00000c18       0x10 .\CortexM3\ARM_GCC_493\Debug\Accoder_MIDI.a(USB_cls.o)
 .debug_ranges  0x00000c28       0x70 .\CortexM3\ARM_GCC_493\Debug\Accoder_MIDI.a(CyFlash.o)
 .debug_ranges  0x00000c98       0x68 .\CortexM3\ARM_GCC_493\Debug\Accoder_MIDI.a(CySpc.o)
 .debug_ranges  0x00000d00       0x10 .\CortexM3\ARM_GCC_493\Debug\Accoder_MIDI.a(USB_audio.o)

.comment        0x00000000       0x70
 .comment       0x00000000       0x70 .\CortexM3\ARM_GCC_493\Debug\main.o
                                 0x71 (size before relaxing)
 .comment       0x00000000       0x71 .\CortexM3\ARM_GCC_493\Debug\cymetadata.o
 .comment       0x00000000       0x71 .\CortexM3\ARM_GCC_493\Debug\Cm3Start.o
 .comment       0x00000000       0x71 .\CortexM3\ARM_GCC_493\Debug\Accoder_MIDI.a(cyfitter_cfg.o)
 .comment       0x00000000       0x71 .\CortexM3\ARM_GCC_493\Debug\Accoder_MIDI.a(SW2.o)
 .comment       0x00000000       0x71 .\CortexM3\ARM_GCC_493\Debug\Accoder_MIDI.a(SleepTimer.o)
 .comment       0x00000000       0x71 .\CortexM3\ARM_GCC_493\Debug\Accoder_MIDI.a(SW1.o)
 .comment       0x00000000       0x71 .\CortexM3\ARM_GCC_493\Debug\Accoder_MIDI.a(MIDI_PWR.o)
 .comment       0x00000000       0x71 .\CortexM3\ARM_GCC_493\Debug\Accoder_MIDI.a(LED_OutB.o)
 .comment       0x00000000       0x71 .\CortexM3\ARM_GCC_493\Debug\Accoder_MIDI.a(LED_InB.o)
 .comment       0x00000000       0x71 .\CortexM3\ARM_GCC_493\Debug\Accoder_MIDI.a(LED_OutA.o)
 .comment       0x00000000       0x71 .\CortexM3\ARM_GCC_493\Debug\Accoder_MIDI.a(LED_InA.o)
 .comment       0x00000000       0x71 .\CortexM3\ARM_GCC_493\Debug\Accoder_MIDI.a(MIDI1_UART_PM.o)
 .comment       0x00000000       0x71 .\CortexM3\ARM_GCC_493\Debug\Accoder_MIDI.a(MIDI2_UART_PM.o)