Archive member included because of file (symbol)

.\CortexM3\ARM_GCC_493\Debug\USBFS_MIDI_PSoC3_5LP01.a(cyfitter_cfg.o)
                              .\CortexM3\ARM_GCC_493\Debug\Cm3Start.o (cyfitter_cfg)
.\CortexM3\ARM_GCC_493\Debug\USBFS_MIDI_PSoC3_5LP01.a(SW2.o)
                              .\CortexM3\ARM_GCC_493\Debug\main.o (SW2_Read)
.\CortexM3\ARM_GCC_493\Debug\USBFS_MIDI_PSoC3_5LP01.a(SleepTimer.o)
                              .\CortexM3\ARM_GCC_493\Debug\main.o (SleepTimer_Start)
.\CortexM3\ARM_GCC_493\Debug\USBFS_MIDI_PSoC3_5LP01.a(SW1.o)
                              .\CortexM3\ARM_GCC_493\Debug\main.o (SW1_Read)
.\CortexM3\ARM_GCC_493\Debug\USBFS_MIDI_PSoC3_5LP01.a(MIDI_PWR.o)
                              .\CortexM3\ARM_GCC_493\Debug\main.o (MIDI_PWR_Write)
.\CortexM3\ARM_GCC_493\Debug\USBFS_MIDI_PSoC3_5LP01.a(LED_OutB.o)
                              .\CortexM3\ARM_GCC_493\Debug\main.o (LED_OutB_Write)
.\CortexM3\ARM_GCC_493\Debug\USBFS_MIDI_PSoC3_5LP01.a(LED_InB.o)
                              .\CortexM3\ARM_GCC_493\Debug\main.o (LED_InB_Write)
.\CortexM3\ARM_GCC_493\Debug\USBFS_MIDI_PSoC3_5LP01.a(LED_OutA.o)
                              .\CortexM3\ARM_GCC_493\Debug\main.o (LED_OutA_Write)
.\CortexM3\ARM_GCC_493\Debug\USBFS_MIDI_PSoC3_5LP01.a(LED_InA.o)
                              .\CortexM3\ARM_GCC_493\Debug\main.o (LED_InA_Write)
.\CortexM3\ARM_GCC_493\Debug\USBFS_MIDI_PSoC3_5LP01.a(MIDI1_UART_PM.o)
                              .\CortexM3\ARM_GCC_493\Debug\main.o (MIDI1_UART_Sleep)
.\CortexM3\ARM_GCC_493\Debug\USBFS_MIDI_PSoC3_5LP01.a(MIDI2_UART_PM.o)
                              .\CortexM3\ARM_GCC_493\Debug\main.o (MIDI2_UART_Sleep)
.\CortexM3\ARM_GCC_493\Debug\USBFS_MIDI_PSoC3_5LP01.a(USB.o)
                              .\CortexM3\ARM_GCC_493\Debug\main.o (USB_Start)
.\CortexM3\ARM_GCC_493\Debug\USBFS_MIDI_PSoC3_5LP01.a(USB_drv.o)
                              .\CortexM3\ARM_GCC_493\Debug\USBFS_MIDI_PSoC3_5LP01.a(USB.o) (USB_EP)
.\CortexM3\ARM_GCC_493\Debug\USBFS_MIDI_PSoC3_5LP01.a(USB_episr.o)
                              .\CortexM3\ARM_GCC_493\Debug\USBFS_MIDI_PSoC3_5LP01.a(USB.o) (USB_EP_1_ISR)
.\CortexM3\ARM_GCC_493\Debug\USBFS_MIDI_PSoC3_5LP01.a(USB_pm.o)
                              .\CortexM3\ARM_GCC_493\Debug\USBFS_MIDI_PSoC3_5LP01.a(USB.o) (USB_DP_ISR)
.\CortexM3\ARM_GCC_493\Debug\USBFS_MIDI_PSoC3_5LP01.a(USB_std.o)
                              .\CortexM3\ARM_GCC_493\Debug\USBFS_MIDI_PSoC3_5LP01.a(USB_drv.o) (USB_HandleStandardRqst)
.\CortexM3\ARM_GCC_493\Debug\USBFS_MIDI_PSoC3_5LP01.a(USB_vnd.o)
                              .\CortexM3\ARM_GCC_493\Debug\USBFS_MIDI_PSoC3_5LP01.a(USB_drv.o) (USB_HandleVendorRqst)
.\CortexM3\ARM_GCC_493\Debug\USBFS_MIDI_PSoC3_5LP01.a(USB_midi.o)
                              .\CortexM3\ARM_GCC_493\Debug\USBFS_MIDI_PSoC3_5LP01.a(USB_std.o) (USB_midi_in_ep)
.\CortexM3\ARM_GCC_493\Debug\USBFS_MIDI_PSoC3_5LP01.a(Sleep_isr.o)
                              .\CortexM3\ARM_GCC_493\Debug\main.o (Sleep_isr_StartEx)
.\CortexM3\ARM_GCC_493\Debug\USBFS_MIDI_PSoC3_5LP01.a(USB_Dp.o)
                              .\CortexM3\ARM_GCC_493\Debug\USBFS_MIDI_PSoC3_5LP01.a(USB.o) (USB_Dp_ClearInterrupt)
.\CortexM3\ARM_GCC_493\Debug\USBFS_MIDI_PSoC3_5LP01.a(CyLib.o)
                              .\CortexM3\ARM_GCC_493\Debug\Cm3Start.o (CyResetStatus)
.\CortexM3\ARM_GCC_493\Debug\USBFS_MIDI_PSoC3_5LP01.a(cyPm.o)
                              .\CortexM3\ARM_GCC_493\Debug\main.o (CyPmSaveClocks)
.\CortexM3\ARM_GCC_493\Debug\USBFS_MIDI_PSoC3_5LP01.a(CyBootAsmGnu.o)
                              .\CortexM3\ARM_GCC_493\Debug\USBFS_MIDI_PSoC3_5LP01.a(cyfitter_cfg.o) (CyDelayCycles)
.\CortexM3\ARM_GCC_493\Debug\USBFS_MIDI_PSoC3_5LP01.a(MIDI1_UART.o)
                              .\CortexM3\ARM_GCC_493\Debug\USBFS_MIDI_PSoC3_5LP01.a(USB_midi.o) (MIDI1_UART_rxBuffer)
.\CortexM3\ARM_GCC_493\Debug\USBFS_MIDI_PSoC3_5LP01.a(MIDI1_UART_INT.o)
                              .\CortexM3\ARM_GCC_493\Debug\USBFS_MIDI_PSoC3_5LP01.a(MIDI1_UART.o) (MIDI1_UART_RXISR)
.\CortexM3\ARM_GCC_493\Debug\USBFS_MIDI_PSoC3_5LP01.a(MIDI2_UART.o)
                              .\CortexM3\ARM_GCC_493\Debug\USBFS_MIDI_PSoC3_5LP01.a(USB_midi.o) (MIDI2_UART_rxBuffer)
.\CortexM3\ARM_GCC_493\Debug\USBFS_MIDI_PSoC3_5LP01.a(MIDI2_UART_INT.o)
                              .\CortexM3\ARM_GCC_493\Debug\USBFS_MIDI_PSoC3_5LP01.a(MIDI2_UART.o) (MIDI2_UART_RXISR)
.\CortexM3\ARM_GCC_493\Debug\USBFS_MIDI_PSoC3_5LP01.a(USB_cls.o)
                              .\CortexM3\ARM_GCC_493\Debug\USBFS_MIDI_PSoC3_5LP01.a(USB_drv.o) (USB_DispatchClassRqst)
.\CortexM3\ARM_GCC_493\Debug\USBFS_MIDI_PSoC3_5LP01.a(USB_descr.o)
                              .\CortexM3\ARM_GCC_493\Debug\USBFS_MIDI_PSoC3_5LP01.a(USB_std.o) (USB_DEVICE0_DESCR)
.\CortexM3\ARM_GCC_493\Debug\USBFS_MIDI_PSoC3_5LP01.a(CyFlash.o)
                              .\CortexM3\ARM_GCC_493\Debug\USBFS_MIDI_PSoC3_5LP01.a(cyPm.o) (CyFlash_SetWaitCycles)
[...]
Memory Configuration

Name             Origin             Length             Attributes
rom              0x00000000         0x00040000         xr
ram              0x1fff8000         0x00010000         xrw
*default*        0x00000000         0xffffffff

Linker script and memory map

LOAD c:/program files (x86)/cypress/psoc creator/4.0/psoc creator/import/gnu/arm/4.9.3/bin/../lib/gcc/arm-none-eabi/4.9.3/armv7-m/crti.o
LOAD c:/program files (x86)/cypress/psoc creator/4.0/psoc creator/import/gnu/arm/4.9.3/bin/../lib/gcc/arm-none-eabi/4.9.3/armv7-m/crtbegin.o
LOAD c:/program files (x86)/cypress/psoc creator/4.0/psoc creator/import/gnu/arm/4.9.3/bin/../lib/gcc/arm-none-eabi/4.9.3/../../../../arm-none-eabi/lib/armv7-m/crt0.o
START GROUP
LOAD .\CortexM3\ARM_GCC_493\Debug\main.o
LOAD .\CortexM3\ARM_GCC_493\Debug\cymetadata.o
LOAD .\CortexM3\ARM_GCC_493\Debug\Cm3Start.o
LOAD .\CortexM3\ARM_GCC_493\Debug\USBFS_MIDI_PSoC3_5LP01.a
LOAD C:\Program Files (x86)\Cypress\PSoC Creator\4.0\PSoC Creator\psoc\content\cycomponentlibrary\CyComponentLibrary.cylib\CortexM3\ARM_GCC_493\Debug\CyComponentLibrary.a
END GROUP
START GROUP
LOAD c:/program files (x86)/cypress/psoc creator/4.0/psoc creator/import/gnu/arm/4.9.3/bin/../lib/gcc/arm-none-eabi/4.9.3/armv7-m\libgcc.a
LOAD c:/program files (x86)/cypress/psoc creator/4.0/psoc creator/import/gnu/arm/4.9.3/bin/../lib/gcc/arm-none-eabi/4.9.3/../../../../arm-none-eabi/lib/armv7-m\libg_nano.a
LOAD c:/program files (x86)/cypress/psoc creator/4.0/psoc creator/import/gnu/arm/4.9.3/bin/../lib/gcc/arm-none-eabi/4.9.3/../../../../arm-none-eabi/lib/armv7-m\libc_nano.a
END GROUP
START GROUP
LOAD c:/program files (x86)/cypress/psoc creator/4.0/psoc creator/import/gnu/arm/4.9.3/bin/../lib/gcc/arm-none-eabi/4.9.3/armv7-m\libgcc.a
LOAD c:/program files (x86)/cypress/psoc creator/4.0/psoc creator/import/gnu/arm/4.9.3/bin/../lib/gcc/arm-none-eabi/4.9.3/../../../../arm-none-eabi/lib/armv7-m\libc_nano.a
END GROUP
LOAD c:/program files (x86)/cypress/psoc creator/4.0/psoc creator/import/gnu/arm/4.9.3/bin/../lib/gcc/arm-none-eabi/4.9.3/armv7-m/crtend.o
LOAD c:/program files (x86)/cypress/psoc creator/4.0/psoc creator/import/gnu/arm/4.9.3/bin/../lib/gcc/arm-none-eabi/4.9.3/armv7-m/crtn.o
START GROUP
LOAD c:/program files (x86)/cypress/psoc creator/4.0/psoc creator/import/gnu/arm/4.9.3/bin/../lib/gcc/arm-none-eabi/4.9.3/armv7-m\libgcc.a
LOAD c:/program files (x86)/cypress/psoc creator/4.0/psoc creator/import/gnu/arm/4.9.3/bin/../lib/gcc/arm-none-eabi/4.9.3/../../../../arm-none-eabi/lib/armv7-m\libc.a
LOAD c:/program files (x86)/cypress/psoc creator/4.0/psoc creator/import/gnu/arm/4.9.3/bin/../lib/gcc/arm-none-eabi/4.9.3/../../../../arm-none-eabi/lib/armv7-m\libnosys.a
END GROUP
                0x00000000                CY_APPL_ORIGIN = 0x0
                0x00000100                CY_FLASH_ROW_SIZE = 0x100
                0x00000020                CY_ECC_ROW_SIZE = 0x20
                0x00000000                CY_EE_IN_BTLDR = 0x0
                0x00000000                CY_APPL_LOADABLE = 0x0
                0x00000800                CY_EE_SIZE = 0x800
                0x00000001                CY_APPL_NUM = 0x1
                0x00000001                CY_APPL_MAX = 0x1
                0x00000040                CY_METADATA_SIZE = 0x40
                0x00000000                CY_APPL_LOADABLE = 0x0
                0x00000000                CY_CHECKSUM_EXCLUDE_SIZE = ALIGN (0x0, CY_FLASH_ROW_SIZE)
                0x1fff8730                PROVIDE (__cy_heap_start, _end)
                0x00000001                PROVIDE (__cy_region_num, ((__cy_regions_end - __cy_regions) / 0x10))
                0x20008000                PROVIDE (__cy_stack, (ORIGIN (ram) + 0x10000))
                0x20007800                PROVIDE (__cy_heap_end, (__cy_stack - 0x800))

.cybootloader   0x00000000        0x0
 *(.cybootloader)
                0x00000000                appl1_start = CY_APPL_ORIGIN?CY_APPL_ORIGIN:ALIGN (CY_FLASH_ROW_SIZE)
                0x0001ff00                appl2_start = (appl1_start + ALIGN ((((0x40000 - appl1_start) - (0x2 * CY_FLASH_ROW_SIZE)) / 0x2), CY_FLASH_ROW_SIZE))
                0x00000000                appl_start = (CY_APPL_NUM == 0x1)?appl1_start:appl2_start
                0x00000000                ecc_offset = ((appl_start / CY_FLASH_ROW_SIZE) * CY_ECC_ROW_SIZE)
                0x00000000                ee_offset = (CY_APPL_LOADABLE && ! (CY_EE_IN_BTLDR))?((CY_EE_SIZE / CY_APPL_MAX) * (CY_APPL_NUM - 0x1)):0x0
                0x00000800                ee_size = (CY_APPL_LOADABLE && ! (CY_EE_IN_BTLDR))?(CY_EE_SIZE / CY_APPL_MAX):CY_EE_SIZE
                0x00000000                PROVIDE (CY_ECC_OFFSET, ecc_offset)

.text           0x00000000     0x593a
 CREATE_OBJECT_SYMBOLS
                0x00000000                PROVIDE (__cy_interrupt_vector, RomVectors)
 *(.romvectors)
 .romvectors    0x00000000       0x10 .\CortexM3\ARM_GCC_493\Debug\Cm3Start.o
                0x00000000                RomVectors
                0x00000001                ASSERT ((. != __cy_interrupt_vector), No interrupt vector)
                0x00000001                ASSERT (CY_APPL_ORIGIN?(SIZEOF (.cybootloader) <= CY_APPL_ORIGIN):0x1, Wrong image location)
                0x00000010                PROVIDE (__cy_reset, Reset)
 *(.text.Reset)
 .text.Reset    0x00000010       0x18 .\CortexM3\ARM_GCC_493\Debug\Cm3Start.o
                0x00000010                Reset
                0x00000001                ASSERT ((. != __cy_reset), No reset code)
 *(.dma_init)
                0x00000001                ASSERT ((((appl_start + .) <= 0x10000) || 0x1), DMA Init must be within the first 64k of flash)
 *(.text .text.* .gnu.linkonce.t.*)
 .text          0x00000028       0x5c c:/program files (x86)/cypress/psoc creator/4.0/psoc creator/import/gnu/arm/4.9.3/bin/../lib/gcc/arm-none-eabi/4.9.3/armv7-m/crtbegin.o
 .text.SleepIsr
                0x00000084       0x30 .\CortexM3\ARM_GCC_493\Debug\main.o
                0x00000084                SleepIsr
 .text.main     0x000000b4      0x210 .\CortexM3\ARM_GCC_493\Debug\main.o
                0x000000b4                main
 .text.USB_callbackLocalMidiEvent
                0x000002c4       0x68 .\CortexM3\ARM_GCC_493\Debug\main.o
                0x000002c4                USB_callbackLocalMidiEvent
 .text.USB_MIDI1_ProcessUsbOut_EntryCallback
                0x0000032c        0xc .\CortexM3\ARM_GCC_493\Debug\main.o
                0x0000032c                USB_MIDI1_ProcessUsbOut_EntryCallback
 .text.USB_MIDI1_ProcessUsbOut_ExitCallback
                0x00000338        0xc .\CortexM3\ARM_GCC_493\Debug\main.o
                0x00000338                USB_MIDI1_ProcessUsbOut_ExitCallback
 .text.USB_MIDI2_ProcessUsbOut_EntryCallback
                0x00000344        0xc .\CortexM3\ARM_GCC_493\Debug\main.o
                0x00000344                USB_MIDI2_ProcessUsbOut_EntryCallback
 .text.USB_MIDI2_ProcessUsbOut_ExitCallback
                0x00000350        0xc .\CortexM3\ARM_GCC_493\Debug\main.o
                0x00000350                USB_MIDI2_ProcessUsbOut_ExitCallback
 .text.MIDI1_UART_RXISR_EntryCallback
                0x0000035c        0xc .\CortexM3\ARM_GCC_493\Debug\main.o
                0x0000035c                MIDI1_UART_RXISR_EntryCallback
 .text.MIDI1_UART_RXISR_ExitCallback
                0x00000368        0xc .\CortexM3\ARM_GCC_493\Debug\main.o
                0x00000368                MIDI1_UART_RXISR_ExitCallback
 .text.MIDI2_UART_RXISR_EntryCallback
                0x00000374        0xc .\CortexM3\ARM_GCC_493\Debug\main.o
                0x00000374                MIDI2_UART_RXISR_EntryCallback
 .text.MIDI2_UART_RXISR_ExitCallback
                0x00000380        0xc .\CortexM3\ARM_GCC_493\Debug\main.o
                0x00000380                MIDI2_UART_RXISR_ExitCallback
 .text.IntDefaultHandler
                0x0000038c       0x14 .\CortexM3\ARM_GCC_493\Debug\Cm3Start.o
                0x0000038c                IntDefaultHandler
 .text.Start_c  0x000003a0       0x98 .\CortexM3\ARM_GCC_493\Debug\Cm3Start.o
                0x000003a0                Start_c
 .text.initialize_psoc
                0x00000438       0x8c .\CortexM3\ARM_GCC_493\Debug\Cm3Start.o
                0x00000438                initialize_psoc
 .text.CYMEMZERO
                0x000004c4       0x1c .\CortexM3\ARM_GCC_493\Debug\USBFS_MIDI_PSoC3_5LP01.a(cyfitter_cfg.o)
 .text.CYCONFIGCPY
                0x000004e0       0x1c .\CortexM3\ARM_GCC_493\Debug\USBFS_MIDI_PSoC3_5LP01.a(cyfitter_cfg.o)
 .text.CyClockStartupError
                0x000004fc        0xc .\CortexM3\ARM_GCC_493\Debug\USBFS_MIDI_PSoC3_5LP01.a(cyfitter_cfg.o)
 .text.cfg_write_bytes32
                0x00000508       0x74 .\CortexM3\ARM_GCC_493\Debug\USBFS_MIDI_PSoC3_5LP01.a(cyfitter_cfg.o)
 .text.ClockSetup
                0x0000057c      0x100 .\CortexM3\ARM_GCC_493\Debug\USBFS_MIDI_PSoC3_5LP01.a(cyfitter_cfg.o)
 .text.AnalogSetDefault
                0x0000067c       0x44 .\CortexM3\ARM_GCC_493\Debug\USBFS_MIDI_PSoC3_5LP01.a(cyfitter_cfg.o)
 .text.cyfitter_cfg
                0x000006c0      0x128 .\CortexM3\ARM_GCC_493\Debug\USBFS_MIDI_PSoC3_5LP01.a(cyfitter_cfg.o)
                0x000006c0                cyfitter_cfg
 .text.SW2_Read
                0x000007e8       0x20 .\CortexM3\ARM_GCC_493\Debug\USBFS_MIDI_PSoC3_5LP01.a(SW2.o)
                0x000007e8                SW2_Read
 .text.SleepTimer_Start
                0x00000808       0x20 .\CortexM3\ARM_GCC_493\Debug\USBFS_MIDI_PSoC3_5LP01.a(SleepTimer.o)
                0x00000808                SleepTimer_Start
 .text.SleepTimer_Init
                0x00000828       0x10 .\CortexM3\ARM_GCC_493\Debug\USBFS_MIDI_PSoC3_5LP01.a(SleepTimer.o)
                0x00000828                SleepTimer_Init
 .text.SleepTimer_Enable
                0x00000838       0x74 .\CortexM3\ARM_GCC_493\Debug\USBFS_MIDI_PSoC3_5LP01.a(SleepTimer.o)
                0x00000838                SleepTimer_Enable
 .text.SleepTimer_Stop
                0x000008ac       0x30 .\CortexM3\ARM_GCC_493\Debug\USBFS_MIDI_PSoC3_5LP01.a(SleepTimer.o)
                0x000008ac                SleepTimer_Stop
 .text.SleepTimer_EnableInt
                0x000008dc       0x30 .\CortexM3\ARM_GCC_493\Debug\USBFS_MIDI_PSoC3_5LP01.a(SleepTimer.o)
                0x000008dc                SleepTimer_EnableInt
 .text.SleepTimer_SetInterval
                0x0000090c       0x48 .\CortexM3\ARM_GCC_493\Debug\USBFS_MIDI_PSoC3_5LP01.a(SleepTimer.o)
                0x0000090c                SleepTimer_SetInterval
 .text.SleepTimer_GetStatus
                0x00000954       0x10 .\CortexM3\ARM_GCC_493\Debug\USBFS_MIDI_PSoC3_5LP01.a(SleepTimer.o)
                0x00000954                SleepTimer_GetStatus
 .text.SW1_Read
                0x00000964       0x20 .\CortexM3\ARM_GCC_493\Debug\USBFS_MIDI_PSoC3_5LP01.a(SW1.o)
                0x00000964                SW1_Read
 .text.MIDI_PWR_Write
                0x00000984       0x3c .\CortexM3\ARM_GCC_493\Debug\USBFS_MIDI_PSoC3_5LP01.a(MIDI_PWR.o)
                0x00000984                MIDI_PWR_Write
 .text.LED_OutB_Write
                0x000009c0       0x34 .\CortexM3\ARM_GCC_493\Debug\USBFS_MIDI_PSoC3_5LP01.a(LED_OutB.o)
                0x000009c0                LED_OutB_Write
 .text.LED_InB_Write
                0x000009f4       0x3c .\CortexM3\ARM_GCC_493\Debug\USBFS_MIDI_PSoC3_5LP01.a(LED_InB.o)
                0x000009f4                LED_InB_Write
 .text.LED_OutA_Write
                0x00000a30       0x3c .\CortexM3\ARM_GCC_493\Debug\USBFS_MIDI_PSoC3_5LP01.a(LED_OutA.o)
                0x00000a30                LED_OutA_Write
 .text.LED_InA_Write
                0x00000a6c       0x3c .\CortexM3\ARM_GCC_493\Debug\USBFS_MIDI_PSoC3_5LP01.a(LED_InA.o)
                0x00000a6c                LED_InA_Write
 .text.MIDI1_UART_SaveConfig
                0x00000aa8        0xc .\CortexM3\ARM_GCC_493\Debug\USBFS_MIDI_PSoC3_5LP01.a(MIDI1_UART_PM.o)
                0x00000aa8                MIDI1_UART_SaveConfig
 .text.MIDI1_UART_RestoreConfig
                0x00000ab4        0xc .\CortexM3\ARM_GCC_493\Debug\USBFS_MIDI_PSoC3_5LP01.a(MIDI1_UART_PM.o)
                0x00000ab4                MIDI1_UART_RestoreConfig
 .text.MIDI1_UART_Sleep
                0x00000ac0       0x34 .\CortexM3\ARM_GCC_493\Debug\USBFS_MIDI_PSoC3_5LP01.a(MIDI1_UART_PM.o)
                0x00000ac0                MIDI1_UART_Sleep
 .text.MIDI1_UART_Wakeup
                0x00000af4       0x24 .\CortexM3\ARM_GCC_493\Debug\USBFS_MIDI_PSoC3_5LP01.a(MIDI1_UART_PM.o)
                0x00000af4                MIDI1_UART_Wakeup
 .text.MIDI2_UART_SaveConfig
                0x00000b18        0xc .\CortexM3\ARM_GCC_493\Debug\USBFS_MIDI_PSoC3_5LP01.a(MIDI2_UART_PM.o)
                0x00000b18                MIDI2_UART_SaveConfig
 .text.MIDI2_UART_RestoreConfig
                0x00000b24        0xc .\CortexM3\ARM_GCC_493\Debug\USBFS_MIDI_PSoC3_5LP01.a(MIDI2_UART_PM.o)
                0x00000b24                MIDI2_UART_RestoreConfig
 .text.MIDI2_UART_Sleep
                0x00000b30       0x34 .\CortexM3\ARM_GCC_493\Debug\USBFS_MIDI_PSoC3_5LP01.a(MIDI2_UART_PM.o)
                0x00000b30                MIDI2_UART_Sleep
 .text.MIDI2_UART_Wakeup
                0x00000b64       0x24 .\CortexM3\ARM_GCC_493\Debug\USBFS_MIDI_PSoC3_5LP01.a(MIDI2_UART_PM.o)
                0x00000b64                MIDI2_UART_Wakeup
 .text.USB_Start
                0x00000b88       0x38 .\CortexM3\ARM_GCC_493\Debug\USBFS_MIDI_PSoC3_5LP01.a(USB.o)
                0x00000b88                USB_Start
 .text.USB_Init
                0x00000bc0      0x18c .\CortexM3\ARM_GCC_493\Debug\USBFS_MIDI_PSoC3_5LP01.a(USB.o)
                0x00000bc0                USB_Init
 .text.USB_InitComponent
                0x00000d4c       0xf8 .\CortexM3\ARM_GCC_493\Debug\USBFS_MIDI_PSoC3_5LP01.a(USB.o)
                0x00000d4c                USB_InitComponent
 .text.USB_ReInitComponent
                0x00000e44       0x68 .\CortexM3\ARM_GCC_493\Debug\USBFS_MIDI_PSoC3_5LP01.a(USB.o)
                0x00000e44                USB_ReInitComponent
 .text.USB_CheckActivity
                0x00000eac       0x38 .\CortexM3\ARM_GCC_493\Debug\USBFS_MIDI_PSoC3_5LP01.a(USB.o)
                0x00000eac                USB_CheckActivity
 .text.USB_GetConfiguration
                0x00000ee4       0x18 .\CortexM3\ARM_GCC_493\Debug\USBFS_MIDI_PSoC3_5LP01.a(USB.o)
                0x00000ee4                USB_GetConfiguration
 .text.USB_IsConfigurationChanged
                0x00000efc       0x34 .\CortexM3\ARM_GCC_493\Debug\USBFS_MIDI_PSoC3_5LP01.a(USB.o)
                0x00000efc                USB_IsConfigurationChanged
 .text.USB_GetEPState
                0x00000f30       0x2c .\CortexM3\ARM_GCC_493\Debug\USBFS_MIDI_PSoC3_5LP01.a(USB.o)
                0x00000f30                USB_GetEPState
 .text.USB_GetEPCount
                0x00000f5c       0x60 .\CortexM3\ARM_GCC_493\Debug\USBFS_MIDI_PSoC3_5LP01.a(USB.o)
                0x00000f5c                USB_GetEPCount
 .text.USB_LoadInEP
                0x00000fbc       0xf8 .\CortexM3\ARM_GCC_493\Debug\USBFS_MIDI_PSoC3_5LP01.a(USB.o)
                0x00000fbc                USB_LoadInEP
 .text.USB_ReadOutEP
                0x000010b4       0x8c .\CortexM3\ARM_GCC_493\Debug\USBFS_MIDI_PSoC3_5LP01.a(USB.o)
                0x000010b4                USB_ReadOutEP
 .text.USB_EnableOutEP
                0x00001140       0x54 .\CortexM3\ARM_GCC_493\Debug\USBFS_MIDI_PSoC3_5LP01.a(USB.o)
                0x00001140                USB_EnableOutEP
 .text.USB_EP_0_ISR
                0x00001194       0xf8 .\CortexM3\ARM_GCC_493\Debug\USBFS_MIDI_PSoC3_5LP01.a(USB_drv.o)
                0x00001194                USB_EP_0_ISR
 .text.USB_HandleSetup
                0x0000128c       0x88 .\CortexM3\ARM_GCC_493\Debug\USBFS_MIDI_PSoC3_5LP01.a(USB_drv.o)
                0x0000128c                USB_HandleSetup
 .text.USB_HandleIN
                0x00001314       0x4c .\CortexM3\ARM_GCC_493\Debug\USBFS_MIDI_PSoC3_5LP01.a(USB_drv.o)
                0x00001314                USB_HandleIN
 .text.USB_HandleOUT
                0x00001360       0x58 .\CortexM3\ARM_GCC_493\Debug\USBFS_MIDI_PSoC3_5LP01.a(USB_drv.o)
                0x00001360                USB_HandleOUT
 .text.USB_LoadEP0
                0x000013b8       0xd0 .\CortexM3\ARM_GCC_493\Debug\USBFS_MIDI_PSoC3_5LP01.a(USB_drv.o)
                0x000013b8                USB_LoadEP0
 .text.USB_InitControlRead
                0x00001488       0x70 .\CortexM3\ARM_GCC_493\Debug\USBFS_MIDI_PSoC3_5LP01.a(USB_drv.o)
                0x00001488                USB_InitControlRead
 .text.USB_InitZeroLengthControlTransfer
                0x000014f8       0x44 .\CortexM3\ARM_GCC_493\Debug\USBFS_MIDI_PSoC3_5LP01.a(USB_drv.o)
                0x000014f8                USB_InitZeroLengthControlTransfer
 .text.USB_ControlReadDataStage
                0x0000153c        0xc .\CortexM3\ARM_GCC_493\Debug\USBFS_MIDI_PSoC3_5LP01.a(USB_drv.o)
                0x0000153c                USB_ControlReadDataStage
 .text.USB_ControlReadStatusStage
                0x00001548       0x40 .\CortexM3\ARM_GCC_493\Debug\USBFS_MIDI_PSoC3_5LP01.a(USB_drv.o)
                0x00001548                USB_ControlReadStatusStage
 .text.USB_ControlWriteDataStage
                0x00001588       0xb4 .\CortexM3\ARM_GCC_493\Debug\USBFS_MIDI_PSoC3_5LP01.a(USB_drv.o)
                0x00001588                USB_ControlWriteDataStage
 .text.USB_ControlWriteStatusStage
                0x0000163c       0x20 .\CortexM3\ARM_GCC_493\Debug\USBFS_MIDI_PSoC3_5LP01.a(USB_drv.o)
                0x0000163c                USB_ControlWriteStatusStage
 .text.USB_InitNoDataControlTransfer
                0x0000165c       0x38 .\CortexM3\ARM_GCC_493\Debug\USBFS_MIDI_PSoC3_5LP01.a(USB_drv.o)
                0x0000165c                USB_InitNoDataControlTransfer
 .text.USB_NoDataControlStatusStage
                0x00001694       0x48 .\CortexM3\ARM_GCC_493\Debug\USBFS_MIDI_PSoC3_5LP01.a(USB_drv.o)
                0x00001694                USB_NoDataControlStatusStage
 .text.USB_UpdateStatusBlock
                0x000016dc       0x40 .\CortexM3\ARM_GCC_493\Debug\USBFS_MIDI_PSoC3_5LP01.a(USB_drv.o)
                0x000016dc                USB_UpdateStatusBlock
 .text.USB_InitializeStatusBlock
                0x0000171c       0x34 .\CortexM3\ARM_GCC_493\Debug\USBFS_MIDI_PSoC3_5LP01.a(USB_drv.o)
                0x0000171c                USB_InitializeStatusBlock
 .text.USB_EP_1_ISR
                0x00001750       0x48 .\CortexM3\ARM_GCC_493\Debug\USBFS_MIDI_PSoC3_5LP01.a(USB_episr.o)
                0x00001750                USB_EP_1_ISR
 .text.USB_EP_2_ISR
                0x00001798       0x4c .\CortexM3\ARM_GCC_493\Debug\USBFS_MIDI_PSoC3_5LP01.a(USB_episr.o)
                0x00001798                USB_EP_2_ISR
 .text.USB_SOF_ISR
                0x000017e4        0xc .\CortexM3\ARM_GCC_493\Debug\USBFS_MIDI_PSoC3_5LP01.a(USB_episr.o)
                0x000017e4                USB_SOF_ISR
 .text.USB_BUS_RESET_ISR
                0x000017f0        0xc .\CortexM3\ARM_GCC_493\Debug\USBFS_MIDI_PSoC3_5LP01.a(USB_episr.o)
                0x000017f0                USB_BUS_RESET_ISR
 .text.USB_DP_ISR
                0x000017fc        0xc .\CortexM3\ARM_GCC_493\Debug\USBFS_MIDI_PSoC3_5LP01.a(USB_pm.o)
                0x000017fc                USB_DP_ISR
 .text.USB_RestoreConfig
                0x00001808       0x1c .\CortexM3\ARM_GCC_493\Debug\USBFS_MIDI_PSoC3_5LP01.a(USB_pm.o)
                0x00001808                USB_RestoreConfig
 .text.USB_Suspend
                0x00001824      0x11c .\CortexM3\ARM_GCC_493\Debug\USBFS_MIDI_PSoC3_5LP01.a(USB_pm.o)
                0x00001824                USB_Suspend
 .text.USB_Resume
                0x00001940      0x100 .\CortexM3\ARM_GCC_493\Debug\USBFS_MIDI_PSoC3_5LP01.a(USB_pm.o)
                0x00001940                USB_Resume
 .text.USB_HandleStandardRqst
                0x00001a40      0x48c .\CortexM3\ARM_GCC_493\Debug\USBFS_MIDI_PSoC3_5LP01.a(USB_std.o)
                0x00001a40                USB_HandleStandardRqst
 .text.USB_ReadDieID
                0x00001ecc       0xd4 .\CortexM3\ARM_GCC_493\Debug\USBFS_MIDI_PSoC3_5LP01.a(USB_std.o)
                0x00001ecc                USB_ReadDieID
 .text.USB_ConfigReg
                0x00001fa0      0x11c .\CortexM3\ARM_GCC_493\Debug\USBFS_MIDI_PSoC3_5LP01.a(USB_std.o)
                0x00001fa0                USB_ConfigReg
 .text.USB_EpStateInit
                0x000020bc       0x68 .\CortexM3\ARM_GCC_493\Debug\USBFS_MIDI_PSoC3_5LP01.a(USB_std.o)
                0x000020bc                USB_EpStateInit
 .text.USB_Config
                0x00002124      0x34c .\CortexM3\ARM_GCC_493\Debug\USBFS_MIDI_PSoC3_5LP01.a(USB_std.o)
                0x00002124                USB_Config
 .text.USB_ConfigAltChanged
                0x00002470      0x23c .\CortexM3\ARM_GCC_493\Debug\USBFS_MIDI_PSoC3_5LP01.a(USB_std.o)
                0x00002470                USB_ConfigAltChanged
 .text.USB_GetConfigTablePtr
                0x000026ac       0x54 .\CortexM3\ARM_GCC_493\Debug\USBFS_MIDI_PSoC3_5LP01.a(USB_std.o)
                0x000026ac                USB_GetConfigTablePtr
 .text.USB_GetDeviceTablePtr
                0x00002700       0x24 .\CortexM3\ARM_GCC_493\Debug\USBFS_MIDI_PSoC3_5LP01.a(USB_std.o)
                0x00002700                USB_GetDeviceTablePtr
 .text.USB_GetInterfaceClassTablePtr
                0x00002724       0x4c .\CortexM3\ARM_GCC_493\Debug\USBFS_MIDI_PSoC3_5LP01.a(USB_std.o)
                0x00002724                USB_GetInterfaceClassTablePtr
 .text.USB_SetEndpointHalt
                0x00002770       0xdc .\CortexM3\ARM_GCC_493\Debug\USBFS_MIDI_PSoC3_5LP01.a(USB_std.o)
                0x00002770                USB_SetEndpointHalt
 .text.USB_ClearEndpointHalt
                0x0000284c      0x130 .\CortexM3\ARM_GCC_493\Debug\USBFS_MIDI_PSoC3_5LP01.a(USB_std.o)
                0x0000284c                USB_ClearEndpointHalt
 .text.USB_ValidateAlternateSetting
                0x0000297c       0x70 .\CortexM3\ARM_GCC_493\Debug\USBFS_MIDI_PSoC3_5LP01.a(USB_std.o)
                0x0000297c                USB_ValidateAlternateSetting
 .text.USB_HandleVendorRqst
                0x000029ec       0x54 .\CortexM3\ARM_GCC_493\Debug\USBFS_MIDI_PSoC3_5LP01.a(USB_vnd.o)
                0x000029ec                USB_HandleVendorRqst
 .text.USB_MIDI_Init
                0x00002a40       0x24 .\CortexM3\ARM_GCC_493\Debug\USBFS_MIDI_PSoC3_5LP01.a(USB_midi.o)
                0x00002a40                USB_MIDI_Init
 .text.USB_MIDI_OUT_Service
                0x00002a64       0xc8 .\CortexM3\ARM_GCC_493\Debug\USBFS_MIDI_PSoC3_5LP01.a(USB_midi.o)
                0x00002a64                USB_MIDI_OUT_Service
 .text.USB_MIDI_IN_EP_Service
                0x00002b2c       0x4c .\CortexM3\ARM_GCC_493\Debug\USBFS_MIDI_PSoC3_5LP01.a(USB_midi.o)
                0x00002b2c                USB_MIDI_IN_EP_Service
 .text.USB_MIDI_IN_Service
                0x00002b78       0xa0 .\CortexM3\ARM_GCC_493\Debug\USBFS_MIDI_PSoC3_5LP01.a(USB_midi.o)
                0x00002b78                USB_MIDI_IN_Service
 .text.USB_PutUsbMidiIn
                0x00002c18      0x154 .\CortexM3\ARM_GCC_493\Debug\USBFS_MIDI_PSoC3_5LP01.a(USB_midi.o)
                0x00002c18                USB_PutUsbMidiIn
 .text.USB_PrepareInBuffer
                0x00002d6c      0x380 .\CortexM3\ARM_GCC_493\Debug\USBFS_MIDI_PSoC3_5LP01.a(USB_midi.o)
                0x00002d6c                USB_PrepareInBuffer
 .text.USB_MIDI_InitInterface
                0x000030ec       0x90 .\CortexM3\ARM_GCC_493\Debug\USBFS_MIDI_PSoC3_5LP01.a(USB_midi.o)
                0x000030ec                USB_MIDI_InitInterface
 .text.USB_ProcessMidiIn
                0x0000317c      0x268 .\CortexM3\ARM_GCC_493\Debug\USBFS_MIDI_PSoC3_5LP01.a(USB_midi.o)
                0x0000317c                USB_ProcessMidiIn
 .text.USB_MIDI1_GetEvent
                0x000033e4       0xa8 .\CortexM3\ARM_GCC_493\Debug\USBFS_MIDI_PSoC3_5LP01.a(USB_midi.o)
                0x000033e4                USB_MIDI1_GetEvent
 .text.USB_MIDI1_ProcessUsbOut
                0x0000348c      0x150 .\CortexM3\ARM_GCC_493\Debug\USBFS_MIDI_PSoC3_5LP01.a(USB_midi.o)
                0x0000348c                USB_MIDI1_ProcessUsbOut
 .text.USB_MIDI2_GetEvent
                0x000035dc       0xa8 .\CortexM3\ARM_GCC_493\Debug\USBFS_MIDI_PSoC3_5LP01.a(USB_midi.o)
                0x000035dc                USB_MIDI2_GetEvent
 .text.USB_MIDI2_ProcessUsbOut
                0x00003684      0x150 .\CortexM3\ARM_GCC_493\Debug\USBFS_MIDI_PSoC3_5LP01.a(USB_midi.o)
                0x00003684                USB_MIDI2_ProcessUsbOut
 .text.Sleep_isr_StartEx
                0x000037d4       0x24 .\CortexM3\ARM_GCC_493\Debug\USBFS_MIDI_PSoC3_5LP01.a(Sleep_isr.o)
                0x000037d4                Sleep_isr_StartEx
 .text.Sleep_isr_SetVector
                0x000037f8       0x24 .\CortexM3\ARM_GCC_493\Debug\USBFS_MIDI_PSoC3_5LP01.a(Sleep_isr.o)
                0x000037f8                Sleep_isr_SetVector
 .text.Sleep_isr_SetPriority
                0x0000381c       0x24 .\CortexM3\ARM_GCC_493\Debug\USBFS_MIDI_PSoC3_5LP01.a(Sleep_isr.o)
                0x0000381c                Sleep_isr_SetPriority
 .text.Sleep_isr_Enable
                0x00003840       0x18 .\CortexM3\ARM_GCC_493\Debug\USBFS_MIDI_PSoC3_5LP01.a(Sleep_isr.o)
                0x00003840                Sleep_isr_Enable
 .text.Sleep_isr_Disable
                0x00003858       0x18 .\CortexM3\ARM_GCC_493\Debug\USBFS_MIDI_PSoC3_5LP01.a(Sleep_isr.o)
                0x00003858                Sleep_isr_Disable
 .text.USB_Dp_ClearInterrupt
                0x00003870       0x20 .\CortexM3\ARM_GCC_493\Debug\USBFS_MIDI_PSoC3_5LP01.a(USB_Dp.o)
                0x00003870                USB_Dp_ClearInterrupt
 .text.CyPLL_OUT_Start
                0x00003890       0xb0 .\CortexM3\ARM_GCC_493\Debug\USBFS_MIDI_PSoC3_5LP01.a(CyLib.o)
                0x00003890                CyPLL_OUT_Start
 .text.CyPLL_OUT_Stop
                0x00003940       0x20 .\CortexM3\ARM_GCC_493\Debug\USBFS_MIDI_PSoC3_5LP01.a(CyLib.o)
                0x00003940                CyPLL_OUT_Stop
 .text.CyIMO_Start
                0x00003960       0x94 .\CortexM3\ARM_GCC_493\Debug\USBFS_MIDI_PSoC3_5LP01.a(CyLib.o)
                0x00003960                CyIMO_Start
 .text.CyIMO_Stop
                0x000039f4       0x34 .\CortexM3\ARM_GCC_493\Debug\USBFS_MIDI_PSoC3_5LP01.a(CyLib.o)
                0x000039f4                CyIMO_Stop
 .text.CyUSB_PowerOnCheck
                0x00003a28       0x60 .\CortexM3\ARM_GCC_493\Debug\USBFS_MIDI_PSoC3_5LP01.a(CyLib.o)
 .text.CyIMO_SetTrimValue
                0x00003a88      0x108 .\CortexM3\ARM_GCC_493\Debug\USBFS_MIDI_PSoC3_5LP01.a(CyLib.o)
 .text.CyIMO_SetFreq
                0x00003b90      0x1ac .\CortexM3\ARM_GCC_493\Debug\USBFS_MIDI_PSoC3_5LP01.a(CyLib.o)
                0x00003b90                CyIMO_SetFreq
 .text.CyIMO_SetSource
                0x00003d3c       0x8c .\CortexM3\ARM_GCC_493\Debug\USBFS_MIDI_PSoC3_5LP01.a(CyLib.o)
                0x00003d3c                CyIMO_SetSource
 .text.CyIMO_EnableDoubler
                0x00003dc8       0x20 .\CortexM3\ARM_GCC_493\Debug\USBFS_MIDI_PSoC3_5LP01.a(CyLib.o)
                0x00003dc8                CyIMO_EnableDoubler
 .text.CyIMO_DisableDoubler
                0x00003de8       0x20 .\CortexM3\ARM_GCC_493\Debug\USBFS_MIDI_PSoC3_5LP01.a(CyLib.o)
                0x00003de8                CyIMO_DisableDoubler
 .text.CyMasterClk_SetSource
                0x00003e08       0x34 .\CortexM3\ARM_GCC_493\Debug\USBFS_MIDI_PSoC3_5LP01.a(CyLib.o)
                0x00003e08                CyMasterClk_SetSource
 .text.CyMasterClk_SetDivider
                0x00003e3c       0x20 .\CortexM3\ARM_GCC_493\Debug\USBFS_MIDI_PSoC3_5LP01.a(CyLib.o)
                0x00003e3c                CyMasterClk_SetDivider
 .text.CyBusClk_Internal_SetDivider
                0x00003e5c       0x78 .\CortexM3\ARM_GCC_493\Debug\USBFS_MIDI_PSoC3_5LP01.a(CyLib.o)
 .text.CyBusClk_SetDivider
                0x00003ed4       0xb4 .\CortexM3\ARM_GCC_493\Debug\USBFS_MIDI_PSoC3_5LP01.a(CyLib.o)
                0x00003ed4                CyBusClk_SetDivider
 .text.CyILO_Start100K
                0x00003f88       0x20 .\CortexM3\ARM_GCC_493\Debug\USBFS_MIDI_PSoC3_5LP01.a(CyLib.o)
                0x00003f88                CyILO_Start100K
 .text.CyILO_Stop100K
                0x00003fa8       0x20 .\CortexM3\ARM_GCC_493\Debug\USBFS_MIDI_PSoC3_5LP01.a(CyLib.o)
                0x00003fa8                CyILO_Stop100K
 .text.CyXTAL_Start
                0x00003fc8       0xd0 .\CortexM3\ARM_GCC_493\Debug\USBFS_MIDI_PSoC3_5LP01.a(CyLib.o)
                0x00003fc8                CyXTAL_Start
 .text.CyXTAL_Stop
                0x00004098       0x20 .\CortexM3\ARM_GCC_493\Debug\USBFS_MIDI_PSoC3_5LP01.a(CyLib.o)
                0x00004098                CyXTAL_Stop
 .text.CyHalt   0x000040b8       0x18 .\CortexM3\ARM_GCC_493\Debug\USBFS_MIDI_PSoC3_5LP01.a(CyLib.o)
                0x000040b8                CyHalt
 .text.CyDelayUs
                0x000040d0       0x24 .\CortexM3\ARM_GCC_493\Debug\USBFS_MIDI_PSoC3_5LP01.a(CyLib.o)
                0x000040d0                CyDelayUs
 .text.CyIntSetVector
                0x000040f4       0x50 .\CortexM3\ARM_GCC_493\Debug\USBFS_MIDI_PSoC3_5LP01.a(CyLib.o)
                0x000040f4                CyIntSetVector
 .text.CyIntSetPriority
                0x00004144       0x44 .\CortexM3\ARM_GCC_493\Debug\USBFS_MIDI_PSoC3_5LP01.a(CyLib.o)
                0x00004144                CyIntSetPriority
 .text.CyGetUniqueId
                0x00004188       0xc4 .\CortexM3\ARM_GCC_493\Debug\USBFS_MIDI_PSoC3_5LP01.a(CyLib.o)
                0x00004188                CyGetUniqueId
 .text.CyPmSaveClocks
                0x0000424c      0x284 .\CortexM3\ARM_GCC_493\Debug\USBFS_MIDI_PSoC3_5LP01.a(cyPm.o)
                0x0000424c                CyPmSaveClocks
 .text.CyPmRestoreClocks
                0x000044d0      0x300 .\CortexM3\ARM_GCC_493\Debug\USBFS_MIDI_PSoC3_5LP01.a(cyPm.o)
                0x000044d0                CyPmRestoreClocks
 .text.CyPmSleep
                0x000047d0      0x170 .\CortexM3\ARM_GCC_493\Debug\USBFS_MIDI_PSoC3_5LP01.a(cyPm.o)
                0x000047d0                CyPmSleep
 .text.CyPmReadStatus
                0x00004940       0x5c .\CortexM3\ARM_GCC_493\Debug\USBFS_MIDI_PSoC3_5LP01.a(cyPm.o)
                0x00004940                CyPmReadStatus
 .text.CyPmFtwSetInterval
                0x0000499c       0x90 .\CortexM3\ARM_GCC_493\Debug\USBFS_MIDI_PSoC3_5LP01.a(cyPm.o)
                0x0000499c                CyPmFtwSetInterval
 .text.CyPmHibSlpSaveSet
                0x00004a2c      0x280 .\CortexM3\ARM_GCC_493\Debug\USBFS_MIDI_PSoC3_5LP01.a(cyPm.o)
 .text.CyPmHibSlpRestore
                0x00004cac      0x188 .\CortexM3\ARM_GCC_493\Debug\USBFS_MIDI_PSoC3_5LP01.a(cyPm.o)
 *fill*         0x00004e34        0x4 
 .text          0x00004e38       0x20 .\CortexM3\ARM_GCC_493\Debug\USBFS_MIDI_PSoC3_5LP01.a(CyBootAsmGnu.o)
                0x00004e38                CyDelayCycles
                0x00004e48                CyEnterCriticalSection
                0x00004e50                CyExitCriticalSection
 .text.MIDI1_UART_Start
                0x00004e58       0x20 .\CortexM3\ARM_GCC_493\Debug\USBFS_MIDI_PSoC3_5LP01.a(MIDI1_UART.o)
                0x00004e58                MIDI1_UART_Start
 .text.MIDI1_UART_Init
                0x00004e78       0x6c .\CortexM3\ARM_GCC_493\Debug\USBFS_MIDI_PSoC3_5LP01.a(MIDI1_UART.o)
                0x00004e78                MIDI1_UART_Init
 .text.MIDI1_UART_Enable
                0x00004ee4       0x74 .\CortexM3\ARM_GCC_493\Debug\USBFS_MIDI_PSoC3_5LP01.a(MIDI1_UART.o)
                0x00004ee4                MIDI1_UART_Enable
 .text.MIDI1_UART_Stop
                0x00004f58       0x68 .\CortexM3\ARM_GCC_493\Debug\USBFS_MIDI_PSoC3_5LP01.a(MIDI1_UART.o)
                0x00004f58                MIDI1_UART_Stop
 .text.MIDI1_UART_ClearRxBuffer
                0x00004fc0       0x7c .\CortexM3\ARM_GCC_493\Debug\USBFS_MIDI_PSoC3_5LP01.a(MIDI1_UART.o)
                0x00004fc0                MIDI1_UART_ClearRxBuffer
 .text.MIDI1_UART_PutChar
                0x0000503c       0xb8 .\CortexM3\ARM_GCC_493\Debug\USBFS_MIDI_PSoC3_5LP01.a(MIDI1_UART.o)
                0x0000503c                MIDI1_UART_PutChar
 .text.MIDI1_UART_ClearTxBuffer
                0x000050f4       0x68 .\CortexM3\ARM_GCC_493\Debug\USBFS_MIDI_PSoC3_5LP01.a(MIDI1_UART.o)
                0x000050f4                MIDI1_UART_ClearTxBuffer
 .text.MIDI1_UART_RXISR
                0x0000515c       0xdc .\CortexM3\ARM_GCC_493\Debug\USBFS_MIDI_PSoC3_5LP01.a(MIDI1_UART_INT.o)
                0x0000515c                MIDI1_UART_RXISR
 .text.MIDI1_UART_TXISR
                0x00005238       0x70 .\CortexM3\ARM_GCC_493\Debug\USBFS_MIDI_PSoC3_5LP01.a(MIDI1_UART_INT.o)
                0x00005238                MIDI1_UART_TXISR
 .text.MIDI2_UART_Start
                0x000052a8       0x20 .\CortexM3\ARM_GCC_493\Debug\USBFS_MIDI_PSoC3_5LP01.a(MIDI2_UART.o)
                0x000052a8                MIDI2_UART_Start
 .text.MIDI2_UART_Init
                0x000052c8       0x6c .\CortexM3\ARM_GCC_493\Debug\USBFS_MIDI_PSoC3_5LP01.a(MIDI2_UART.o)
                0x000052c8                MIDI2_UART_Init
 .text.MIDI2_UART_Enable
                0x00005334       0x74 .\CortexM3\ARM_GCC_493\Debug\USBFS_MIDI_PSoC3_5LP01.a(MIDI2_UART.o)
                0x00005334                MIDI2_UART_Enable
 .text.MIDI2_UART_Stop
                0x000053a8       0x68 .\CortexM3\ARM_GCC_493\Debug\USBFS_MIDI_PSoC3_5LP01.a(MIDI2_UART.o)
                0x000053a8                MIDI2_UART_Stop
 .text.MIDI2_UART_ClearRxBuffer
                0x00005410       0x7c .\CortexM3\ARM_GCC_493\Debug\USBFS_MIDI_PSoC3_5LP01.a(MIDI2_UART.o)
                0x00005410                MIDI2_UART_ClearRxBuffer
 .text.MIDI2_UART_PutChar
                0x0000548c       0xb8 .\CortexM3\ARM_GCC_493\Debug\USBFS_MIDI_PSoC3_5LP01.a(MIDI2_UART.o)
                0x0000548c                MIDI2_UART_PutChar
 .text.MIDI2_UART_ClearTxBuffer
                0x00005544       0x68 .\CortexM3\ARM_GCC_493\Debug\USBFS_MIDI_PSoC3_5LP01.a(MIDI2_UART.o)
                0x00005544                MIDI2_UART_ClearTxBuffer
 .text.MIDI2_UART_RXISR
                0x000055ac       0xdc .\CortexM3\ARM_GCC_493\Debug\USBFS_MIDI_PSoC3_5LP01.a(MIDI2_UART_INT.o)
                0x000055ac                MIDI2_UART_RXISR
 .text.MIDI2_UART_TXISR
                0x00005688       0x70 .\CortexM3\ARM_GCC_493\Debug\USBFS_MIDI_PSoC3_5LP01.a(MIDI2_UART_INT.o)
                0x00005688                MIDI2_UART_TXISR
 .text.USB_DispatchClassRqst
                0x000056f8       0x7c .\CortexM3\ARM_GCC_493\Debug\USBFS_MIDI_PSoC3_5LP01.a(USB_cls.o)
                0x000056f8                USB_DispatchClassRqst
 .text.CyFlash_SetWaitCycles
                0x00005774       0xbc .\CortexM3\ARM_GCC_493\Debug\USBFS_MIDI_PSoC3_5LP01.a(CyFlash.o)
                0x00005774                CyFlash_SetWaitCycles
 .text.USB_DispatchAUDIOClassRqst
                0x00005830       0x8c .\CortexM3\ARM_GCC_493\Debug\USBFS_MIDI_PSoC3_5LP01.a(USB_audio.o)
                0x00005830                USB_DispatchAUDIOClassRqst
 .text.__errno  0x000058bc        0xc c:/program files (x86)/cypress/psoc creator/4.0/psoc creator/import/gnu/arm/4.9.3/bin/../lib/gcc/arm-none-eabi/4.9.3/../../../../arm-none-eabi/lib/armv7-m\libg_nano.a(lib_a-errno.o)
                0x000058bc                __errno
 .text.__libc_init_array
                0x000058c8       0x4c c:/program files (x86)/cypress/psoc creator/4.0/psoc creator/import/gnu/arm/4.9.3/bin/../lib/gcc/arm-none-eabi/4.9.3/../../../../arm-none-eabi/lib/armv7-m\libg_nano.a(lib_a-init.o)
                0x000058c8                __libc_init_array
 .text.memcpy   0x00005914       0x16 c:/program files (x86)/cypress/psoc creator/4.0/psoc creator/import/gnu/arm/4.9.3/bin/../lib/gcc/arm-none-eabi/4.9.3/../../../../arm-none-eabi/lib/armv7-m\libg_nano.a(lib_a-memcpy.o)
                0x00005914                memcpy
 .text.memset   0x0000592a       0x10 c:/program files (x86)/cypress/psoc creator/4.0/psoc creator/import/gnu/arm/4.9.3/bin/../lib/gcc/arm-none-eabi/4.9.3/../../../../arm-none-eabi/lib/armv7-m\libg_nano.a(lib_a-memset.o)
                0x0000592a                memset
 *(.plt)
 *(.gnu.warning)
 *(.glue_7t)
 .glue_7t       0x00000000        0x0 linker stubs
 *(.glue_7)
 .glue_7        0x00000000        0x0 linker stubs
 *(.vfp11_veneer)
 .vfp11_veneer  0x00000000        0x0 linker stubs
 *(.bootloader)
 *(.ARM.extab* .gnu.linkonce.armextab.*)
 *(.gcc_except_table)

.v4_bx          0x0000593c        0x0
 .v4_bx         0x00000000        0x0 linker stubs

.iplt           0x0000593c        0x0
 .iplt          0x00000000        0x0 c:/program files (x86)/cypress/psoc creator/4.0/psoc creator/import/gnu/arm/4.9.3/bin/../lib/gcc/arm-none-eabi/4.9.3/armv7-m/crtbegin.o

.eh_frame_hdr
 *(.eh_frame_hdr)

.eh_frame       0x0000593c        0x4
 *(.eh_frame)
 .eh_frame      0x0000593c        0x0 c:/program files (x86)/cypress/psoc creator/4.0/psoc creator/import/gnu/arm/4.9.3/bin/../lib/gcc/arm-none-eabi/4.9.3/armv7-m/crtbegin.o
 .eh_frame      0x0000593c        0x4 c:/program files (x86)/cypress/psoc creator/4.0/psoc creator/import/gnu/arm/4.9.3/bin/../lib/gcc/arm-none-eabi/4.9.3/armv7-m/crtend.o
                0x00005940                PROVIDE (__exidx_start, .)

.ARM.exidx
 *(.ARM.exidx* .gnu.linkonce.armexidx.*)
                0x00005940                __exidx_end = .

.rodata         0x00005940      0x2a0
 *(.rodata .rodata.* .gnu.linkonce.r.*)
 .rodata        0x00005940       0x10 .\CortexM3\ARM_GCC_493\Debug\main.o
                0x00005940                MIDI_IDENTITY_REPLY
 .rodata        0x00005950       0x2c .\CortexM3\ARM_GCC_493\Debug\USBFS_MIDI_PSoC3_5LP01.a(cyfitter_cfg.o)
 .rodata        0x0000597c       0x14 .\CortexM3\ARM_GCC_493\Debug\USBFS_MIDI_PSoC3_5LP01.a(USB_std.o)
 .rodata        0x00005990       0x10 .\CortexM3\ARM_GCC_493\Debug\USBFS_MIDI_PSoC3_5LP01.a(USB_midi.o)
 .rodata        0x000059a0       0x10 .\CortexM3\ARM_GCC_493\Debug\USBFS_MIDI_PSoC3_5LP01.a(cyPm.o)
 .rodata        0x000059b0      0x1f4 .\CortexM3\ARM_GCC_493\Debug\USBFS_MIDI_PSoC3_5LP01.a(USB_descr.o)
                0x000059b0                USB_DEVICE0_DESCR
                0x000059c4                USB_DEVICE0_CONFIGURATION0_DESCR
                0x00005a4c                USB_STRING_DESCRIPTORS
                0x00005b08                USB_SN_STRING_DESCRIPTOR
                0x00005b0c                USB_DEVICE0_CONFIGURATION0_EP_SETTINGS_TABLE
                0x00005b1c                USB_DEVICE0_CONFIGURATION0_INTERFACE_CLASS
                0x00005b20                USB_DEVICE0_CONFIGURATION0_TABLE
                0x00005b48                USB_DEVICE0_TABLE
                0x00005b60                USB_TABLE
                0x00005b68                USB_MSOS_DESCRIPTOR
                0x00005b7c                USB_MSOS_CONFIGURATION_DESCR
 .rodata.str1.1
                0x00005ba4        0x2 c:/program files (x86)/cypress/psoc creator/4.0/psoc creator/import/gnu/arm/4.9.3/bin/../lib/gcc/arm-none-eabi/4.9.3/../../../../arm-none-eabi/lib/armv7-m\libg_nano.a(lib_a-impure.o)
                0x00005ba8                . = ALIGN (0x4)
 *fill*         0x00005ba6        0x2 
 *(.init)
 .init          0x00005ba8        0x4 c:/program files (x86)/cypress/psoc creator/4.0/psoc creator/import/gnu/arm/4.9.3/bin/../lib/gcc/arm-none-eabi/4.9.3/armv7-m/crti.o
                0x00005ba8                _init
 .init          0x00005bac        0x8 c:/program files (x86)/cypress/psoc creator/4.0/psoc creator/import/gnu/arm/4.9.3/bin/../lib/gcc/arm-none-eabi/4.9.3/armv7-m/crtn.o
                0x00005bb4                . = ALIGN (0x4)
                0x00005bb4                __preinit_array_start = .
 *(.preinit_array)
                0x00005bb4                __preinit_array_end = .
                0x00005bb4                . = ALIGN (0x4)
                0x00005bb4                __init_array_start = .
 *(SORT(.init_array.*))
 *(.init_array)
 .init_array    0x00005bb4        0x4 c:/program files (x86)/cypress/psoc creator/4.0/psoc creator/import/gnu/arm/4.9.3/bin/../lib/gcc/arm-none-eabi/4.9.3/armv7-m/crtbegin.o
 .init_array    0x00005bb8        0x4 .\CortexM3\ARM_GCC_493\Debug\Cm3Start.o
                0x00005bbc                __init_array_end = .
                0x00005bbc                . = ALIGN (0x4)
 *(.fini)
 .fini          0x00005bbc        0x4 c:/program files (x86)/cypress/psoc creator/4.0/psoc creator/import/gnu/arm/4.9.3/bin/../lib/gcc/arm-none-eabi/4.9.3/armv7-m/crti.o
                0x00005bbc                _fini
 .fini          0x00005bc0        0x8 c:/program files (x86)/cypress/psoc creator/4.0/psoc creator/import/gnu/arm/4.9.3/bin/../lib/gcc/arm-none-eabi/4.9.3/armv7-m/crtn.o
                0x00005bc8                . = ALIGN (0x4)
                0x00005bc8                __fini_array_start = .
 *(.fini_array)
 .fini_array    0x00005bc8        0x4 c:/program files (x86)/cypress/psoc creator/4.0/psoc creator/import/gnu/arm/4.9.3/bin/../lib/gcc/arm-none-eabi/4.9.3/armv7-m/crtbegin.o
 *(SORT(.fini_array.*))
                0x00005bcc                __fini_array_end = .
                0x00005bcc                . = ALIGN (0x4)
 *crtbegin.o(.ctors)
 *(EXCLUDE_FILE(*crtend.o) .ctors)
 *(SORT(.ctors.*))
 *crtend.o(.ctors)
                0x00005bcc                . = ALIGN (0x4)
 *crtbegin.o(.dtors)
 *(EXCLUDE_FILE(*crtend.o) .dtors)
 *(SORT(.dtors.*))
 *crtend.o(.dtors)
                0x00005bcc                . = ALIGN (0x4)
                0x00005bcc                __cy_regions = .
                0x00005bcc        0x4 LONG 0x5be0 __cy_region_init_ram
                0x00005bd0        0x4 LONG 0x1fff8108 __cy_region_start_data
                0x00005bd4        0x4 LONG 0x78 __cy_region_init_size_ram
                0x00005bd8        0x4 LONG 0x5b0 __cy_region_zero_size_ram
                0x00005bdc                __cy_regions_end = .
                0x00005be0                . = ALIGN (0x8)
 *fill*         0x00005bdc        0x4 
                0x00005be0                _etext = .

.cy_checksum_exclude
                0x00005be0        0x0
 *(.cy_checksum_exclude)

.ramvectors     0x1fff8000      0x100
                0x1fff8000                __cy_region_start_ram = .
 *(.ramvectors)
 .ramvectors    0x1fff8000      0x100 .\CortexM3\ARM_GCC_493\Debug\Cm3Start.o
                0x1fff8000                CyRamVectors

.noinit         0x1fff8100        0x5
 *(.noinit)
 .noinit        0x1fff8100        0x4 .\CortexM3\ARM_GCC_493\Debug\Cm3Start.o
 .noinit        0x1fff8104        0x1 .\CortexM3\ARM_GCC_493\Debug\USBFS_MIDI_PSoC3_5LP01.a(CyLib.o)
                0x1fff8104                CyResetStatus

.data           0x1fff8108       0x78 load address 0x00005be0
                0x1fff8108                __cy_region_start_data = .
 *(.jcr)
 .jcr           0x1fff8108        0x0 c:/program files (x86)/cypress/psoc creator/4.0/psoc creator/import/gnu/arm/4.9.3/bin/../lib/gcc/arm-none-eabi/4.9.3/armv7-m/crtbegin.o
 .jcr           0x1fff8108        0x4 c:/program files (x86)/cypress/psoc creator/4.0/psoc creator/import/gnu/arm/4.9.3/bin/../lib/gcc/arm-none-eabi/4.9.3/armv7-m/crtend.o
 *(.got.plt)
 *(.got)
 *(.shdata)
 *(.data .data.* .gnu.linkonce.d.*)
 .data          0x1fff810c       0x10 .\CortexM3\ARM_GCC_493\Debug\USBFS_MIDI_PSoC3_5LP01.a(CyLib.o)
                0x1fff810c                cydelay_freq_hz
                0x1fff8110                cydelay_freq_khz
                0x1fff8114                cydelay_freq_mhz
                0x1fff8118                cydelay_32k_ms
 .data.impure_data
                0x1fff811c       0x60 c:/program files (x86)/cypress/psoc creator/4.0/psoc creator/import/gnu/arm/4.9.3/bin/../lib/gcc/arm-none-eabi/4.9.3/../../../../arm-none-eabi/lib/armv7-m\libg_nano.a(lib_a-impure.o)
 .data._impure_ptr
                0x1fff817c        0x4 c:/program files (x86)/cypress/psoc creator/4.0/psoc creator/import/gnu/arm/4.9.3/bin/../lib/gcc/arm-none-eabi/4.9.3/../../../../arm-none-eabi/lib/armv7-m\libg_nano.a(lib_a-impure.o)
                0x1fff817c                _impure_ptr
                0x1fff8180                . = ALIGN (0x8)
 *(.ram)
                0x1fff8180                _edata = .

.igot.plt       0x1fff8180        0x0 load address 0x00005c58
 .igot.plt      0x00000000        0x0 c:/program files (x86)/cypress/psoc creator/4.0/psoc creator/import/gnu/arm/4.9.3/bin/../lib/gcc/arm-none-eabi/4.9.3/armv7-m/crtbegin.o

.bss            0x1fff8180      0x5b0 load address 0x00005c58
                0x1fff8180                PROVIDE (__bss_start__, .)
 *(.shbss)
 *(.bss .bss.* .gnu.linkonce.b.*)
 .bss           0x1fff8180       0x1c c:/program files (x86)/cypress/psoc creator/4.0/psoc creator/import/gnu/arm/4.9.3/bin/../lib/gcc/arm-none-eabi/4.9.3/armv7-m/crtbegin.o
 .bss           0x1fff819c        0x5 .\CortexM3\ARM_GCC_493\Debug\main.o
                0x1fff819c                usbActivityCounter
                0x1fff819d                csButtStates
                0x1fff819e                csButtStatesOld
                0x1fff819f                csButtChange
                0x1fff81a0                inqFlagsOld
 .bss           0x1fff81a1        0x1 .\CortexM3\ARM_GCC_493\Debug\USBFS_MIDI_PSoC3_5LP01.a(SleepTimer.o)
                0x1fff81a1                SleepTimer_initVar
 *fill*         0x1fff81a2        0x2 
 .bss           0x1fff81a4        0x4 .\CortexM3\ARM_GCC_493\Debug\USBFS_MIDI_PSoC3_5LP01.a(MIDI1_UART_PM.o)
 .bss           0x1fff81a8        0x4 .\CortexM3\ARM_GCC_493\Debug\USBFS_MIDI_PSoC3_5LP01.a(MIDI2_UART_PM.o)
 .bss           0x1fff81ac        0x1 .\CortexM3\ARM_GCC_493\Debug\USBFS_MIDI_PSoC3_5LP01.a(USB.o)
                0x1fff81ac                USB_initVar
 *fill*         0x1fff81ad        0x3 
 .bss           0x1fff81b0        0x4 .\CortexM3\ARM_GCC_493\Debug\USBFS_MIDI_PSoC3_5LP01.a(USB_pm.o)
 .bss           0x1fff81b4        0x4 .\CortexM3\ARM_GCC_493\Debug\USBFS_MIDI_PSoC3_5LP01.a(USB_std.o)
 .bss           0x1fff81b8       0x18 .\CortexM3\ARM_GCC_493\Debug\USBFS_MIDI_PSoC3_5LP01.a(USB_midi.o)
 .bss           0x1fff81d0       0x44 .\CortexM3\ARM_GCC_493\Debug\USBFS_MIDI_PSoC3_5LP01.a(cyPm.o)
 .bss           0x1fff8214        0x9 .\CortexM3\ARM_GCC_493\Debug\USBFS_MIDI_PSoC3_5LP01.a(MIDI1_UART.o)
                0x1fff8214                MIDI1_UART_initVar
                0x1fff8215                MIDI1_UART_txBufferRead
                0x1fff8216                MIDI1_UART_txBufferWrite
                0x1fff8217                MIDI1_UART_errorStatus
                0x1fff8218                MIDI1_UART_rxBufferRead
                0x1fff8219                MIDI1_UART_rxBufferWrite
                0x1fff821a                MIDI1_UART_rxBufferLoopDetect
                0x1fff821b                MIDI1_UART_rxBufferOverflow
 .bss           0x1fff821d        0x9 .\CortexM3\ARM_GCC_493\Debug\USBFS_MIDI_PSoC3_5LP01.a(MIDI2_UART.o)
                0x1fff821d                MIDI2_UART_initVar
                0x1fff821e                MIDI2_UART_txBufferRead
                0x1fff821f                MIDI2_UART_txBufferWrite
                0x1fff8220                MIDI2_UART_errorStatus
                0x1fff8221                MIDI2_UART_rxBufferRead
                0x1fff8222                MIDI2_UART_rxBufferWrite
                0x1fff8223                MIDI2_UART_rxBufferLoopDetect
                0x1fff8224                MIDI2_UART_rxBufferOverflow
 *(COMMON)
 *fill*         0x1fff8226        0x2 
 COMMON         0x1fff8228       0x98 .\CortexM3\ARM_GCC_493\Debug\USBFS_MIDI_PSoC3_5LP01.a(USB_drv.o)
                0x1fff8228                USB_transferState
                0x1fff8229                USB_interfaceNumber
                0x1fff822a                USB_lastPacketSize
                0x1fff822c                USB_interfaceClass
                0x1fff8230                USB_interfaceSetting
                0x1fff8232                USB_ep0Mode
                0x1fff8233                USB_device
                0x1fff8234                USB_deviceAddress
                0x1fff8235                USB_ep0Toggle
                0x1fff8238                USB_interfaceSettingLast
                0x1fff823a                USB_configurationChanged
                0x1fff823c                USB_interfaceStatus
                0x1fff823e                USB_transferByteCount
                0x1fff8240                USB_configuration
                0x1fff8244                USB_currentTD
                0x1fff8250                USB_ep0Count
                0x1fff8251                USB_deviceStatus
                0x1fff8254                USB_EP
 COMMON         0x1fff82c0       0x48 .\CortexM3\ARM_GCC_493\Debug\USBFS_MIDI_PSoC3_5LP01.a(USB_midi.o)
                0x1fff82c0                USB_midiOutBuffer
                0x1fff82e0                USB_MIDI1_InqFlags
                0x1fff82e1                USB_midi_in_ep
                0x1fff82e2                USB_midiInPointer
                0x1fff82e3                USB_MIDI2_InqFlags
                0x1fff82e4                USB_midi_out_ep
                0x1fff82e8                USB_midiInBuffer
 COMMON         0x1fff8308      0x1ff .\CortexM3\ARM_GCC_493\Debug\USBFS_MIDI_PSoC3_5LP01.a(MIDI1_UART.o)
                0x1fff8308                MIDI1_UART_txBuffer
                0x1fff8408                MIDI1_UART_rxBuffer
 *fill*         0x1fff8507        0x1 
 COMMON         0x1fff8508      0x1ff .\CortexM3\ARM_GCC_493\Debug\USBFS_MIDI_PSoC3_5LP01.a(MIDI2_UART.o)
                0x1fff8508                MIDI2_UART_rxBuffer
                0x1fff8608                MIDI2_UART_txBuffer
 *fill*         0x1fff8707        0x1 
 COMMON         0x1fff8708       0x22 .\CortexM3\ARM_GCC_493\Debug\USBFS_MIDI_PSoC3_5LP01.a(USB_descr.o)
                0x1fff8708                USB_idSerialNumberStringDescriptor
                0x1fff8730                . = ALIGN (0x8)
 *fill*         0x1fff872a        0x6 
 *(.ram.b)
                0x1fff8730                _end = .
                0x1fff8730                __end = .
                0x1fff8730                PROVIDE (end, .)
                0x1fff8730                PROVIDE (__bss_end__, .)
                0x00005be0                __cy_region_init_ram = LOADADDR (.data)
                0x00000078                __cy_region_init_size_ram = (_edata - ADDR (.data))
                0x000005b0                __cy_region_zero_size_ram = (_end - _edata)

.heap           0x1fff8730       0x80 load address 0x00005c58
                0x1fff8730                . = _end
                0x1fff87b0                . = (. + 0x80)
 *fill*         0x1fff8730       0x80 
                0x1fff87b0                __cy_heap_limit = .

.stack          0x20007800      0x800
                0x20007800                __cy_stack_limit = .
                0x20008000                . = (. + 0x800)
 *fill*         0x20007800      0x800 
                0x00000001                ASSERT ((__cy_stack_limit >= __cy_heap_limit), region RAM overflowed with stack)
                0x00000000                cy_checksum_exclude_size = (CY_APPL_LOADABLE == 0x1)?SIZEOF (.cy_checksum_exclude):0x0
                0x00000001                ASSERT ((cy_checksum_exclude_size <= CY_CHECKSUM_EXCLUDE_SIZE), CY_BOOT: Section .cy_checksum_exclude size exceedes specified limit.)

.cyloadermeta
 *(.cyloadermeta)

.cyloadablemeta
 *(.cyloadablemeta)

.cyconfigecc    0x80000000      0x60c
 *(.cyconfigecc)
 .cyconfigecc   0x80000000      0x60c .\CortexM3\ARM_GCC_493\Debug\cymetadata.o
                0x80000000                cy_meta_configecc

.cycustnvl      0x90000000        0x4
 *(.cycustnvl)
 .cycustnvl     0x90000000        0x4 .\CortexM3\ARM_GCC_493\Debug\cymetadata.o
                0x90000000                cy_meta_custnvl

.cywolatch      0x90100000        0x4
 *(.cywolatch)
 .cywolatch     0x90100000        0x4 .\CortexM3\ARM_GCC_493\Debug\cymetadata.o
                0x90100000                cy_meta_wonvl

.cyeeprom       0x90200000        0x0
 *(.cyeeprom)
                0x00000001                ASSERT ((. <= ((0x90200000 + ee_offset) + ee_size)), .cyeeprom data will not fit in EEPROM)

.cyflashprotect
                0x90400000      0x100
 *(.cyflashprotect)
 .cyflashprotect
                0x90400000      0x100 .\CortexM3\ARM_GCC_493\Debug\cymetadata.o
                0x90400000                cy_meta_flashprotect

.cymeta         0x90500000        0xc
 *(.cymeta)
 .cymeta        0x90500000        0xc .\CortexM3\ARM_GCC_493\Debug\cymetadata.o
                0x90500000                cy_metadata

.rel.dyn        0x00005c58        0x0 load address 0x9050000c
 .rel.iplt      0x00000000        0x0 c:/program files (x86)/cypress/psoc creator/4.0/psoc creator/import/gnu/arm/4.9.3/bin/../lib/gcc/arm-none-eabi/4.9.3/armv7-m/crtbegin.o

.stab
 *(.stab)

.stabstr
 *(.stabstr)

.debug
 *(.debug)

.line
 *(.line)

.debug_srcinfo
 *(.debug_srcinfo)

.debug_sfnames
 *(.debug_sfnames)

.debug_aranges  0x00000000      0xe10
 *(.debug_aranges)
 .debug_aranges
                0x00000000       0x70 .\CortexM3\ARM_GCC_493\Debug\main.o
 .debug_aranges
                0x00000070       0x18 .\CortexM3\ARM_GCC_493\Debug\cymetadata.o
 .debug_aranges
                0x00000088       0x48 .\CortexM3\ARM_GCC_493\Debug\Cm3Start.o
 .debug_aranges
                0x000000d0       0x60 .\CortexM3\ARM_GCC_493\Debug\USBFS_MIDI_PSoC3_5LP01.a(cyfitter_cfg.o)
 .debug_aranges
                0x00000130       0x38 .\CortexM3\ARM_GCC_493\Debug\USBFS_MIDI_PSoC3_5LP01.a(SW2.o)
 .debug_aranges
                0x00000168       0x58 .\CortexM3\ARM_GCC_493\Debug\USBFS_MIDI_PSoC3_5LP01.a(SleepTimer.o)
 .debug_aranges
                0x000001c0       0x38 .\CortexM3\ARM_GCC_493\Debug\USBFS_MIDI_PSoC3_5LP01.a(SW1.o)
 .debug_aranges
                0x000001f8       0x38 .\CortexM3\ARM_GCC_493\Debug\USBFS_MIDI_PSoC3_5LP01.a(MIDI_PWR.o)
 .debug_aranges
                0x00000230       0x38 .\CortexM3\ARM_GCC_493\Debug\USBFS_MIDI_PSoC3_5LP01.a(LED_OutB.o)
 .debug_aranges
                0x00000268       0x38 .\CortexM3\ARM_GCC_493\Debug\USBFS_MIDI_PSoC3_5LP01.a(LED_InB.o)
 .debug_aranges
                0x000002a0       0x38 .\CortexM3\ARM_GCC_493\Debug\USBFS_MIDI_PSoC3_5LP01.a(LED_OutA.o)
 .debug_aranges
                0x000002d8       0x38 .\CortexM3\ARM_GCC_493\Debug\USBFS_MIDI_PSoC3_5LP01.a(LED_InA.o)
 .debug_aranges
                0x00000310       0x38 .\CortexM3\ARM_GCC_493\Debug\USBFS_MIDI_PSoC3_5LP01.a(MIDI1_UART_PM.o)
 .debug_aranges
                0x00000348       0x38 .\CortexM3\ARM_GCC_493\Debug\USBFS_MIDI_PSoC3_5LP01.a(MIDI2_UART_PM.o)
 .debug_aranges
                0x00000380       0xc8 .\CortexM3\ARM_GCC_493\Debug\USBFS_MIDI_PSoC3_5LP01.a(USB.o)
 .debug_aranges
                0x00000448       0x98 .\CortexM3\ARM_GCC_493\Debug\USBFS_MIDI_PSoC3_5LP01.a(USB_drv.o)
 .debug_aranges
                0x000004e0       0x38 .\CortexM3\ARM_GCC_493\Debug\USBFS_MIDI_PSoC3_5LP01.a(USB_episr.o)
 .debug_aranges
                0x00000518       0x40 .\CortexM3\ARM_GCC_493\Debug\USBFS_MIDI_PSoC3_5LP01.a(USB_pm.o)
 .debug_aranges
                0x00000558       0x80 .\CortexM3\ARM_GCC_493\Debug\USBFS_MIDI_PSoC3_5LP01.a(USB_std.o)
 .debug_aranges
                0x000005d8       0x20 .\CortexM3\ARM_GCC_493\Debug\USBFS_MIDI_PSoC3_5LP01.a(USB_vnd.o)
 .debug_aranges
                0x000005f8       0x78 .\CortexM3\ARM_GCC_493\Debug\USBFS_MIDI_PSoC3_5LP01.a(USB_midi.o)
 .debug_aranges
                0x00000670       0x80 .\CortexM3\ARM_GCC_493\Debug\USBFS_MIDI_PSoC3_5LP01.a(Sleep_isr.o)
 .debug_aranges
                0x000006f0       0x48 .\CortexM3\ARM_GCC_493\Debug\USBFS_MIDI_PSoC3_5LP01.a(USB_Dp.o)
 .debug_aranges
                0x00000738      0x2a0 .\CortexM3\ARM_GCC_493\Debug\USBFS_MIDI_PSoC3_5LP01.a(CyLib.o)
 .debug_aranges
                0x000009d8       0x98 .\CortexM3\ARM_GCC_493\Debug\USBFS_MIDI_PSoC3_5LP01.a(cyPm.o)
 .debug_aranges
                0x00000a70       0x20 .\CortexM3\ARM_GCC_493\Debug\USBFS_MIDI_PSoC3_5LP01.a(CyBootAsmGnu.o)
 .debug_aranges
                0x00000a90       0xf0 .\CortexM3\ARM_GCC_493\Debug\USBFS_MIDI_PSoC3_5LP01.a(MIDI1_UART.o)
 .debug_aranges
                0x00000b80       0x28 .\CortexM3\ARM_GCC_493\Debug\USBFS_MIDI_PSoC3_5LP01.a(MIDI1_UART_INT.o)
 .debug_aranges
                0x00000ba8       0xf0 .\CortexM3\ARM_GCC_493\Debug\USBFS_MIDI_PSoC3_5LP01.a(MIDI2_UART.o)
 .debug_aranges
                0x00000c98       0x28 .\CortexM3\ARM_GCC_493\Debug\USBFS_MIDI_PSoC3_5LP01.a(MIDI2_UART_INT.o)
 .debug_aranges
                0x00000cc0       0x20 .\CortexM3\ARM_GCC_493\Debug\USBFS_MIDI_PSoC3_5LP01.a(USB_cls.o)
 .debug_aranges
                0x00000ce0       0x18 .\CortexM3\ARM_GCC_493\Debug\USBFS_MIDI_PSoC3_5LP01.a(USB_descr.o)
 .debug_aranges
                0x00000cf8       0x80 .\CortexM3\ARM_GCC_493\Debug\USBFS_MIDI_PSoC3_5LP01.a(CyFlash.o)
 .debug_aranges
                0x00000d78       0x78 .\CortexM3\ARM_GCC_493\Debug\USBFS_MIDI_PSoC3_5LP01.a(CySpc.o)
 .debug_aranges
                0x00000df0       0x20 .\CortexM3\ARM_GCC_493\Debug\USBFS_MIDI_PSoC3_5LP01.a(USB_audio.o)

.debug_pubnames
 *(.debug_pubnames)

.debug_info     0x00000000     0x6ba6
 *(.debug_info .gnu.linkonce.wi.*)
 .debug_info    0x00000000      0x265 .\CortexM3\ARM_GCC_493\Debug\main.o
 .debug_info    0x00000265      0x13d .\CortexM3\ARM_GCC_493\Debug\cymetadata.o
 .debug_info    0x000003a2      0x319 .\CortexM3\ARM_GCC_493\Debug\Cm3Start.o
 .debug_info    0x000006bb      0x393 .\CortexM3\ARM_GCC_493\Debug\USBFS_MIDI_PSoC3_5LP01.a(cyfitter_cfg.o)
 .debug_info    0x00000a4e      0x11e .\CortexM3\ARM_GCC_493\Debug\USBFS_MIDI_PSoC3_5LP01.a(SW2.o)
 .debug_info    0x00000b6c      0x1a4 .\CortexM3\ARM_GCC_493\Debug\USBFS_MIDI_PSoC3_5LP01.a(SleepTimer.o)
 .debug_info    0x00000d10      0x11e .\CortexM3\ARM_GCC_493\Debug\USBFS_MIDI_PSoC3_5LP01.a(SW1.o)
 .debug_info    0x00000e2e      0x11e .\CortexM3\ARM_GCC_493\Debug\USBFS_MIDI_PSoC3_5LP01.a(MIDI_PWR.o)
 .debug_info    0x00000f4c      0x11e .\CortexM3\ARM_GCC_493\Debug\USBFS_MIDI_PSoC3_5LP01.a(LED_OutB.o)
 .debug_info    0x0000106a      0x11e .\CortexM3\ARM_GCC_493\Debug\USBFS_MIDI_PSoC3_5LP01.a(LED_InB.o)
 .debug_info    0x00001188      0x11e .\CortexM3\ARM_GCC_493\Debug\USBFS_MIDI_PSoC3_5LP01.a(LED_OutA.o)
 .debug_info    0x000012a6      0x11e .\CortexM3\ARM_GCC_493\Debug\USBFS_MIDI_PSoC3_5LP01.a(LED_InA.o)
 .debug_info    0x000013c4      0x11e .\CortexM3\ARM_GCC_493\Debug\USBFS_MIDI_PSoC3_5LP01.a(MIDI1_UART_PM.o)
 .debug_info    0x000014e2      0x11e .\CortexM3\ARM_GCC_493\Debug\USBFS_MIDI_PSoC3_5LP01.a(MIDI2_UART_PM.o)
 .debug_info    0x00001600      0x70b .\CortexM3\ARM_GCC_493\Debug\USBFS_MIDI_PSoC3_5LP01.a(USB.o)
 .debug_info    0x00001d0b      0x521 .\CortexM3\ARM_GCC_493\Debug\USBFS_MIDI_PSoC3_5LP01.a(USB_drv.o)
 .debug_info    0x0000222c      0x21e .\CortexM3\ARM_GCC_493\Debug\USBFS_MIDI_PSoC3_5LP01.a(USB_episr.o)
 .debug_info    0x0000244a      0x186 .\CortexM3\ARM_GCC_493\Debug\USBFS_MIDI_PSoC3_5LP01.a(USB_pm.o)
 .debug_info    0x000025d0      0x94d .\CortexM3\ARM_GCC_493\Debug\USBFS_MIDI_PSoC3_5LP01.a(USB_std.o)
 .debug_info    0x00002f1d      0x19d .\CortexM3\ARM_GCC_493\Debug\USBFS_MIDI_PSoC3_5LP01.a(USB_vnd.o)
 .debug_info    0x000030ba      0x645 .\CortexM3\ARM_GCC_493\Debug\USBFS_MIDI_PSoC3_5LP01.a(USB_midi.o)
 .debug_info    0x000036ff      0x23a .\CortexM3\ARM_GCC_493\Debug\USBFS_MIDI_PSoC3_5LP01.a(Sleep_isr.o)
 .debug_info    0x00003939      0x171 .\CortexM3\ARM_GCC_493\Debug\USBFS_MIDI_PSoC3_5LP01.a(USB_Dp.o)
 .debug_info    0x00003aaa      0xe4a .\CortexM3\ARM_GCC_493\Debug\USBFS_MIDI_PSoC3_5LP01.a(CyLib.o)
 .debug_info    0x000048f4      0x561 .\CortexM3\ARM_GCC_493\Debug\USBFS_MIDI_PSoC3_5LP01.a(cyPm.o)
 .debug_info    0x00004e55       0x97 .\CortexM3\ARM_GCC_493\Debug\USBFS_MIDI_PSoC3_5LP01.a(CyBootAsmGnu.o)
 .debug_info    0x00004eec      0x641 .\CortexM3\ARM_GCC_493\Debug\USBFS_MIDI_PSoC3_5LP01.a(MIDI1_UART.o)
 .debug_info    0x0000552d      0x17c .\CortexM3\ARM_GCC_493\Debug\USBFS_MIDI_PSoC3_5LP01.a(MIDI1_UART_INT.o)
 .debug_info    0x000056a9      0x641 .\CortexM3\ARM_GCC_493\Debug\USBFS_MIDI_PSoC3_5LP01.a(MIDI2_UART.o)
 .debug_info    0x00005cea      0x17c .\CortexM3\ARM_GCC_493\Debug\USBFS_MIDI_PSoC3_5LP01.a(MIDI2_UART_INT.o)
 .debug_info    0x00005e66      0x1bc .\CortexM3\ARM_GCC_493\Debug\USBFS_MIDI_PSoC3_5LP01.a(USB_cls.o)
 .debug_info    0x00006022      0x2d1 .\CortexM3\ARM_GCC_493\Debug\USBFS_MIDI_PSoC3_5LP01.a(USB_descr.o)
 .debug_info    0x000062f3      0x36a .\CortexM3\ARM_GCC_493\Debug\USBFS_MIDI_PSoC3_5LP01.a(CyFlash.o)
 .debug_info    0x0000665d      0x453 .\CortexM3\ARM_GCC_493\Debug\USBFS_MIDI_PSoC3_5LP01.a(CySpc.o)
 .debug_info    0x00006ab0       0xf6 .\CortexM3\ARM_GCC_493\Debug\USBFS_MIDI_PSoC3_5LP01.a(USB_audio.o)

.debug_abbrev   0x00000000     0x22a8
 *(.debug_abbrev)
 .debug_abbrev  0x00000000      0x122 .\CortexM3\ARM_GCC_493\Debug\main.o
 .debug_abbrev  0x00000122       0x77 .\CortexM3\ARM_GCC_493\Debug\cymetadata.o
 .debug_abbrev  0x00000199      0x1b6 .\CortexM3\ARM_GCC_493\Debug\Cm3Start.o
 .debug_abbrev  0x0000034f      0x19d .\CortexM3\ARM_GCC_493\Debug\USBFS_MIDI_PSoC3_5LP01.a(cyfitter_cfg.o)
 .debug_abbrev  0x000004ec       0x90 .\CortexM3\ARM_GCC_493\Debug\USBFS_MIDI_PSoC3_5LP01.a(SW2.o)
 .debug_abbrev  0x0000057c       0xd3 .\CortexM3\ARM_GCC_493\Debug\USBFS_MIDI_PSoC3_5LP01.a(SleepTimer.o)
 .debug_abbrev  0x0000064f       0x90 .\CortexM3\ARM_GCC_493\Debug\USBFS_MIDI_PSoC3_5LP01.a(SW1.o)
 .debug_abbrev  0x000006df       0x90 .\CortexM3\ARM_GCC_493\Debug\USBFS_MIDI_PSoC3_5LP01.a(MIDI_PWR.o)
 .debug_abbrev  0x0000076f       0x90 .\CortexM3\ARM_GCC_493\Debug\USBFS_MIDI_PSoC3_5LP01.a(LED_OutB.o)
 .debug_abbrev  0x000007ff       0x90 .\CortexM3\ARM_GCC_493\Debug\USBFS_MIDI_PSoC3_5LP01.a(LED_InB.o)
 .debug_abbrev  0x0000088f       0x90 .\CortexM3\ARM_GCC_493\Debug\USBFS_MIDI_PSoC3_5LP01.a(LED_OutA.o)
 .debug_abbrev  0x0000091f       0x90 .\CortexM3\ARM_GCC_493\Debug\USBFS_MIDI_PSoC3_5LP01.a(LED_InA.o)
 .debug_abbrev  0x000009af       0xa8 .\CortexM3\ARM_GCC_493\Debug\USBFS_MIDI_PSoC3_5LP01.a(MIDI1_UART_PM.o)
 .debug_abbrev  0x00000a57       0xa8 .\CortexM3\ARM_GCC_493\Debug\USBFS_MIDI_PSoC3_5LP01.a(MIDI2_UART_PM.o)
 .debug_abbrev  0x00000aff      0x1f3 .\CortexM3\ARM_GCC_493\Debug\USBFS_MIDI_PSoC3_5LP01.a(USB.o)
 .debug_abbrev  0x00000cf2      0x161 .\CortexM3\ARM_GCC_493\Debug\USBFS_MIDI_PSoC3_5LP01.a(USB_drv.o)
 .debug_abbrev  0x00000e53       0xfd .\CortexM3\ARM_GCC_493\Debug\USBFS_MIDI_PSoC3_5LP01.a(USB_episr.o)
 .debug_abbrev  0x00000f50       0xd1 .\CortexM3\ARM_GCC_493\Debug\USBFS_MIDI_PSoC3_5LP01.a(USB_pm.o)
 .debug_abbrev  0x00001021      0x1b9 .\CortexM3\ARM_GCC_493\Debug\USBFS_MIDI_PSoC3_5LP01.a(USB_std.o)
 .debug_abbrev  0x000011da       0xc5 .\CortexM3\ARM_GCC_493\Debug\USBFS_MIDI_PSoC3_5LP01.a(USB_vnd.o)
 .debug_abbrev  0x0000129f      0x1bd .\CortexM3\ARM_GCC_493\Debug\USBFS_MIDI_PSoC3_5LP01.a(USB_midi.o)
 .debug_abbrev  0x0000145c      0x172 .\CortexM3\ARM_GCC_493\Debug\USBFS_MIDI_PSoC3_5LP01.a(Sleep_isr.o)
 .debug_abbrev  0x000015ce       0x90 .\CortexM3\ARM_GCC_493\Debug\USBFS_MIDI_PSoC3_5LP01.a(USB_Dp.o)
 .debug_abbrev  0x0000165e      0x217 .\CortexM3\ARM_GCC_493\Debug\USBFS_MIDI_PSoC3_5LP01.a(CyLib.o)
 .debug_abbrev  0x00001875      0x161 .\CortexM3\ARM_GCC_493\Debug\USBFS_MIDI_PSoC3_5LP01.a(cyPm.o)
 .debug_abbrev  0x000019d6       0x14 .\CortexM3\ARM_GCC_493\Debug\USBFS_MIDI_PSoC3_5LP01.a(CyBootAsmGnu.o)
 .debug_abbrev  0x000019ea      0x15f .\CortexM3\ARM_GCC_493\Debug\USBFS_MIDI_PSoC3_5LP01.a(MIDI1_UART.o)
 .debug_abbrev  0x00001b49       0xa2 .\CortexM3\ARM_GCC_493\Debug\USBFS_MIDI_PSoC3_5LP01.a(MIDI1_UART_INT.o)
 .debug_abbrev  0x00001beb      0x15f .\CortexM3\ARM_GCC_493\Debug\USBFS_MIDI_PSoC3_5LP01.a(MIDI2_UART.o)
 .debug_abbrev  0x00001d4a       0xa2 .\CortexM3\ARM_GCC_493\Debug\USBFS_MIDI_PSoC3_5LP01.a(MIDI2_UART_INT.o)
 .debug_abbrev  0x00001dec       0xc5 .\CortexM3\ARM_GCC_493\Debug\USBFS_MIDI_PSoC3_5LP01.a(USB_cls.o)
 .debug_abbrev  0x00001eb1       0xb4 .\CortexM3\ARM_GCC_493\Debug\USBFS_MIDI_PSoC3_5LP01.a(USB_descr.o)
 .debug_abbrev  0x00001f65      0x13c .\CortexM3\ARM_GCC_493\Debug\USBFS_MIDI_PSoC3_5LP01.a(CyFlash.o)
 .debug_abbrev  0x000020a1      0x16c .\CortexM3\ARM_GCC_493\Debug\USBFS_MIDI_PSoC3_5LP01.a(CySpc.o)
 .debug_abbrev  0x0000220d       0x9b .\CortexM3\ARM_GCC_493\Debug\USBFS_MIDI_PSoC3_5LP01.a(USB_audio.o)

.debug_line     0x00000000     0x37da
 *(.debug_line)
 .debug_line    0x00000000      0x25d .\CortexM3\ARM_GCC_493\Debug\main.o
 .debug_line    0x0000025d       0x51 .\CortexM3\ARM_GCC_493\Debug\cymetadata.o
 .debug_line    0x000002ae      0x1dc .\CortexM3\ARM_GCC_493\Debug\Cm3Start.o
 .debug_line    0x0000048a      0x1ec .\CortexM3\ARM_GCC_493\Debug\USBFS_MIDI_PSoC3_5LP01.a(cyfitter_cfg.o)
 .debug_line    0x00000676       0x92 .\CortexM3\ARM_GCC_493\Debug\USBFS_MIDI_PSoC3_5LP01.a(SW2.o)
 .debug_line    0x00000708       0xf6 .\CortexM3\ARM_GCC_493\Debug\USBFS_MIDI_PSoC3_5LP01.a(SleepTimer.o)
 .debug_line    0x000007fe       0x92 .\CortexM3\ARM_GCC_493\Debug\USBFS_MIDI_PSoC3_5LP01.a(SW1.o)
 .debug_line    0x00000890       0x97 .\CortexM3\ARM_GCC_493\Debug\USBFS_MIDI_PSoC3_5LP01.a(MIDI_PWR.o)
 .debug_line    0x00000927       0x97 .\CortexM3\ARM_GCC_493\Debug\USBFS_MIDI_PSoC3_5LP01.a(LED_OutB.o)
 .debug_line    0x000009be       0x96 .\CortexM3\ARM_GCC_493\Debug\USBFS_MIDI_PSoC3_5LP01.a(LED_InB.o)
 .debug_line    0x00000a54       0x97 .\CortexM3\ARM_GCC_493\Debug\USBFS_MIDI_PSoC3_5LP01.a(LED_OutA.o)
 .debug_line    0x00000aeb       0x96 .\CortexM3\ARM_GCC_493\Debug\USBFS_MIDI_PSoC3_5LP01.a(LED_InA.o)
 .debug_line    0x00000b81       0xb3 .\CortexM3\ARM_GCC_493\Debug\USBFS_MIDI_PSoC3_5LP01.a(MIDI1_UART_PM.o)
 .debug_line    0x00000c34       0xb3 .\CortexM3\ARM_GCC_493\Debug\USBFS_MIDI_PSoC3_5LP01.a(MIDI2_UART_PM.o)
 .debug_line    0x00000ce7      0x2f6 .\CortexM3\ARM_GCC_493\Debug\USBFS_MIDI_PSoC3_5LP01.a(USB.o)
 .debug_line    0x00000fdd      0x212 .\CortexM3\ARM_GCC_493\Debug\USBFS_MIDI_PSoC3_5LP01.a(USB_drv.o)
 .debug_line    0x000011ef       0xc8 .\CortexM3\ARM_GCC_493\Debug\USBFS_MIDI_PSoC3_5LP01.a(USB_episr.o)
 .debug_line    0x000012b7       0xde .\CortexM3\ARM_GCC_493\Debug\USBFS_MIDI_PSoC3_5LP01.a(USB_pm.o)
 .debug_line    0x00001395      0x46b .\CortexM3\ARM_GCC_493\Debug\USBFS_MIDI_PSoC3_5LP01.a(USB_std.o)
 .debug_line    0x00001800       0x83 .\CortexM3\ARM_GCC_493\Debug\USBFS_MIDI_PSoC3_5LP01.a(USB_vnd.o)
 .debug_line    0x00001883      0x36f .\CortexM3\ARM_GCC_493\Debug\USBFS_MIDI_PSoC3_5LP01.a(USB_midi.o)
 .debug_line    0x00001bf2      0x144 .\CortexM3\ARM_GCC_493\Debug\USBFS_MIDI_PSoC3_5LP01.a(Sleep_isr.o)
 .debug_line    0x00001d36       0xba .\CortexM3\ARM_GCC_493\Debug\USBFS_MIDI_PSoC3_5LP01.a(USB_Dp.o)
 .debug_line    0x00001df0      0x882 .\CortexM3\ARM_GCC_493\Debug\USBFS_MIDI_PSoC3_5LP01.a(CyLib.o)
 .debug_line    0x00002672      0x37f .\CortexM3\ARM_GCC_493\Debug\USBFS_MIDI_PSoC3_5LP01.a(cyPm.o)
 .debug_line    0x000029f1       0x66 .\CortexM3\ARM_GCC_493\Debug\USBFS_MIDI_PSoC3_5LP01.a(CyBootAsmGnu.o)
 .debug_line    0x00002a57      0x345 .\CortexM3\ARM_GCC_493\Debug\USBFS_MIDI_PSoC3_5LP01.a(MIDI1_UART.o)
 .debug_line    0x00002d9c       0xb9 .\CortexM3\ARM_GCC_493\Debug\USBFS_MIDI_PSoC3_5LP01.a(MIDI1_UART_INT.o)
 .debug_line    0x00002e55      0x345 .\CortexM3\ARM_GCC_493\Debug\USBFS_MIDI_PSoC3_5LP01.a(MIDI2_UART.o)
 .debug_line    0x0000319a       0xb9 .\CortexM3\ARM_GCC_493\Debug\USBFS_MIDI_PSoC3_5LP01.a(MIDI2_UART_INT.o)
 .debug_line    0x00003253       0x89 .\CortexM3\ARM_GCC_493\Debug\USBFS_MIDI_PSoC3_5LP01.a(USB_cls.o)
 .debug_line    0x000032dc       0x59 .\CortexM3\ARM_GCC_493\Debug\USBFS_MIDI_PSoC3_5LP01.a(USB_descr.o)
 .debug_line    0x00003335      0x205 .\CortexM3\ARM_GCC_493\Debug\USBFS_MIDI_PSoC3_5LP01.a(CyFlash.o)
 .debug_line    0x0000353a      0x215 .\CortexM3\ARM_GCC_493\Debug\USBFS_MIDI_PSoC3_5LP01.a(CySpc.o)
 .debug_line    0x0000374f       0x8b .\CortexM3\ARM_GCC_493\Debug\USBFS_MIDI_PSoC3_5LP01.a(USB_audio.o)

.debug_frame    0x00000000     0x3510
 *(.debug_frame)
 .debug_frame   0x00000000      0x154 .\CortexM3\ARM_GCC_493\Debug\main.o
 .debug_frame   0x00000154       0xd8 .\CortexM3\ARM_GCC_493\Debug\Cm3Start.o
 .debug_frame   0x0000022c      0x16c .\CortexM3\ARM_GCC_493\Debug\USBFS_MIDI_PSoC3_5LP01.a(cyfitter_cfg.o)
 .debug_frame   0x00000398       0xa8 .\CortexM3\ARM_GCC_493\Debug\USBFS_MIDI_PSoC3_5LP01.a(SW2.o)
 .debug_frame   0x00000440      0x12c .\CortexM3\ARM_GCC_493\Debug\USBFS_MIDI_PSoC3_5LP01.a(SleepTimer.o)
 .debug_frame   0x0000056c       0xa8 .\CortexM3\ARM_GCC_493\Debug\USBFS_MIDI_PSoC3_5LP01.a(SW1.o)
 .debug_frame   0x00000614       0xa8 .\CortexM3\ARM_GCC_493\Debug\USBFS_MIDI_PSoC3_5LP01.a(MIDI_PWR.o)
 .debug_frame   0x000006bc       0xa8 .\CortexM3\ARM_GCC_493\Debug\USBFS_MIDI_PSoC3_5LP01.a(LED_OutB.o)
 .debug_frame   0x00000764       0xa8 .\CortexM3\ARM_GCC_493\Debug\USBFS_MIDI_PSoC3_5LP01.a(LED_InB.o)
 .debug_frame   0x0000080c       0xa8 .\CortexM3\ARM_GCC_493\Debug\USBFS_MIDI_PSoC3_5LP01.a(LED_OutA.o)
 .debug_frame   0x000008b4       0xa8 .\CortexM3\ARM_GCC_493\Debug\USBFS_MIDI_PSoC3_5LP01.a(LED_InA.o)
 .debug_frame   0x0000095c       0x90 .\CortexM3\ARM_GCC_493\Debug\USBFS_MIDI_PSoC3_5LP01.a(MIDI1_UART_PM.o)
 .debug_frame   0x000009ec       0x90 .\CortexM3\ARM_GCC_493\Debug\USBFS_MIDI_PSoC3_5LP01.a(MIDI2_UART_PM.o)
 .debug_frame   0x00000a7c      0x37c .\CortexM3\ARM_GCC_493\Debug\USBFS_MIDI_PSoC3_5LP01.a(USB.o)
 .debug_frame   0x00000df8      0x23c .\CortexM3\ARM_GCC_493\Debug\USBFS_MIDI_PSoC3_5LP01.a(USB_drv.o)
 .debug_frame   0x00001034       0x98 .\CortexM3\ARM_GCC_493\Debug\USBFS_MIDI_PSoC3_5LP01.a(USB_episr.o)
 .debug_frame   0x000010cc       0xbc .\CortexM3\ARM_GCC_493\Debug\USBFS_MIDI_PSoC3_5LP01.a(USB_pm.o)
 .debug_frame   0x00001188      0x224 .\CortexM3\ARM_GCC_493\Debug\USBFS_MIDI_PSoC3_5LP01.a(USB_std.o)
 .debug_frame   0x000013ac       0x38 .\CortexM3\ARM_GCC_493\Debug\USBFS_MIDI_PSoC3_5LP01.a(USB_vnd.o)
 .debug_frame   0x000013e4      0x1d4 .\CortexM3\ARM_GCC_493\Debug\USBFS_MIDI_PSoC3_5LP01.a(USB_midi.o)
 .debug_frame   0x000015b8      0x1e8 .\CortexM3\ARM_GCC_493\Debug\USBFS_MIDI_PSoC3_5LP01.a(Sleep_isr.o)
 .debug_frame   0x000017a0       0xf4 .\CortexM3\ARM_GCC_493\Debug\USBFS_MIDI_PSoC3_5LP01.a(USB_Dp.o)
 .debug_frame   0x00001894      0xc0c .\CortexM3\ARM_GCC_493\Debug\USBFS_MIDI_PSoC3_5LP01.a(CyLib.o)
 .debug_frame   0x000024a0      0x234 .\CortexM3\ARM_GCC_493\Debug\USBFS_MIDI_PSoC3_5LP01.a(cyPm.o)
 .debug_frame   0x000026d4      0x428 .\CortexM3\ARM_GCC_493\Debug\USBFS_MIDI_PSoC3_5LP01.a(MIDI1_UART.o)
 .debug_frame   0x00002afc       0x5c .\CortexM3\ARM_GCC_493\Debug\USBFS_MIDI_PSoC3_5LP01.a(MIDI1_UART_INT.o)
 .debug_frame   0x00002b58      0x428 .\CortexM3\ARM_GCC_493\Debug\USBFS_MIDI_PSoC3_5LP01.a(MIDI2_UART.o)
 .debug_frame   0x00002f80       0x5c .\CortexM3\ARM_GCC_493\Debug\USBFS_MIDI_PSoC3_5LP01.a(MIDI2_UART_INT.o)
 .debug_frame   0x00002fdc       0x38 .\CortexM3\ARM_GCC_493\Debug\USBFS_MIDI_PSoC3_5LP01.a(USB_cls.o)
 .debug_frame   0x00003014      0x210 .\CortexM3\ARM_GCC_493\Debug\USBFS_MIDI_PSoC3_5LP01.a(CyFlash.o)
 .debug_frame   0x00003224      0x1f8 .\CortexM3\ARM_GCC_493\Debug\USBFS_MIDI_PSoC3_5LP01.a(CySpc.o)
 .debug_frame   0x0000341c       0x38 .\CortexM3\ARM_GCC_493\Debug\USBFS_MIDI_PSoC3_5LP01.a(USB_audio.o)
 .debug_frame   0x00003454       0x20 c:/program files (x86)/cypress/psoc creator/4.0/psoc creator/import/gnu/arm/4.9.3/bin/../lib/gcc/arm-none-eabi/4.9.3/../../../../arm-none-eabi/lib/armv7-m\libg_nano.a(lib_a-errno.o)
 .debug_frame   0x00003474       0x28 c:/program files (x86)/cypress/psoc creator/4.0/psoc creator/import/gnu/arm/4.9.3/bin/../lib/gcc/arm-none-eabi/4.9.3/../../../../arm-none-eabi/lib/armv7-m\libg_nano.a(lib_a-exit.o)
 .debug_frame   0x0000349c       0x2c c:/program files (x86)/cypress/psoc creator/4.0/psoc creator/import/gnu/arm/4.9.3/bin/../lib/gcc/arm-none-eabi/4.9.3/../../../../arm-none-eabi/lib/armv7-m\libg_nano.a(lib_a-init.o)
 .debug_frame   0x000034c8       0x28 c:/program files (x86)/cypress/psoc creator/4.0/psoc creator/import/gnu/arm/4.9.3/bin/../lib/gcc/arm-none-eabi/4.9.3/../../../../arm-none-eabi/lib/armv7-m\libg_nano.a(lib_a-memcpy.o)
 .debug_frame   0x000034f0       0x20 c:/program files (x86)/cypress/psoc creator/4.0/psoc creator/import/gnu/arm/4.9.3/bin/../lib/gcc/arm-none-eabi/4.9.3/../../../../arm-none-eabi/lib/armv7-m\libg_nano.a(lib_a-memset.o)

.debug_str      0x00000000     0x3114
 *(.debug_str)
 .debug_str     0x00000000      0x32b .\CortexM3\ARM_GCC_493\Debug\main.o
                                0x36c (size before relaxing)
 .debug_str     0x0000032b       0x75 .\CortexM3\ARM_GCC_493\Debug\cymetadata.o
                                0x1f1 (size before relaxing)
 .debug_str     0x000003a0      0x13c .\CortexM3\ARM_GCC_493\Debug\Cm3Start.o
                                0x2d2 (size before relaxing)
 .debug_str     0x000004dc      0x15c .\CortexM3\ARM_GCC_493\Debug\USBFS_MIDI_PSoC3_5LP01.a(cyfitter_cfg.o)
                                0x2fe (size before relaxing)
 .debug_str     0x00000638       0x61 .\CortexM3\ARM_GCC_493\Debug\USBFS_MIDI_PSoC3_5LP01.a(SW2.o)
                                0x1df (size before relaxing)
 .debug_str     0x00000699       0xe9 .\CortexM3\ARM_GCC_493\Debug\USBFS_MIDI_PSoC3_5LP01.a(SleepTimer.o)
                                0x26a (size before relaxing)
 .debug_str     0x00000782       0x51 .\CortexM3\ARM_GCC_493\Debug\USBFS_MIDI_PSoC3_5LP01.a(SW1.o)
                                0x1df (size before relaxing)
 .debug_str     0x000007d3       0x6a .\CortexM3\ARM_GCC_493\Debug\USBFS_MIDI_PSoC3_5LP01.a(MIDI_PWR.o)
                                0x1f8 (size before relaxing)
 .debug_str     0x0000083d       0x6a .\CortexM3\ARM_GCC_493\Debug\USBFS_MIDI_PSoC3_5LP01.a(LED_OutB.o)
                                0x1f8 (size before relaxing)
 .debug_str     0x000008a7       0x65 .\CortexM3\ARM_GCC_493\Debug\USBFS_MIDI_PSoC3_5LP01.a(LED_InB.o)
                                0x1f3 (size before relaxing)
 .debug_str     0x0000090c       0x6a .\CortexM3\ARM_GCC_493\Debug\USBFS_MIDI_PSoC3_5LP01.a(LED_OutA.o)
                                0x1f8 (size before relaxing)
 .debug_str     0x00000976       0x65 .\CortexM3\ARM_GCC_493\Debug\USBFS_MIDI_PSoC3_5LP01.a(LED_InA.o)
                                0x1f3 (size before relaxing)
 .debug_str     0x000009db       0xc9 .\CortexM3\ARM_GCC_493\Debug\USBFS_MIDI_PSoC3_5LP01.a(MIDI1_UART_PM.o)
                                0x24a (size before relaxing)
 .debug_str     0x00000aa4       0xbd .\CortexM3\ARM_GCC_493\Debug\USBFS_MIDI_PSoC3_5LP01.a(MIDI2_UART_PM.o)
                                0x24a (size before relaxing)
 .debug_str     0x00000b61      0x393 .\CortexM3\ARM_GCC_493\Debug\USBFS_MIDI_PSoC3_5LP01.a(USB.o)
                                0x54a (size before relaxing)
 .debug_str     0x00000ef4      0x29c .\CortexM3\ARM_GCC_493\Debug\USBFS_MIDI_PSoC3_5LP01.a(USB_drv.o)
                                0x559 (size before relaxing)
 .debug_str     0x00001190       0x5b .\CortexM3\ARM_GCC_493\Debug\USBFS_MIDI_PSoC3_5LP01.a(USB_episr.o)
                                0x28d (size before relaxing)
 .debug_str     0x000011eb       0x80 .\CortexM3\ARM_GCC_493\Debug\USBFS_MIDI_PSoC3_5LP01.a(USB_pm.o)
                                0x242 (size before relaxing)
 .debug_str     0x0000126b      0x2c7 .\CortexM3\ARM_GCC_493\Debug\USBFS_MIDI_PSoC3_5LP01.a(USB_std.o)
                                0x6c1 (size before relaxing)
 .debug_str     0x00001532       0x53 .\CortexM3\ARM_GCC_493\Debug\USBFS_MIDI_PSoC3_5LP01.a(USB_vnd.o)
                                0x256 (size before relaxing)
 .debug_str     0x00001585      0x303 .\CortexM3\ARM_GCC_493\Debug\USBFS_MIDI_PSoC3_5LP01.a(USB_midi.o)
                                0x583 (size before relaxing)
 .debug_str     0x00001888      0x136 .\CortexM3\ARM_GCC_493\Debug\USBFS_MIDI_PSoC3_5LP01.a(Sleep_isr.o)
                                0x2d9 (size before relaxing)
 .debug_str     0x000019be       0x97 .\CortexM3\ARM_GCC_493\Debug\USBFS_MIDI_PSoC3_5LP01.a(USB_Dp.o)
                                0x22c (size before relaxing)
 .debug_str     0x00001a55      0x7d7 .\CortexM3\ARM_GCC_493\Debug\USBFS_MIDI_PSoC3_5LP01.a(CyLib.o)
                                0x9e5 (size before relaxing)
 .debug_str     0x0000222c      0x365 .\CortexM3\ARM_GCC_493\Debug\USBFS_MIDI_PSoC3_5LP01.a(cyPm.o)
                                0x532 (size before relaxing)
 .debug_str     0x00002591      0x3d9 .\CortexM3\ARM_GCC_493\Debug\USBFS_MIDI_PSoC3_5LP01.a(MIDI1_UART.o)
                                0x603 (size before relaxing)
 .debug_str     0x0000296a       0x70 .\CortexM3\ARM_GCC_493\Debug\USBFS_MIDI_PSoC3_5LP01.a(MIDI1_UART_INT.o)
                                0x2cc (size before relaxing)
 .debug_str     0x000029da      0x326 .\CortexM3\ARM_GCC_493\Debug\USBFS_MIDI_PSoC3_5LP01.a(MIDI2_UART.o)
                                0x603 (size before relaxing)
 .debug_str     0x00002d00       0x4a .\CortexM3\ARM_GCC_493\Debug\USBFS_MIDI_PSoC3_5LP01.a(MIDI2_UART_INT.o)
                                0x2cc (size before relaxing)
 .debug_str     0x00002d4a       0x37 .\CortexM3\ARM_GCC_493\Debug\USBFS_MIDI_PSoC3_5LP01.a(USB_cls.o)
                                0x272 (size before relaxing)
 .debug_str     0x00002d81       0xe8 .\CortexM3\ARM_GCC_493\Debug\USBFS_MIDI_PSoC3_5LP01.a(USB_descr.o)
                                0x351 (size before relaxing)
 .debug_str     0x00002e69      0x145 .\CortexM3\ARM_GCC_493\Debug\USBFS_MIDI_PSoC3_5LP01.a(CyFlash.o)
                                0x2f1 (size before relaxing)
 .debug_str     0x00002fae      0x11f .\CortexM3\ARM_GCC_493\Debug\USBFS_MIDI_PSoC3_5LP01.a(CySpc.o)
                                0x2ee (size before relaxing)
 .debug_str     0x000030cd       0x47 .\CortexM3\ARM_GCC_493\Debug\USBFS_MIDI_PSoC3_5LP01.a(USB_audio.o)
                                0x1ed (size before relaxing)

.debug_loc
 *(.debug_loc)

.debug_macinfo
 *(.debug_macinfo)

.debug_ranges   0x00000000      0xbc0
 *(.debug_ranges)
 .debug_ranges  0x00000000       0x60 .\CortexM3\ARM_GCC_493\Debug\main.o
 .debug_ranges  0x00000060       0x38 .\CortexM3\ARM_GCC_493\Debug\Cm3Start.o
 .debug_ranges  0x00000098       0x50 .\CortexM3\ARM_GCC_493\Debug\USBFS_MIDI_PSoC3_5LP01.a(cyfitter_cfg.o)
 .debug_ranges  0x000000e8       0x28 .\CortexM3\ARM_GCC_493\Debug\USBFS_MIDI_PSoC3_5LP01.a(SW2.o)
 .debug_ranges  0x00000110       0x48 .\CortexM3\ARM_GCC_493\Debug\USBFS_MIDI_PSoC3_5LP01.a(SleepTimer.o)
 .debug_ranges  0x00000158       0x28 .\CortexM3\ARM_GCC_493\Debug\USBFS_MIDI_PSoC3_5LP01.a(SW1.o)
 .debug_ranges  0x00000180       0x28 .\CortexM3\ARM_GCC_493\Debug\USBFS_MIDI_PSoC3_5LP01.a(MIDI_PWR.o)
 .debug_ranges  0x000001a8       0x28 .\CortexM3\ARM_GCC_493\Debug\USBFS_MIDI_PSoC3_5LP01.a(LED_OutB.o)
 .debug_ranges  0x000001d0       0x28 .\CortexM3\ARM_GCC_493\Debug\USBFS_MIDI_PSoC3_5LP01.a(LED_InB.o)
 .debug_ranges  0x000001f8       0x28 .\CortexM3\ARM_GCC_493\Debug\USBFS_MIDI_PSoC3_5LP01.a(LED_OutA.o)
 .debug_ranges  0x00000220       0x28 .\CortexM3\ARM_GCC_493\Debug\USBFS_MIDI_PSoC3_5LP01.a(LED_InA.o)
 .debug_ranges  0x00000248       0x28 .\CortexM3\ARM_GCC_493\Debug\USBFS_MIDI_PSoC3_5LP01.a(MIDI1_UART_PM.o)
 .debug_ranges  0x00000270       0x28 .\CortexM3\ARM_GCC_493\Debug\USBFS_MIDI_PSoC3_5LP01.a(MIDI2_UART_PM.o)
 .debug_ranges  0x00000298       0xb8 .\CortexM3\ARM_GCC_493\Debug\USBFS_MIDI_PSoC3_5LP01.a(USB.o)
 .debug_ranges  0x00000350       0x88 .\CortexM3\ARM_GCC_493\Debug\USBFS_MIDI_PSoC3_5LP01.a(USB_drv.o)
 .debug_ranges  0x000003d8       0x28 .\CortexM3\ARM_GCC_493\Debug\USBFS_MIDI_PSoC3_5LP01.a(USB_episr.o)
 .debug_ranges  0x00000400       0x30 .\CortexM3\ARM_GCC_493\Debug\USBFS_MIDI_PSoC3_5LP01.a(USB_pm.o)
 .debug_ranges  0x00000430       0x70 .\CortexM3\ARM_GCC_493\Debug\USBFS_MIDI_PSoC3_5LP01.a(USB_std.o)
 .debug_ranges  0x000004a0       0x10 .\CortexM3\ARM_GCC_493\Debug\USBFS_MIDI_PSoC3_5LP01.a(USB_vnd.o)
 .debug_ranges  0x000004b0       0x68 .\CortexM3\ARM_GCC_493\Debug\USBFS_MIDI_PSoC3_5LP01.a(USB_midi.o)
 .debug_ranges  0x00000518       0x70 .\CortexM3\ARM_GCC_493\Debug\USBFS_MIDI_PSoC3_5LP01.a(Sleep_isr.o)
 .debug_ranges  0x00000588       0x38 .\CortexM3\ARM_GCC_493\Debug\USBFS_MIDI_PSoC3_5LP01.a(USB_Dp.o)
 .debug_ranges  0x000005c0      0x290 .\CortexM3\ARM_GCC_493\Debug\USBFS_MIDI_PSoC3_5LP01.a(CyLib.o)
 .debug_ranges  0x00000850       0x88 .\CortexM3\ARM_GCC_493\Debug\USBFS_MIDI_PSoC3_5LP01.a(cyPm.o)
 .debug_ranges  0x000008d8       0xe0 .\CortexM3\ARM_GCC_493\Debug\USBFS_MIDI_PSoC3_5LP01.a(MIDI1_UART.o)
 .debug_ranges  0x000009b8       0x18 .\CortexM3\ARM_GCC_493\Debug\USBFS_MIDI_PSoC3_5LP01.a(MIDI1_UART_INT.o)
 .debug_ranges  0x000009d0       0xe0 .\CortexM3\ARM_GCC_493\Debug\USBFS_MIDI_PSoC3_5LP01.a(MIDI2_UART.o)
 .debug_ranges  0x00000ab0       0x18 .\CortexM3\ARM_GCC_493\Debug\USBFS_MIDI_PSoC3_5LP01.a(MIDI2_UART_INT.o)
 .debug_ranges  0x00000ac8       0x10 .\CortexM3\ARM_GCC_493\Debug\USBFS_MIDI_PSoC3_5LP01.a(USB_cls.o)
 .debug_ranges  0x00000ad8       0x70 .\CortexM3\ARM_GCC_493\Debug\USBFS_MIDI_PSoC3_5LP01.a(CyFlash.o)
 .debug_ranges  0x00000b48       0x68 .\CortexM3\ARM_GCC_493\Debug\USBFS_MIDI_PSoC3_5LP01.a(CySpc.o)
 .debug_ranges  0x00000bb0       0x10 .\CortexM3\ARM_GCC_493\Debug\USBFS_MIDI_PSoC3_5LP01.a(USB_audio.o)

.comment        0x00000000       0x70
 .comment       0x00000000       0x70 .\CortexM3\ARM_GCC_493\Debug\main.o
                                 0x71 (size before relaxing)
 .comment       0x00000000       0x71 .\CortexM3\ARM_GCC_493\Debug\cymetadata.o
 .comment       0x00000000       0x71 .\CortexM3\ARM_GCC_493\Debug\Cm3Start.o
 .comment       0x00000000       0x71 .\CortexM3\ARM_GCC_493\Debug\USBFS_MIDI_PSoC3_5LP01.a(cyfitter_cfg.o)
 .comment       0x00000000       0x71 .\CortexM3\ARM_GCC_493\Debug\USBFS_MIDI_PSoC3_5LP01.a(SW2.o)
 .comment       0x00000000       0x71 .\CortexM3\ARM_GCC_493\Debug\USBFS_MIDI_PSoC3_5LP01.a(SleepTimer.o)
 .comment       0x00000000       0x71 .\CortexM3\ARM_GCC_493\Debug\USBFS_MIDI_PSoC3_5LP01.a(SW1.o)
 .comment       0x00000000       0x71 .\CortexM3\ARM_GCC_493\Debug\USBFS_MIDI_PSoC3_5LP01.a(MIDI_PWR.o)
 .comment       0x00000000       0x71 .\CortexM3\ARM_GCC_493\Debug\USBFS_MIDI_PSoC3_5LP01.a(LED_OutB.o)
 .comment       0x00000000       0x71 .\CortexM3\ARM_GCC_493\Debug\USBFS_MIDI_PSoC3_5LP01.a(LED_InB.o)
 .comment       0x00000000       0x71 .\CortexM3\ARM_GCC_493\Debug\USBFS_MIDI_PSoC3_5LP01.a(LED_OutA.o)
 .comment       0x00000000       0x71 .\CortexM3\ARM_GCC_493\Debug\USBFS_MIDI_PSoC3_5LP01.a(LED_InA.o)
 .comment       0x00000000       0x71 .\CortexM3\ARM_GCC_493\Debug\USBFS_MIDI_PSoC3_5LP01.a(MIDI1_UART_PM.o)
 .comment       0x00000000       0x71 .\CortexM3\ARM_GCC_493\Debug\USBFS_MIDI_PSoC3_5LP01.a(MIDI2_UART_PM.o)
 .comment       0x00000000       0x71 .\CortexM3\ARM_GCC_493\Debug\USBFS_MIDI_PSoC3_5LP01.a(USB.o)
 .comment       0x00000000       0x71 .\CortexM3\ARM_GCC_493\Debug\USBFS_MIDI_PSoC3_5LP01.a(USB_drv.o)
 .comment       0x00000000       0x71 .\CortexM3\ARM_GCC_493\Debug\USBFS_MIDI_PSoC3_5LP01.a(USB_episr.o)
 .comment       0x00000000       0x71 .\CortexM3\ARM_GCC_493\Debug\USBFS_MIDI_PSoC3_5LP01.a(USB_pm.o)
 .comment       0x00000000       0x71 .\CortexM3\ARM_GCC_493\Debug\USBFS_MIDI_PSoC3_5LP01.a(USB_std.o)
 .comment       0x00000000       0x71 .\CortexM3\ARM_GCC_493\Debug\USBFS_MIDI_PSoC3_5LP01.a(USB_vnd.o)
 .comment       0x00000000       0x71 .\CortexM3\ARM_GCC_493\Debug\USBFS_MIDI_PSoC3_5LP01.a(USB_midi.o)
 .comment       0x00000000       0x71 .\CortexM3\ARM_GCC_493\Debug\USBFS_MIDI_PSoC3_5LP01.a(Sleep_isr.o)
 .comment       0x00000000       0x71 .\CortexM3\ARM_GCC_493\Debug\USBFS_MIDI_PSoC3_5LP01.a(USB_Dp.o)
 .comment       0x00000000       0x71 .\CortexM3\ARM_GCC_493\Debug\USBFS_MIDI_PSoC3_5LP01.a(CyLib.o)
 .comment       0x00000000       0x71 .\CortexM3\ARM_GCC_493\Debug\USBFS_MIDI_PSoC3_5LP01.a(cyPm.o)
 .comment       0x00000000       0x71 .\CortexM3\ARM_GCC_493\Debug\USBFS_MIDI_PSoC3_5LP01.a(MIDI1_UART.o)
 .comment       0x00000000       0x71 .\CortexM3\ARM_GCC_493\Debug\USBFS_MIDI_PSoC3_5LP01.a(MIDI1_UART_INT.o)
 .comment       0x00000000       0x71 .\CortexM3\ARM_GCC_493\Debug\USBFS_MIDI_PSoC3_5LP01.a(MIDI2_UART.o)
 .comment       0x00000000       0x71 .\CortexM3\ARM_GCC_493\Debug\USBFS_MIDI_PSoC3_5LP01.a(MIDI2_UART_INT.o)
 .comment       0x00000000       0x71 .\CortexM3\ARM_GCC_493\Debug\USBFS_MIDI_PSoC3_5LP01.a(USB_cls.o)
 .comment       0x00000000       0x71 .\CortexM3\ARM_GCC_493\Debug\USBFS_MIDI_PSoC3_5LP01.a(USB_descr.o)
 .comment       0x00000000       0x71 .\CortexM3\ARM_GCC_493\Debug\USBFS_MIDI_PSoC3_5LP01.a(CyFlash.o)
 .comment       0x00000000       0x71 .\CortexM3\ARM_GCC_493\Debug\USBFS_MIDI_PSoC3_5LP01.a(CySpc.o)
 .comment       0x00000000       0x71 .\CortexM3\ARM_GCC_493\Debug\USBFS_MIDI_PSoC3_5LP01.a(USB_audio.o)

.debug_weaknames
 *(.debug_weaknames)

.debug_funcnames
 *(.debug_funcnames)

.debug_typenames
 *(.debug_typenames)

.debug_varnames
 *(.debug_varnames)

.note.gnu.arm.ident
 *(.note.gnu.arm.ident)

.ARM.attributes
                0x00000000       0x29
 *(.ARM.attributes)
 .ARM.attributes
                0x00000000       0x1d c:/program files (x86)/cypress/psoc creator/4.0/psoc creator/import/gnu/arm/4.9.3/bin/../lib/gcc/arm-none-eabi/4.9.3/armv7-m/crti.o
 .ARM.attributes
                0x0000001d       0x2d c:/program files (x86)/cypress/psoc creator/4.0/psoc creator/import/gnu/arm/4.9.3/bin/../lib/gcc/arm-none-eabi/4.9.3/armv7-m/crtbegin.o
 .ARM.attributes
                0x0000004a       0x1b c:/program files (x86)/cypress/psoc creator/4.0/psoc creator/import/gnu/arm/4.9.3/bin/../lib/gcc/arm-none-eabi/4.9.3/../../../../arm-none-eabi/lib/armv7-m/crt0.o
 .ARM.attributes
                0x00000065       0x33 .\CortexM3\ARM_GCC_493\Debug\main.o
 .ARM.attributes
                0x00000098       0x33 .\CortexM3\ARM_GCC_493\Debug\cymetadata.o
 .ARM.attributes
                0x000000cb       0x33 .\CortexM3\ARM_GCC_493\Debug\Cm3Start.o
 .ARM.attributes
                0x000000fe       0x33 .\CortexM3\ARM_GCC_493\Debug\USBFS_MIDI_PSoC3_5LP01.a(cyfitter_cfg.o)
 .ARM.attributes
                0x00000131       0x33 .\CortexM3\ARM_GCC_493\Debug\USBFS_MIDI_PSoC3_5LP01.a(SW2.o)
 .ARM.attributes
                0x00000164       0x33 .\CortexM3\ARM_GCC_493\Debug\USBFS_MIDI_PSoC3_5LP01.a(SleepTimer.o)
 .ARM.attributes
                0x00000197       0x33 .\CortexM3\ARM_GCC_493\Debug\USBFS_MIDI_PSoC3_5LP01.a(SW1.o)
 .ARM.attributes
                0x000001ca       0x33 .\CortexM3\ARM_GCC_493\Debug\USBFS_MIDI_PSoC3_5LP01.a(MIDI_PWR.o)
 .ARM.attributes
                0x000001fd       0x33 .\CortexM3\ARM_GCC_493\Debug\USBFS_MIDI_PSoC3_5LP01.a(LED_OutB.o)
 .ARM.attributes
                0x00000230       0x33 .\CortexM3\ARM_GCC_493\Debug\USBFS_MIDI_PSoC3_5LP01.a(LED_InB.o)
 .ARM.attributes
                0x00000263       0x33 .\CortexM3\ARM_GCC_493\Debug\USBFS_MIDI_PSoC3_5LP01.a(LED_OutA.o)
 .ARM.attributes
                0x00000296       0x33 .\CortexM3\ARM_GCC_493\Debug\USBFS_MIDI_PSoC3_5LP01.a(LED_InA.o)
 .ARM.attributes
                0x000002c9       0x33 .\CortexM3\ARM_GCC_493\Debug\USBFS_MIDI_PSoC3_5LP01.a(MIDI1_UART_PM.o)
 .ARM.attributes
                0x000002fc       0x33 .\CortexM3\ARM_GCC_493\Debug\USBFS_MIDI_PSoC3_5LP01.a(MIDI2_UART_PM.o)
 .ARM.attributes
                0x0000032f       0x33 .\CortexM3\ARM_GCC_493\Debug\USBFS_MIDI_PSoC3_5LP01.a(USB.o)
 .ARM.attributes
                0x00000362       0x33 .\CortexM3\ARM_GCC_493\Debug\USBFS_MIDI_PSoC3_5LP01.a(USB_drv.o)
 .ARM.attributes
                0x00000395       0x33 .\CortexM3\ARM_GCC_493\Debug\USBFS_MIDI_PSoC3_5LP01.a(USB_episr.o)
 .ARM.attributes
                0x000003c8       0x33 .\CortexM3\ARM_GCC_493\Debug\USBFS_MIDI_PSoC3_5LP01.a(USB_pm.o)
 .ARM.attributes
                0x000003fb       0x33 .\CortexM3\ARM_GCC_493\Debug\USBFS_MIDI_PSoC3_5LP01.a(USB_std.o)
 .ARM.attributes
                0x0000042e       0x33 .\CortexM3\ARM_GCC_493\Debug\USBFS_MIDI_PSoC3_5LP01.a(USB_vnd.o)
 .ARM.attributes
                0x00000461       0x33 .\CortexM3\ARM_GCC_493\Debug\USBFS_MIDI_PSoC3_5LP01.a(USB_midi.o)
 .ARM.attributes
                0x00000494       0x33 .\CortexM3\ARM_GCC_493\Debug\USBFS_MIDI_PSoC3_5LP01.a(Sleep_isr.o)
 .ARM.attributes
                0x000004c7       0x33 .\CortexM3\ARM_GCC_493\Debug\USBFS_MIDI_PSoC3_5LP01.a(USB_Dp.o)
 .ARM.attributes
                0x000004fa       0x33 .\CortexM3\ARM_GCC_493\Debug\USBFS_MIDI_PSoC3_5LP01.a(CyLib.o)
 .ARM.attributes
                0x0000052d       0x33 .\CortexM3\ARM_GCC_493\Debug\USBFS_MIDI_PSoC3_5LP01.a(cyPm.o)
 .ARM.attributes
                0x00000560       0x21 .\CortexM3\ARM_GCC_493\Debug\USBFS_MIDI_PSoC3_5LP01.a(CyBootAsmGnu.o)
 .ARM.attributes
                0x00000581       0x33 .\CortexM3\ARM_GCC_493\Debug\USBFS_MIDI_PSoC3_5LP01.a(MIDI1_UART.o)
 .ARM.attributes
                0x000005b4       0x33 .\CortexM3\ARM_GCC_493\Debug\USBFS_MIDI_PSoC3_5LP01.a(MIDI1_UART_INT.o)
 .ARM.attributes
                0x000005e7       0x33 .\CortexM3\ARM_GCC_493\Debug\USBFS_MIDI_PSoC3_5LP01.a(MIDI2_UART.o)
 .ARM.attributes
                0x0000061a       0x33 .\CortexM3\ARM_GCC_493\Debug\USBFS_MIDI_PSoC3_5LP01.a(MIDI2_UART_INT.o)
 .ARM.attributes
                0x0000064d       0x33 .\CortexM3\ARM_GCC_493\Debug\USBFS_MIDI_PSoC3_5LP01.a(USB_cls.o)
 .ARM.attributes
                0x00000680       0x33 .\CortexM3\ARM_GCC_493\Debug\USBFS_MIDI_PSoC3_5LP01.a(USB_descr.o)
 .ARM.attributes
                0x000006b3       0x33 .\CortexM3\ARM_GCC_493\Debug\USBFS_MIDI_PSoC3_5LP01.a(CyFlash.o)
 .ARM.attributes
                0x000006e6       0x33 .\CortexM3\ARM_GCC_493\Debug\USBFS_MIDI_PSoC3_5LP01.a(CySpc.o)
 .ARM.attributes
                0x00000719       0x33 .\CortexM3\ARM_GCC_493\Debug\USBFS_MIDI_PSoC3_5LP01.a(USB_audio.o)
 .ARM.attributes
                0x0000074c       0x2d c:/program files (x86)/cypress/psoc creator/4.0/psoc creator/import/gnu/arm/4.9.3/bin/../lib/gcc/arm-none-eabi/4.9.3/../../../../arm-none-eabi/lib/armv7-m\libg_nano.a(lib_a-errno.o)
 .ARM.attributes
                0x00000779       0x2d c:/program files (x86)/cypress/psoc creator/4.0/psoc creator/import/gnu/arm/4.9.3/bin/../lib/gcc/arm-none-eabi/4.9.3/../../../../arm-none-eabi/lib/armv7-m\libg_nano.a(lib_a-exit.o)
 .ARM.attributes
                0x000007a6       0x2d c:/program files (x86)/cypress/psoc creator/4.0/psoc creator/import/gnu/arm/4.9.3/bin/../lib/gcc/arm-none-eabi/4.9.3/../../../../arm-none-eabi/lib/armv7-m\libg_nano.a(lib_a-impure.o)
 .ARM.attributes
                0x000007d3       0x2d c:/program files (x86)/cypress/psoc creator/4.0/psoc creator/import/gnu/arm/4.9.3/bin/../lib/gcc/arm-none-eabi/4.9.3/../../../../arm-none-eabi/lib/armv7-m\libg_nano.a(lib_a-init.o)
 .ARM.attributes
                0x00000800       0x2d c:/program files (x86)/cypress/psoc creator/4.0/psoc creator/import/gnu/arm/4.9.3/bin/../lib/gcc/arm-none-eabi/4.9.3/../../../../arm-none-eabi/lib/armv7-m\libg_nano.a(lib_a-memcpy.o)
 .ARM.attributes
                0x0000082d       0x2d c:/program files (x86)/cypress/psoc creator/4.0/psoc creator/import/gnu/arm/4.9.3/bin/../lib/gcc/arm-none-eabi/4.9.3/../../../../arm-none-eabi/lib/armv7-m\libg_nano.a(lib_a-memset.o)
 .ARM.attributes
                0x0000085a       0x2d c:/program files (x86)/cypress/psoc creator/4.0/psoc creator/import/gnu/arm/4.9.3/bin/../lib/gcc/arm-none-eabi/4.9.3/armv7-m/crtend.o
 .ARM.attributes
                0x00000887       0x1d c:/program files (x86)/cypress/psoc creator/4.0/psoc creator/import/gnu/arm/4.9.3/bin/../lib/gcc/arm-none-eabi/4.9.3/armv7-m/crtn.o

/DISCARD/
 *(.note.GNU-stack)
OUTPUT(.\CortexM3\ARM_GCC_493\Debug\USBFS_MIDI_PSoC3_5LP01.elf elf32-littlearm)
