Archive member included because of file (symbol)

.\CortexM3\ARM_GCC_493\Debug\Accoder.a(cyfitter_cfg.o)
                              .\CortexM3\ARM_GCC_493\Debug\Cm3Start.o (cyfitter_cfg)
.\CortexM3\ARM_GCC_493\Debug\Accoder.a(Control_Reg_2.o)
                              .\CortexM3\ARM_GCC_493\Debug\main.o (Control_Reg_2_Write)
.\CortexM3\ARM_GCC_493\Debug\Accoder.a(Control_Reg_1.o)
                              .\CortexM3\ARM_GCC_493\Debug\main.o (Control_Reg_1_Write)
.\CortexM3\ARM_GCC_493\Debug\Accoder.a(Control_Reg_3.o)
                              .\CortexM3\ARM_GCC_493\Debug\main.o (Control_Reg_3_Write)
.\CortexM3\ARM_GCC_493\Debug\Accoder.a(Control_Reg_4.o)
                              .\CortexM3\ARM_GCC_493\Debug\main.o (Control_Reg_4_Write)
.\CortexM3\ARM_GCC_493\Debug\Accoder.a(Control_Reg_5.o)
                              .\CortexM3\ARM_GCC_493\Debug\main.o (Control_Reg_5_Write)
.\CortexM3\ARM_GCC_493\Debug\Accoder.a(Control_Reg_6.o)
                              .\CortexM3\ARM_GCC_493\Debug\main.o (Control_Reg_6_Write)
.\CortexM3\ARM_GCC_493\Debug\Accoder.a(Control_Reg_7.o)
                              .\CortexM3\ARM_GCC_493\Debug\main.o (Control_Reg_7_Write)
.\CortexM3\ARM_GCC_493\Debug\Accoder.a(Control_Reg_8.o)
                              .\CortexM3\ARM_GCC_493\Debug\main.o (Control_Reg_8_Write)
.\CortexM3\ARM_GCC_493\Debug\Accoder.a(Control_Reg_9.o)
                              .\CortexM3\ARM_GCC_493\Debug\main.o (Control_Reg_9_Write)
.\CortexM3\ARM_GCC_493\Debug\Accoder.a(Control_Reg_10.o)
                              .\CortexM3\ARM_GCC_493\Debug\main.o (Control_Reg_10_Write)
.\CortexM3\ARM_GCC_493\Debug\Accoder.a(Control_Reg_11.o)
                              .\CortexM3\ARM_GCC_493\Debug\main.o (Control_Reg_11_Write)
.\CortexM3\ARM_GCC_493\Debug\Accoder.a(Control_Reg_12.o)
                              .\CortexM3\ARM_GCC_493\Debug\main.o (Control_Reg_12_Write)
.\CortexM3\ARM_GCC_493\Debug\Accoder.a(Control_Reg_13.o)
                              .\CortexM3\ARM_GCC_493\Debug\main.o (Control_Reg_13_Write)
.\CortexM3\ARM_GCC_493\Debug\Accoder.a(Control_Reg_14.o)
                              .\CortexM3\ARM_GCC_493\Debug\main.o (Control_Reg_14_Write)
.\CortexM3\ARM_GCC_493\Debug\Accoder.a(Control_Reg_15.o)
                              .\CortexM3\ARM_GCC_493\Debug\main.o (Control_Reg_15_Write)
.\CortexM3\ARM_GCC_493\Debug\Accoder.a(Control_Reg_16.o)
                              .\CortexM3\ARM_GCC_493\Debug\main.o (Control_Reg_16_Write)
.\CortexM3\ARM_GCC_493\Debug\Accoder.a(CyLib.o)
                              .\CortexM3\ARM_GCC_493\Debug\Cm3Start.o (CyHalt)
.\CortexM3\ARM_GCC_493\Debug\Accoder.a(cyPm.o)
                              .\CortexM3\ARM_GCC_493\Debug\Accoder.a(CyLib.o) (CyPmReadStatus)
.\CortexM3\ARM_GCC_493\Debug\Accoder.a(USBMIDI_1.o)
                              .\CortexM3\ARM_GCC_493\Debug\main.o (USBMIDI_1_Init)
.\CortexM3\ARM_GCC_493\Debug\Accoder.a(USBMIDI_1_drv.o)
                              .\CortexM3\ARM_GCC_493\Debug\Accoder.a(USBMIDI_1.o) (USBMIDI_1_lastPacketSize)
.\CortexM3\ARM_GCC_493\Debug\Accoder.a(USBMIDI_1_episr.o)
                              .\CortexM3\ARM_GCC_493\Debug\Accoder.a(USBMIDI_1.o) (USBMIDI_1_EP_1_ISR)
.\CortexM3\ARM_GCC_493\Debug\Accoder.a(USBMIDI_1_pm.o)
                              .\CortexM3\ARM_GCC_493\Debug\Accoder.a(USBMIDI_1.o) (USBMIDI_1_DP_ISR)
.\CortexM3\ARM_GCC_493\Debug\Accoder.a(USBMIDI_1_std.o)
                              .\CortexM3\ARM_GCC_493\Debug\Accoder.a(USBMIDI_1_pm.o) (USBMIDI_1_ConfigReg)
.\CortexM3\ARM_GCC_493\Debug\Accoder.a(USBMIDI_1_vnd.o)
                              .\CortexM3\ARM_GCC_493\Debug\Accoder.a(USBMIDI_1_drv.o) (USBMIDI_1_HandleVendorRqst)
.\CortexM3\ARM_GCC_493\Debug\Accoder.a(USBMIDI_1_midi.o)
                              .\CortexM3\ARM_GCC_493\Debug\Accoder.a(USBMIDI_1_std.o) (USBMIDI_1_midi_out_ep)
.\CortexM3\ARM_GCC_493\Debug\Accoder.a(USBMIDI_1_Dp.o)
                              .\CortexM3\ARM_GCC_493\Debug\Accoder.a(USBMIDI_1.o) (USBMIDI_1_Dp_ClearInterrupt)
.\CortexM3\ARM_GCC_493\Debug\Accoder.a(CyBootAsmGnu.o)
                              .\CortexM3\ARM_GCC_493\Debug\Accoder.a(cyfitter_cfg.o) (CyDelayCycles)
.\CortexM3\ARM_GCC_493\Debug\Accoder.a(CyFlash.o)
                              .\CortexM3\ARM_GCC_493\Debug\Accoder.a(cyPm.o) (CyFlash_SetWaitCycles)
.\CortexM3\ARM_GCC_493\Debug\Accoder.a(CySpc.o)
                              .\CortexM3\ARM_GCC_493\Debug\Accoder.a(CyFlash.o) (CySpcStart)
.\CortexM3\ARM_GCC_493\Debug\Accoder.a(USBMIDI_1_cls.o)
                              .\CortexM3\ARM_GCC_493\Debug\Accoder.a(USBMIDI_1_drv.o) (USBMIDI_1_DispatchClassRqst)
.\CortexM3\ARM_GCC_493\Debug\Accoder.a(USBMIDI_1_descr.o)
                              .\CortexM3\ARM_GCC_493\Debug\Accoder.a(USBMIDI_1_std.o) (USBMIDI_1_idSerialNumberStringDescriptor)
.\CortexM3\ARM_GCC_493\Debug\Accoder.a(USBMIDI_1_audio.o)
[...]
Memory Configuration

Name             Origin             Length             Attributes
rom              0x00000000         0x00040000         xr
ram              0x1fff8000         0x00010000         xrw
*default*        0x00000000         0xffffffff

Linker script and memory map

LOAD c:/program files (x86)/cypress/psoc creator/4.0/psoc creator/import/gnu/arm/4.9.3/bin/../lib/gcc/arm-none-eabi/4.9.3/armv7-m/crti.o
LOAD c:/program files (x86)/cypress/psoc creator/4.0/psoc creator/import/gnu/arm/4.9.3/bin/../lib/gcc/arm-none-eabi/4.9.3/armv7-m/crtbegin.o
LOAD c:/program files (x86)/cypress/psoc creator/4.0/psoc creator/import/gnu/arm/4.9.3/bin/../lib/gcc/arm-none-eabi/4.9.3/../../../../arm-none-eabi/lib/armv7-m/crt0.o
START GROUP
LOAD .\CortexM3\ARM_GCC_493\Debug\main.o
LOAD .\CortexM3\ARM_GCC_493\Debug\cymetadata.o
LOAD .\CortexM3\ARM_GCC_493\Debug\Cm3Start.o
LOAD .\CortexM3\ARM_GCC_493\Debug\Accoder.a
LOAD C:\Program Files (x86)\Cypress\PSoC Creator\4.0\PSoC Creator\psoc\content\cycomponentlibrary\CyComponentLibrary.cylib\CortexM3\ARM_GCC_493\Debug\CyComponentLibrary.a
END GROUP
START GROUP
LOAD c:/program files (x86)/cypress/psoc creator/4.0/psoc creator/import/gnu/arm/4.9.3/bin/../lib/gcc/arm-none-eabi/4.9.3/armv7-m\libgcc.a
LOAD c:/program files (x86)/cypress/psoc creator/4.0/psoc creator/import/gnu/arm/4.9.3/bin/../lib/gcc/arm-none-eabi/4.9.3/../../../../arm-none-eabi/lib/armv7-m\libg_nano.a
LOAD c:/program files (x86)/cypress/psoc creator/4.0/psoc creator/import/gnu/arm/4.9.3/bin/../lib/gcc/arm-none-eabi/4.9.3/../../../../arm-none-eabi/lib/armv7-m\libc_nano.a
END GROUP
START GROUP
LOAD c:/program files (x86)/cypress/psoc creator/4.0/psoc creator/import/gnu/arm/4.9.3/bin/../lib/gcc/arm-none-eabi/4.9.3/armv7-m\libgcc.a
LOAD c:/program files (x86)/cypress/psoc creator/4.0/psoc creator/import/gnu/arm/4.9.3/bin/../lib/gcc/arm-none-eabi/4.9.3/../../../../arm-none-eabi/lib/armv7-m\libc_nano.a
END GROUP
LOAD c:/program files (x86)/cypress/psoc creator/4.0/psoc creator/import/gnu/arm/4.9.3/bin/../lib/gcc/arm-none-eabi/4.9.3/armv7-m/crtend.o
LOAD c:/program files (x86)/cypress/psoc creator/4.0/psoc creator/import/gnu/arm/4.9.3/bin/../lib/gcc/arm-none-eabi/4.9.3/armv7-m/crtn.o
START GROUP
LOAD c:/program files (x86)/cypress/psoc creator/4.0/psoc creator/import/gnu/arm/4.9.3/bin/../lib/gcc/arm-none-eabi/4.9.3/armv7-m\libgcc.a
LOAD c:/program files (x86)/cypress/psoc creator/4.0/psoc creator/import/gnu/arm/4.9.3/bin/../lib/gcc/arm-none-eabi/4.9.3/../../../../arm-none-eabi/lib/armv7-m\libc.a
LOAD c:/program files (x86)/cypress/psoc creator/4.0/psoc creator/import/gnu/arm/4.9.3/bin/../lib/gcc/arm-none-eabi/4.9.3/../../../../arm-none-eabi/lib/armv7-m\libnosys.a
END GROUP
                0x00000000                CY_APPL_ORIGIN = 0x0
                0x00000100                CY_FLASH_ROW_SIZE = 0x100
                0x00000020                CY_ECC_ROW_SIZE = 0x20
                0x00000000                CY_EE_IN_BTLDR = 0x0
                0x00000000                CY_APPL_LOADABLE = 0x0
                0x00000800                CY_EE_SIZE = 0x800
                0x00000001                CY_APPL_NUM = 0x1
                0x00000001                CY_APPL_MAX = 0x1
                0x00000040                CY_METADATA_SIZE = 0x40
                0x00000000                CY_APPL_LOADABLE = 0x0
                0x00000000                CY_CHECKSUM_EXCLUDE_SIZE = ALIGN (0x0, CY_FLASH_ROW_SIZE)
                0x1fff82a0                PROVIDE (__cy_heap_start, _end)
                0x00000001                PROVIDE (__cy_region_num, ((__cy_regions_end - __cy_regions) / 0x10))
                0x20008000                PROVIDE (__cy_stack, (ORIGIN (ram) + 0x10000))
                0x20007800                PROVIDE (__cy_heap_end, (__cy_stack - 0x800))

.cybootloader   0x00000000        0x0
 *(.cybootloader)
                0x00000000                appl1_start = CY_APPL_ORIGIN?CY_APPL_ORIGIN:ALIGN (CY_FLASH_ROW_SIZE)
                0x0001ff00                appl2_start = (appl1_start + ALIGN ((((0x40000 - appl1_start) - (0x2 * CY_FLASH_ROW_SIZE)) / 0x2), CY_FLASH_ROW_SIZE))
                0x00000000                appl_start = (CY_APPL_NUM == 0x1)?appl1_start:appl2_start
                0x00000000                ecc_offset = ((appl_start / CY_FLASH_ROW_SIZE) * CY_ECC_ROW_SIZE)
                0x00000000                ee_offset = (CY_APPL_LOADABLE && ! (CY_EE_IN_BTLDR))?((CY_EE_SIZE / CY_APPL_MAX) * (CY_APPL_NUM - 0x1)):0x0
                0x00000800                ee_size = (CY_APPL_LOADABLE && ! (CY_EE_IN_BTLDR))?(CY_EE_SIZE / CY_APPL_MAX):CY_EE_SIZE
                0x00000000                PROVIDE (CY_ECC_OFFSET, ecc_offset)

.text           0x00000000     0x1696
 CREATE_OBJECT_SYMBOLS
                0x00000000                PROVIDE (__cy_interrupt_vector, RomVectors)
 *(.romvectors)
 .romvectors    0x00000000       0x10 .\CortexM3\ARM_GCC_493\Debug\Cm3Start.o
                0x00000000                RomVectors
                0x00000001                ASSERT ((. != __cy_interrupt_vector), No interrupt vector)
                0x00000001                ASSERT (CY_APPL_ORIGIN?(SIZEOF (.cybootloader) <= CY_APPL_ORIGIN):0x1, Wrong image location)
                0x00000010                PROVIDE (__cy_reset, Reset)
 *(.text.Reset)
 .text.Reset    0x00000010       0x18 .\CortexM3\ARM_GCC_493\Debug\Cm3Start.o
                0x00000010                Reset
                0x00000001                ASSERT ((. != __cy_reset), No reset code)
 *(.dma_init)
                0x00000001                ASSERT ((((appl_start + .) <= 0x10000) || 0x1), DMA Init must be within the first 64k of flash)
 *(.text .text.* .gnu.linkonce.t.*)
 .text          0x00000028       0x5c c:/program files (x86)/cypress/psoc creator/4.0/psoc creator/import/gnu/arm/4.9.3/bin/../lib/gcc/arm-none-eabi/4.9.3/armv7-m/crtbegin.o
 .text.main     0x00000084       0xa4 .\CortexM3\ARM_GCC_493\Debug\main.o
                0x00000084                main
 .text.IntDefaultHandler
                0x00000128       0x10 .\CortexM3\ARM_GCC_493\Debug\Cm3Start.o
                0x00000128                IntDefaultHandler
 .text.Start_c  0x00000138       0x4c .\CortexM3\ARM_GCC_493\Debug\Cm3Start.o
                0x00000138                Start_c
 .text.initialize_psoc
                0x00000184       0x74 .\CortexM3\ARM_GCC_493\Debug\Cm3Start.o
                0x00000184                initialize_psoc
 .text.CyClockStartupError
                0x000001f8        0x4 .\CortexM3\ARM_GCC_493\Debug\Accoder.a(cyfitter_cfg.o)
 .text.cfg_write_bytes32
                0x000001fc       0x34 .\CortexM3\ARM_GCC_493\Debug\Accoder.a(cyfitter_cfg.o)
 .text.AnalogSetDefault
                0x00000230       0x28 .\CortexM3\ARM_GCC_493\Debug\Accoder.a(cyfitter_cfg.o)
 .text.CYMEMZERO
                0x00000258        0xc .\CortexM3\ARM_GCC_493\Debug\Accoder.a(cyfitter_cfg.o)
 .text.ClockSetup
                0x00000264       0xcc .\CortexM3\ARM_GCC_493\Debug\Accoder.a(cyfitter_cfg.o)
 .text.CYCONFIGCPY
                0x00000330        0x8 .\CortexM3\ARM_GCC_493\Debug\Accoder.a(cyfitter_cfg.o)
 .text.cyfitter_cfg
                0x00000338       0xf8 .\CortexM3\ARM_GCC_493\Debug\Accoder.a(cyfitter_cfg.o)
                0x00000338                cyfitter_cfg
 .text.Control_Reg_2_Write
                0x00000430        0xc .\CortexM3\ARM_GCC_493\Debug\Accoder.a(Control_Reg_2.o)
                0x00000430                Control_Reg_2_Write
 .text.Control_Reg_1_Write
                0x0000043c        0xc .\CortexM3\ARM_GCC_493\Debug\Accoder.a(Control_Reg_1.o)
                0x0000043c                Control_Reg_1_Write
 .text.Control_Reg_3_Write
                0x00000448        0xc .\CortexM3\ARM_GCC_493\Debug\Accoder.a(Control_Reg_3.o)
                0x00000448                Control_Reg_3_Write
 .text.Control_Reg_4_Write
                0x00000454        0xc .\CortexM3\ARM_GCC_493\Debug\Accoder.a(Control_Reg_4.o)
                0x00000454                Control_Reg_4_Write
 .text.Control_Reg_5_Write
                0x00000460        0xc .\CortexM3\ARM_GCC_493\Debug\Accoder.a(Control_Reg_5.o)
                0x00000460                Control_Reg_5_Write
 .text.Control_Reg_6_Write
                0x0000046c        0xc .\CortexM3\ARM_GCC_493\Debug\Accoder.a(Control_Reg_6.o)
                0x0000046c                Control_Reg_6_Write
 .text.Control_Reg_7_Write
                0x00000478        0xc .\CortexM3\ARM_GCC_493\Debug\Accoder.a(Control_Reg_7.o)
                0x00000478                Control_Reg_7_Write
 .text.Control_Reg_8_Write
                0x00000484        0xc .\CortexM3\ARM_GCC_493\Debug\Accoder.a(Control_Reg_8.o)
                0x00000484                Control_Reg_8_Write
 .text.Control_Reg_9_Write
                0x00000490        0xc .\CortexM3\ARM_GCC_493\Debug\Accoder.a(Control_Reg_9.o)
                0x00000490                Control_Reg_9_Write
 .text.Control_Reg_10_Write
                0x0000049c        0xc .\CortexM3\ARM_GCC_493\Debug\Accoder.a(Control_Reg_10.o)
                0x0000049c                Control_Reg_10_Write
 .text.Control_Reg_11_Write
                0x000004a8        0xc .\CortexM3\ARM_GCC_493\Debug\Accoder.a(Control_Reg_11.o)
                0x000004a8                Control_Reg_11_Write
 .text.Control_Reg_12_Write
                0x000004b4        0xc .\CortexM3\ARM_GCC_493\Debug\Accoder.a(Control_Reg_12.o)
                0x000004b4                Control_Reg_12_Write
 .text.Control_Reg_13_Write
                0x000004c0        0xc .\CortexM3\ARM_GCC_493\Debug\Accoder.a(Control_Reg_13.o)
                0x000004c0                Control_Reg_13_Write
 .text.Control_Reg_14_Write
                0x000004cc        0xc .\CortexM3\ARM_GCC_493\Debug\Accoder.a(Control_Reg_14.o)
                0x000004cc                Control_Reg_14_Write
 .text.Control_Reg_15_Write
                0x000004d8        0xc .\CortexM3\ARM_GCC_493\Debug\Accoder.a(Control_Reg_15.o)
                0x000004d8                Control_Reg_15_Write
 .text.Control_Reg_16_Write
                0x000004e4        0xc .\CortexM3\ARM_GCC_493\Debug\Accoder.a(Control_Reg_16.o)
                0x000004e4                Control_Reg_16_Write
 .text.CyHalt   0x000004f0        0x4 .\CortexM3\ARM_GCC_493\Debug\Accoder.a(CyLib.o)
                0x000004f0                CyHalt
 .text.CyDelay  0x000004f4       0x2c .\CortexM3\ARM_GCC_493\Debug\Accoder.a(CyLib.o)
                0x000004f4                CyDelay
 .text.CyDelayUs
                0x00000520       0x14 .\CortexM3\ARM_GCC_493\Debug\Accoder.a(CyLib.o)
                0x00000520                CyDelayUs
 .text.CyIntSetVector
                0x00000534       0x28 .\CortexM3\ARM_GCC_493\Debug\Accoder.a(CyLib.o)
                0x00000534                CyIntSetVector
 .text.CyIntSetPriority
                0x0000055c       0x30 .\CortexM3\ARM_GCC_493\Debug\Accoder.a(CyLib.o)
                0x0000055c                CyIntSetPriority
 .text.CyGetUniqueId
                0x0000058c       0x70 .\CortexM3\ARM_GCC_493\Debug\Accoder.a(CyLib.o)
                0x0000058c                CyGetUniqueId
 .text.USBMIDI_1_Init
                0x000005fc      0x12c .\CortexM3\ARM_GCC_493\Debug\Accoder.a(USBMIDI_1.o)
                0x000005fc                USBMIDI_1_Init
 .text.USBMIDI_1_ReInitComponent
                0x00000728       0x4c .\CortexM3\ARM_GCC_493\Debug\Accoder.a(USBMIDI_1.o)
                0x00000728                USBMIDI_1_ReInitComponent
 .text.USBMIDI_1_LoadEP0
                0x00000774       0x94 .\CortexM3\ARM_GCC_493\Debug\Accoder.a(USBMIDI_1_drv.o)
                0x00000774                USBMIDI_1_LoadEP0
 .text.USBMIDI_1_InitZeroLengthControlTransfer
                0x00000808       0x34 .\CortexM3\ARM_GCC_493\Debug\Accoder.a(USBMIDI_1_drv.o)
                0x00000808                USBMIDI_1_InitZeroLengthControlTransfer
 .text.USBMIDI_1_ControlReadDataStage
                0x0000083c        0x8 .\CortexM3\ARM_GCC_493\Debug\Accoder.a(USBMIDI_1_drv.o)
                0x0000083c                USBMIDI_1_ControlReadDataStage
 .text.USBMIDI_1_ControlWriteDataStage
                0x00000844       0x80 .\CortexM3\ARM_GCC_493\Debug\Accoder.a(USBMIDI_1_drv.o)
                0x00000844                USBMIDI_1_ControlWriteDataStage
 .text.USBMIDI_1_InitNoDataControlTransfer
                0x000008c4       0x2c .\CortexM3\ARM_GCC_493\Debug\Accoder.a(USBMIDI_1_drv.o)
                0x000008c4                USBMIDI_1_InitNoDataControlTransfer
 .text.USBMIDI_1_UpdateStatusBlock
                0x000008f0       0x24 .\CortexM3\ARM_GCC_493\Debug\Accoder.a(USBMIDI_1_drv.o)
                0x000008f0                USBMIDI_1_UpdateStatusBlock
 .text.USBMIDI_1_HandleSetup
                0x00000914       0x5c .\CortexM3\ARM_GCC_493\Debug\Accoder.a(USBMIDI_1_drv.o)
                0x00000914                USBMIDI_1_HandleSetup
 .text.USBMIDI_1_ControlReadStatusStage
                0x00000970       0x34 .\CortexM3\ARM_GCC_493\Debug\Accoder.a(USBMIDI_1_drv.o)
                0x00000970                USBMIDI_1_ControlReadStatusStage
 .text.USBMIDI_1_HandleOUT
                0x000009a4       0x38 .\CortexM3\ARM_GCC_493\Debug\Accoder.a(USBMIDI_1_drv.o)
                0x000009a4                USBMIDI_1_HandleOUT
 .text.USBMIDI_1_ControlWriteStatusStage
                0x000009dc       0x20 .\CortexM3\ARM_GCC_493\Debug\Accoder.a(USBMIDI_1_drv.o)
                0x000009dc                USBMIDI_1_ControlWriteStatusStage
 .text.USBMIDI_1_NoDataControlStatusStage
                0x000009fc       0x40 .\CortexM3\ARM_GCC_493\Debug\Accoder.a(USBMIDI_1_drv.o)
                0x000009fc                USBMIDI_1_NoDataControlStatusStage
 .text.USBMIDI_1_HandleIN
                0x00000a3c       0x2c .\CortexM3\ARM_GCC_493\Debug\Accoder.a(USBMIDI_1_drv.o)
                0x00000a3c                USBMIDI_1_HandleIN
 .text.USBMIDI_1_EP_0_ISR
                0x00000a68       0xb8 .\CortexM3\ARM_GCC_493\Debug\Accoder.a(USBMIDI_1_drv.o)
                0x00000a68                USBMIDI_1_EP_0_ISR
 .text.USBMIDI_1_InitializeStatusBlock
                0x00000b20       0x24 .\CortexM3\ARM_GCC_493\Debug\Accoder.a(USBMIDI_1_drv.o)
                0x00000b20                USBMIDI_1_InitializeStatusBlock
 .text.USBMIDI_1_InitControlRead
                0x00000b44       0x50 .\CortexM3\ARM_GCC_493\Debug\Accoder.a(USBMIDI_1_drv.o)
                0x00000b44                USBMIDI_1_InitControlRead
 .text.USBMIDI_1_EP_1_ISR
                0x00000b94       0x30 .\CortexM3\ARM_GCC_493\Debug\Accoder.a(USBMIDI_1_episr.o)
                0x00000b94                USBMIDI_1_EP_1_ISR
 .text.USBMIDI_1_EP_2_ISR
                0x00000bc4       0x34 .\CortexM3\ARM_GCC_493\Debug\Accoder.a(USBMIDI_1_episr.o)
                0x00000bc4                USBMIDI_1_EP_2_ISR
 .text.USBMIDI_1_SOF_ISR
                0x00000bf8        0x4 .\CortexM3\ARM_GCC_493\Debug\Accoder.a(USBMIDI_1_episr.o)
                0x00000bf8                USBMIDI_1_SOF_ISR
 .text.USBMIDI_1_BUS_RESET_ISR
                0x00000bfc        0x8 .\CortexM3\ARM_GCC_493\Debug\Accoder.a(USBMIDI_1_episr.o)
                0x00000bfc                USBMIDI_1_BUS_RESET_ISR
 .text.USBMIDI_1_DP_ISR
                0x00000c04        0x8 .\CortexM3\ARM_GCC_493\Debug\Accoder.a(USBMIDI_1_pm.o)
                0x00000c04                USBMIDI_1_DP_ISR
 .text.USBMIDI_1_ReadDieID
                0x00000c0c       0x6c .\CortexM3\ARM_GCC_493\Debug\Accoder.a(USBMIDI_1_std.o)
                0x00000c0c                USBMIDI_1_ReadDieID
 .text.USBMIDI_1_ConfigReg
                0x00000c78       0xa4 .\CortexM3\ARM_GCC_493\Debug\Accoder.a(USBMIDI_1_std.o)
                0x00000c78                USBMIDI_1_ConfigReg
 .text.USBMIDI_1_GetConfigTablePtr
                0x00000d1c       0x28 .\CortexM3\ARM_GCC_493\Debug\Accoder.a(USBMIDI_1_std.o)
                0x00000d1c                USBMIDI_1_GetConfigTablePtr
 .text.USBMIDI_1_ConfigAltChanged
                0x00000d44      0x11c .\CortexM3\ARM_GCC_493\Debug\Accoder.a(USBMIDI_1_std.o)
                0x00000d44                USBMIDI_1_ConfigAltChanged
 .text.USBMIDI_1_GetDeviceTablePtr
                0x00000e60       0x18 .\CortexM3\ARM_GCC_493\Debug\Accoder.a(USBMIDI_1_std.o)
                0x00000e60                USBMIDI_1_GetDeviceTablePtr
 .text.USBMIDI_1_GetInterfaceClassTablePtr
                0x00000e78       0x24 .\CortexM3\ARM_GCC_493\Debug\Accoder.a(USBMIDI_1_std.o)
                0x00000e78                USBMIDI_1_GetInterfaceClassTablePtr
 .text.USBMIDI_1_Config
                0x00000e9c      0x1f0 .\CortexM3\ARM_GCC_493\Debug\Accoder.a(USBMIDI_1_std.o)
                0x00000e9c                USBMIDI_1_Config
 .text.USBMIDI_1_SetEndpointHalt
                0x0000108c       0x64 .\CortexM3\ARM_GCC_493\Debug\Accoder.a(USBMIDI_1_std.o)
                0x0000108c                USBMIDI_1_SetEndpointHalt
 .text.USBMIDI_1_ClearEndpointHalt
                0x000010f0       0xa8 .\CortexM3\ARM_GCC_493\Debug\Accoder.a(USBMIDI_1_std.o)
                0x000010f0                USBMIDI_1_ClearEndpointHalt
 .text.USBMIDI_1_ValidateAlternateSetting
                0x00001198       0x4c .\CortexM3\ARM_GCC_493\Debug\Accoder.a(USBMIDI_1_std.o)
                0x00001198                USBMIDI_1_ValidateAlternateSetting
 .text.USBMIDI_1_HandleStandardRqst
                0x000011e4      0x350 .\CortexM3\ARM_GCC_493\Debug\Accoder.a(USBMIDI_1_std.o)
                0x000011e4                USBMIDI_1_HandleStandardRqst
 .text.USBMIDI_1_HandleVendorRqst
                0x00001534       0x18 .\CortexM3\ARM_GCC_493\Debug\Accoder.a(USBMIDI_1_vnd.o)
                0x00001534                USBMIDI_1_HandleVendorRqst
 .text.USBMIDI_1_Dp_ClearInterrupt
                0x0000154c       0x10 .\CortexM3\ARM_GCC_493\Debug\Accoder.a(USBMIDI_1_Dp.o)
                0x0000154c                USBMIDI_1_Dp_ClearInterrupt
 *fill*         0x0000155c        0x4 
 .text          0x00001560       0x20 .\CortexM3\ARM_GCC_493\Debug\Accoder.a(CyBootAsmGnu.o)
                0x00001560                CyDelayCycles
                0x00001570                CyEnterCriticalSection
                0x00001578                CyExitCriticalSection
 .text.USBMIDI_1_DispatchClassRqst
                0x00001580       0x58 .\CortexM3\ARM_GCC_493\Debug\Accoder.a(USBMIDI_1_cls.o)
                0x00001580                USBMIDI_1_DispatchClassRqst
 .text.USBMIDI_1_DispatchAUDIOClassRqst
                0x000015d8       0x40 .\CortexM3\ARM_GCC_493\Debug\Accoder.a(USBMIDI_1_audio.o)
                0x000015d8                USBMIDI_1_DispatchAUDIOClassRqst
 .text.__errno  0x00001618        0xc c:/program files (x86)/cypress/psoc creator/4.0/psoc creator/import/gnu/arm/4.9.3/bin/../lib/gcc/arm-none-eabi/4.9.3/../../../../arm-none-eabi/lib/armv7-m\libg_nano.a(lib_a-errno.o)
                0x00001618                __errno
 .text.__libc_init_array
                0x00001624       0x4c c:/program files (x86)/cypress/psoc creator/4.0/psoc creator/import/gnu/arm/4.9.3/bin/../lib/gcc/arm-none-eabi/4.9.3/../../../../arm-none-eabi/lib/armv7-m\libg_nano.a(lib_a-init.o)
                0x00001624                __libc_init_array
 .text.memcpy   0x00001670       0x16 c:/program files (x86)/cypress/psoc creator/4.0/psoc creator/import/gnu/arm/4.9.3/bin/../lib/gcc/arm-none-eabi/4.9.3/../../../../arm-none-eabi/lib/armv7-m\libg_nano.a(lib_a-memcpy.o)
                0x00001670                memcpy
 .text.memset   0x00001686       0x10 c:/program files (x86)/cypress/psoc creator/4.0/psoc creator/import/gnu/arm/4.9.3/bin/../lib/gcc/arm-none-eabi/4.9.3/../../../../arm-none-eabi/lib/armv7-m\libg_nano.a(lib_a-memset.o)
                0x00001686                memset
 *(.plt)
 *(.gnu.warning)
 *(.glue_7t)
 .glue_7t       0x00000000        0x0 linker stubs
 *(.glue_7)
 .glue_7        0x00000000        0x0 linker stubs
 *(.vfp11_veneer)
 .vfp11_veneer  0x00000000        0x0 linker stubs
 *(.bootloader)
 *(.ARM.extab* .gnu.linkonce.armextab.*)
 *(.gcc_except_table)

.v4_bx          0x00001698        0x0
 .v4_bx         0x00000000        0x0 linker stubs

.iplt           0x00001698        0x0
 .iplt          0x00000000        0x0 c:/program files (x86)/cypress/psoc creator/4.0/psoc creator/import/gnu/arm/4.9.3/bin/../lib/gcc/arm-none-eabi/4.9.3/armv7-m/crtbegin.o

.eh_frame_hdr
 *(.eh_frame_hdr)

.eh_frame       0x00001698        0x4
 *(.eh_frame)
 .eh_frame      0x00001698        0x0 c:/program files (x86)/cypress/psoc creator/4.0/psoc creator/import/gnu/arm/4.9.3/bin/../lib/gcc/arm-none-eabi/4.9.3/armv7-m/crtbegin.o
 .eh_frame      0x00001698        0x4 c:/program files (x86)/cypress/psoc creator/4.0/psoc creator/import/gnu/arm/4.9.3/bin/../lib/gcc/arm-none-eabi/4.9.3/armv7-m/crtend.o
                0x0000169c                PROVIDE (__exidx_start, .)

.ARM.exidx
 *(.ARM.exidx* .gnu.linkonce.armexidx.*)
                0x0000169c                __exidx_end = .

.rodata         0x0000169c      0x204
 *(.rodata .rodata.* .gnu.linkonce.r.*)
 .rodata        0x0000169c       0x24 .\CortexM3\ARM_GCC_493\Debug\Accoder.a(cyfitter_cfg.o)
 .rodata.str1.4
                0x000016c0       0x14 .\CortexM3\ARM_GCC_493\Debug\Accoder.a(USBMIDI_1_std.o)
 .rodata        0x000016d4      0x190 .\CortexM3\ARM_GCC_493\Debug\Accoder.a(USBMIDI_1_descr.o)
                0x000016d4                USBMIDI_1_TABLE
                0x000016dc                USBMIDI_1_DEVICE0_TABLE
                0x000016f4                USBMIDI_1_DEVICE0_CONFIGURATION0_TABLE
                0x0000171c                USBMIDI_1_DEVICE0_CONFIGURATION0_INTERFACE_CLASS
                0x00001720                USBMIDI_1_DEVICE0_CONFIGURATION0_EP_SETTINGS_TABLE
                0x00001730                USBMIDI_1_SN_STRING_DESCRIPTOR
                0x00001734                USBMIDI_1_STRING_DESCRIPTORS
                0x000017e8                USBMIDI_1_DEVICE0_CONFIGURATION0_DESCR
                0x00001850                USBMIDI_1_DEVICE0_DESCR
 .rodata.str1.1
                0x00001864        0x2 c:/program files (x86)/cypress/psoc creator/4.0/psoc creator/import/gnu/arm/4.9.3/bin/../lib/gcc/arm-none-eabi/4.9.3/../../../../arm-none-eabi/lib/armv7-m\libg_nano.a(lib_a-impure.o)
                0x00001868                . = ALIGN (0x4)
 *fill*         0x00001866        0x2 
 *(.init)
 .init          0x00001868        0x4 c:/program files (x86)/cypress/psoc creator/4.0/psoc creator/import/gnu/arm/4.9.3/bin/../lib/gcc/arm-none-eabi/4.9.3/armv7-m/crti.o
                0x00001868                _init
 .init          0x0000186c        0x8 c:/program files (x86)/cypress/psoc creator/4.0/psoc creator/import/gnu/arm/4.9.3/bin/../lib/gcc/arm-none-eabi/4.9.3/armv7-m/crtn.o
                0x00001874                . = ALIGN (0x4)
                0x00001874                __preinit_array_start = .
 *(.preinit_array)
                0x00001874                __preinit_array_end = .
                0x00001874                . = ALIGN (0x4)
                0x00001874                __init_array_start = .
 *(SORT(.init_array.*))
 *(.init_array)
 .init_array    0x00001874        0x4 c:/program files (x86)/cypress/psoc creator/4.0/psoc creator/import/gnu/arm/4.9.3/bin/../lib/gcc/arm-none-eabi/4.9.3/armv7-m/crtbegin.o
 .init_array    0x00001878        0x4 .\CortexM3\ARM_GCC_493\Debug\Cm3Start.o
                0x0000187c                __init_array_end = .
                0x0000187c                . = ALIGN (0x4)
 *(.fini)
 .fini          0x0000187c        0x4 c:/program files (x86)/cypress/psoc creator/4.0/psoc creator/import/gnu/arm/4.9.3/bin/../lib/gcc/arm-none-eabi/4.9.3/armv7-m/crti.o
                0x0000187c                _fini
 .fini          0x00001880        0x8 c:/program files (x86)/cypress/psoc creator/4.0/psoc creator/import/gnu/arm/4.9.3/bin/../lib/gcc/arm-none-eabi/4.9.3/armv7-m/crtn.o
                0x00001888                . = ALIGN (0x4)
                0x00001888                __fini_array_start = .
 *(.fini_array)
 .fini_array    0x00001888        0x4 c:/program files (x86)/cypress/psoc creator/4.0/psoc creator/import/gnu/arm/4.9.3/bin/../lib/gcc/arm-none-eabi/4.9.3/armv7-m/crtbegin.o
 *(SORT(.fini_array.*))
                0x0000188c                __fini_array_end = .
                0x0000188c                . = ALIGN (0x4)
 *crtbegin.o(.ctors)
 *(EXCLUDE_FILE(*crtend.o) .ctors)
 *(SORT(.ctors.*))
 *crtend.o(.ctors)
                0x0000188c                . = ALIGN (0x4)
 *crtbegin.o(.dtors)
 *(EXCLUDE_FILE(*crtend.o) .dtors)
 *(SORT(.dtors.*))
 *crtend.o(.dtors)
                0x0000188c                . = ALIGN (0x4)
                0x0000188c                __cy_regions = .
                0x0000188c        0x4 LONG 0x18a0 __cy_region_init_ram
                0x00001890        0x4 LONG 0x1fff8108 __cy_region_start_data
                0x00001894        0x4 LONG 0x78 __cy_region_init_size_ram
                0x00001898        0x4 LONG 0x120 __cy_region_zero_size_ram
                0x0000189c                __cy_regions_end = .
                0x000018a0                . = ALIGN (0x8)
 *fill*         0x0000189c        0x4 
                0x000018a0                _etext = .

.cy_checksum_exclude
                0x000018a0        0x0
 *(.cy_checksum_exclude)

.ramvectors     0x1fff8000      0x100
                0x1fff8000                __cy_region_start_ram = .
 *(.ramvectors)
 .ramvectors    0x1fff8000      0x100 .\CortexM3\ARM_GCC_493\Debug\Cm3Start.o
                0x1fff8000                CyRamVectors

.noinit         0x1fff8100        0x5
 *(.noinit)
 .noinit        0x1fff8100        0x4 .\CortexM3\ARM_GCC_493\Debug\Cm3Start.o
 .noinit        0x1fff8104        0x1 .\CortexM3\ARM_GCC_493\Debug\Accoder.a(CyLib.o)
                0x1fff8104                CyResetStatus

.data           0x1fff8108       0x78 load address 0x000018a0
                0x1fff8108                __cy_region_start_data = .
 *(.jcr)
 .jcr           0x1fff8108        0x0 c:/program files (x86)/cypress/psoc creator/4.0/psoc creator/import/gnu/arm/4.9.3/bin/../lib/gcc/arm-none-eabi/4.9.3/armv7-m/crtbegin.o
 .jcr           0x1fff8108        0x4 c:/program files (x86)/cypress/psoc creator/4.0/psoc creator/import/gnu/arm/4.9.3/bin/../lib/gcc/arm-none-eabi/4.9.3/armv7-m/crtend.o
 *(.got.plt)
 *(.got)
 *(.shdata)
 *(.data .data.* .gnu.linkonce.d.*)
 .data          0x1fff810c       0x10 .\CortexM3\ARM_GCC_493\Debug\Accoder.a(CyLib.o)
                0x1fff810c                cydelay_32k_ms
                0x1fff8110                cydelay_freq_khz
                0x1fff8114                cydelay_freq_mhz
                0x1fff8118                cydelay_freq_hz
 .data.impure_data
                0x1fff811c       0x60 c:/program files (x86)/cypress/psoc creator/4.0/psoc creator/import/gnu/arm/4.9.3/bin/../lib/gcc/arm-none-eabi/4.9.3/../../../../arm-none-eabi/lib/armv7-m\libg_nano.a(lib_a-impure.o)
 .data._impure_ptr
                0x1fff817c        0x4 c:/program files (x86)/cypress/psoc creator/4.0/psoc creator/import/gnu/arm/4.9.3/bin/../lib/gcc/arm-none-eabi/4.9.3/../../../../arm-none-eabi/lib/armv7-m\libg_nano.a(lib_a-impure.o)
                0x1fff817c                _impure_ptr
                0x1fff8180                . = ALIGN (0x8)
 *(.ram)
                0x1fff8180                _edata = .

.igot.plt       0x1fff8180        0x0 load address 0x00001918
 .igot.plt      0x00000000        0x0 c:/program files (x86)/cypress/psoc creator/4.0/psoc creator/import/gnu/arm/4.9.3/bin/../lib/gcc/arm-none-eabi/4.9.3/armv7-m/crtbegin.o

.bss            0x1fff8180      0x120 load address 0x00001918
                0x1fff8180                PROVIDE (__bss_start__, .)
 *(.shbss)
 *(.bss .bss.* .gnu.linkonce.b.*)
 .bss           0x1fff8180       0x1c c:/program files (x86)/cypress/psoc creator/4.0/psoc creator/import/gnu/arm/4.9.3/bin/../lib/gcc/arm-none-eabi/4.9.3/armv7-m/crtbegin.o
 .bss           0x1fff819c        0x4 .\CortexM3\ARM_GCC_493\Debug\Accoder.a(USBMIDI_1_std.o)
 *(COMMON)
 COMMON         0x1fff81a0       0x98 .\CortexM3\ARM_GCC_493\Debug\Accoder.a(USBMIDI_1_drv.o)
                0x1fff81a0                USBMIDI_1_interfaceSetting
                0x1fff81a2                USBMIDI_1_ep0Mode
                0x1fff81a3                USBMIDI_1_deviceStatus
                0x1fff81a4                USBMIDI_1_ep0Count
                0x1fff81a5                USBMIDI_1_transferState
                0x1fff81a6                USBMIDI_1_lastPacketSize
                0x1fff81a7                USBMIDI_1_interfaceNumber
                0x1fff81a8                USBMIDI_1_deviceAddress
                0x1fff81a9                USBMIDI_1_device
                0x1fff81ac                USBMIDI_1_interfaceSettingLast
                0x1fff81ae                USBMIDI_1_ep0Toggle
                0x1fff81b0                USBMIDI_1_currentTD
                0x1fff81bc                USBMIDI_1_configurationChanged
                0x1fff81c0                USBMIDI_1_interfaceStatus
                0x1fff81c2                USBMIDI_1_transferByteCount
                0x1fff81c4                USBMIDI_1_configuration
                0x1fff81c8                USBMIDI_1_EP
                0x1fff8234                USBMIDI_1_interfaceClass
 COMMON         0x1fff8238       0x44 .\CortexM3\ARM_GCC_493\Debug\Accoder.a(USBMIDI_1_midi.o)
                0x1fff8238                USBMIDI_1_midi_out_ep
                0x1fff8239                USBMIDI_1_midiInPointer
                0x1fff823a                USBMIDI_1_midi_in_ep
                0x1fff823c                USBMIDI_1_midiInBuffer
                0x1fff825c                USBMIDI_1_midiOutBuffer
 COMMON         0x1fff827c       0x22 .\CortexM3\ARM_GCC_493\Debug\Accoder.a(USBMIDI_1_descr.o)
                0x1fff827c                USBMIDI_1_idSerialNumberStringDescriptor
                0x1fff82a0                . = ALIGN (0x8)
 *fill*         0x1fff829e        0x2 
 *(.ram.b)
                0x1fff82a0                _end = .
                0x1fff82a0                __end = .
                0x1fff82a0                PROVIDE (end, .)
                0x1fff82a0                PROVIDE (__bss_end__, .)
                0x000018a0                __cy_region_init_ram = LOADADDR (.data)
                0x00000078                __cy_region_init_size_ram = (_edata - ADDR (.data))
                0x00000120                __cy_region_zero_size_ram = (_end - _edata)

.heap           0x1fff82a0       0x80 load address 0x00001918
                0x1fff82a0                . = _end
                0x1fff8320                . = (. + 0x80)
 *fill*         0x1fff82a0       0x80 
                0x1fff8320                __cy_heap_limit = .

.stack          0x20007800      0x800
                0x20007800                __cy_stack_limit = .
                0x20008000                . = (. + 0x800)
 *fill*         0x20007800      0x800 
                0x00000001                ASSERT ((__cy_stack_limit >= __cy_heap_limit), region RAM overflowed with stack)
                0x00000000                cy_checksum_exclude_size = (CY_APPL_LOADABLE == 0x1)?SIZEOF (.cy_checksum_exclude):0x0
                0x00000001                ASSERT ((cy_checksum_exclude_size <= CY_CHECKSUM_EXCLUDE_SIZE), CY_BOOT: Section .cy_checksum_exclude size exceedes specified limit.)

.cyloadermeta
 *(.cyloadermeta)

.cyloadablemeta
 *(.cyloadablemeta)

.cyconfigecc    0x80000000      0xe5c
 *(.cyconfigecc)
 .cyconfigecc   0x80000000      0xe5c .\CortexM3\ARM_GCC_493\Debug\cymetadata.o
                0x80000000                cy_meta_configecc

.cycustnvl      0x90000000        0x4
 *(.cycustnvl)
 .cycustnvl     0x90000000        0x4 .\CortexM3\ARM_GCC_493\Debug\cymetadata.o
                0x90000000                cy_meta_custnvl

.cywolatch      0x90100000        0x4
 *(.cywolatch)
 .cywolatch     0x90100000        0x4 .\CortexM3\ARM_GCC_493\Debug\cymetadata.o
                0x90100000                cy_meta_wonvl

.cyeeprom       0x90200000        0x0
 *(.cyeeprom)
                0x00000001                ASSERT ((. <= ((0x90200000 + ee_offset) + ee_size)), .cyeeprom data will not fit in EEPROM)

.cyflashprotect
                0x90400000      0x100
 *(.cyflashprotect)
 .cyflashprotect
                0x90400000      0x100 .\CortexM3\ARM_GCC_493\Debug\cymetadata.o
                0x90400000                cy_meta_flashprotect

.cymeta         0x90500000        0xc
 *(.cymeta)
 .cymeta        0x90500000        0xc .\CortexM3\ARM_GCC_493\Debug\cymetadata.o
                0x90500000                cy_metadata

.rel.dyn        0x00001918        0x0 load address 0x9050000c
 .rel.iplt      0x00000000        0x0 c:/program files (x86)/cypress/psoc creator/4.0/psoc creator/import/gnu/arm/4.9.3/bin/../lib/gcc/arm-none-eabi/4.9.3/armv7-m/crtbegin.o

.stab
 *(.stab)

.stabstr
 *(.stabstr)

.debug
 *(.debug)

.line
 *(.line)

.debug_srcinfo
 *(.debug_srcinfo)

.debug_sfnames
 *(.debug_sfnames)

.debug_aranges  0x00000000      0xb08
 *(.debug_aranges)
 .debug_aranges
                0x00000000       0x20 .\CortexM3\ARM_GCC_493\Debug\main.o
 .debug_aranges
                0x00000020       0x18 .\CortexM3\ARM_GCC_493\Debug\cymetadata.o
 .debug_aranges
                0x00000038       0x48 .\CortexM3\ARM_GCC_493\Debug\Cm3Start.o
 .debug_aranges
                0x00000080       0x58 .\CortexM3\ARM_GCC_493\Debug\Accoder.a(cyfitter_cfg.o)
 .debug_aranges
                0x000000d8       0x28 .\CortexM3\ARM_GCC_493\Debug\Accoder.a(Control_Reg_2.o)
 .debug_aranges
                0x00000100       0x28 .\CortexM3\ARM_GCC_493\Debug\Accoder.a(Control_Reg_1.o)
 .debug_aranges
                0x00000128       0x28 .\CortexM3\ARM_GCC_493\Debug\Accoder.a(Control_Reg_3.o)
 .debug_aranges
                0x00000150       0x28 .\CortexM3\ARM_GCC_493\Debug\Accoder.a(Control_Reg_4.o)
 .debug_aranges
                0x00000178       0x28 .\CortexM3\ARM_GCC_493\Debug\Accoder.a(Control_Reg_5.o)
 .debug_aranges
                0x000001a0       0x28 .\CortexM3\ARM_GCC_493\Debug\Accoder.a(Control_Reg_6.o)
 .debug_aranges
                0x000001c8       0x28 .\CortexM3\ARM_GCC_493\Debug\Accoder.a(Control_Reg_7.o)
 .debug_aranges
                0x000001f0       0x28 .\CortexM3\ARM_GCC_493\Debug\Accoder.a(Control_Reg_8.o)
 .debug_aranges
                0x00000218       0x28 .\CortexM3\ARM_GCC_493\Debug\Accoder.a(Control_Reg_9.o)
 .debug_aranges
                0x00000240       0x28 .\CortexM3\ARM_GCC_493\Debug\Accoder.a(Control_Reg_10.o)
 .debug_aranges
                0x00000268       0x28 .\CortexM3\ARM_GCC_493\Debug\Accoder.a(Control_Reg_11.o)
 .debug_aranges
                0x00000290       0x28 .\CortexM3\ARM_GCC_493\Debug\Accoder.a(Control_Reg_12.o)
 .debug_aranges
                0x000002b8       0x28 .\CortexM3\ARM_GCC_493\Debug\Accoder.a(Control_Reg_13.o)
 .debug_aranges
                0x000002e0       0x28 .\CortexM3\ARM_GCC_493\Debug\Accoder.a(Control_Reg_14.o)
 .debug_aranges
                0x00000308       0x28 .\CortexM3\ARM_GCC_493\Debug\Accoder.a(Control_Reg_15.o)
 .debug_aranges
                0x00000330       0x28 .\CortexM3\ARM_GCC_493\Debug\Accoder.a(Control_Reg_16.o)
 .debug_aranges
                0x00000358      0x2a0 .\CortexM3\ARM_GCC_493\Debug\Accoder.a(CyLib.o)
 .debug_aranges
                0x000005f8       0x98 .\CortexM3\ARM_GCC_493\Debug\Accoder.a(cyPm.o)
 .debug_aranges
                0x00000690       0xc8 .\CortexM3\ARM_GCC_493\Debug\Accoder.a(USBMIDI_1.o)
 .debug_aranges
                0x00000758       0x98 .\CortexM3\ARM_GCC_493\Debug\Accoder.a(USBMIDI_1_drv.o)
 .debug_aranges
                0x000007f0       0x38 .\CortexM3\ARM_GCC_493\Debug\Accoder.a(USBMIDI_1_episr.o)
 .debug_aranges
                0x00000828       0x40 .\CortexM3\ARM_GCC_493\Debug\Accoder.a(USBMIDI_1_pm.o)
 .debug_aranges
                0x00000868       0x80 .\CortexM3\ARM_GCC_493\Debug\Accoder.a(USBMIDI_1_std.o)
 .debug_aranges
                0x000008e8       0x20 .\CortexM3\ARM_GCC_493\Debug\Accoder.a(USBMIDI_1_vnd.o)
 .debug_aranges
                0x00000908       0x48 .\CortexM3\ARM_GCC_493\Debug\Accoder.a(USBMIDI_1_midi.o)
 .debug_aranges
                0x00000950       0x48 .\CortexM3\ARM_GCC_493\Debug\Accoder.a(USBMIDI_1_Dp.o)
 .debug_aranges
                0x00000998       0x20 .\CortexM3\ARM_GCC_493\Debug\Accoder.a(CyBootAsmGnu.o)
 .debug_aranges
                0x000009b8       0x80 .\CortexM3\ARM_GCC_493\Debug\Accoder.a(CyFlash.o)
 .debug_aranges
                0x00000a38       0x78 .\CortexM3\ARM_GCC_493\Debug\Accoder.a(CySpc.o)
 .debug_aranges
                0x00000ab0       0x20 .\CortexM3\ARM_GCC_493\Debug\Accoder.a(USBMIDI_1_cls.o)
 .debug_aranges
                0x00000ad0       0x18 .\CortexM3\ARM_GCC_493\Debug\Accoder.a(USBMIDI_1_descr.o)
 .debug_aranges
                0x00000ae8       0x20 .\CortexM3\ARM_GCC_493\Debug\Accoder.a(USBMIDI_1_audio.o)

.debug_pubnames
 *(.debug_pubnames)

.debug_info     0x00000000     0x70d4
 *(.debug_info .gnu.linkonce.wi.*)
 .debug_info    0x00000000      0x3fe .\CortexM3\ARM_GCC_493\Debug\main.o
 .debug_info    0x000003fe      0x13f .\CortexM3\ARM_GCC_493\Debug\cymetadata.o
 .debug_info    0x0000053d      0x3b3 .\CortexM3\ARM_GCC_493\Debug\Cm3Start.o
 .debug_info    0x000008f0      0x4f8 .\CortexM3\ARM_GCC_493\Debug\Accoder.a(cyfitter_cfg.o)
 .debug_info    0x00000de8       0xd6 .\CortexM3\ARM_GCC_493\Debug\Accoder.a(Control_Reg_2.o)
 .debug_info    0x00000ebe       0xd6 .\CortexM3\ARM_GCC_493\Debug\Accoder.a(Control_Reg_1.o)
 .debug_info    0x00000f94       0xd6 .\CortexM3\ARM_GCC_493\Debug\Accoder.a(Control_Reg_3.o)
 .debug_info    0x0000106a       0xd6 .\CortexM3\ARM_GCC_493\Debug\Accoder.a(Control_Reg_4.o)
 .debug_info    0x00001140       0xd6 .\CortexM3\ARM_GCC_493\Debug\Accoder.a(Control_Reg_5.o)
 .debug_info    0x00001216       0xd6 .\CortexM3\ARM_GCC_493\Debug\Accoder.a(Control_Reg_6.o)
 .debug_info    0x000012ec       0xd6 .\CortexM3\ARM_GCC_493\Debug\Accoder.a(Control_Reg_7.o)
 .debug_info    0x000013c2       0xd6 .\CortexM3\ARM_GCC_493\Debug\Accoder.a(Control_Reg_8.o)
 .debug_info    0x00001498       0xd6 .\CortexM3\ARM_GCC_493\Debug\Accoder.a(Control_Reg_9.o)
 .debug_info    0x0000156e       0xd6 .\CortexM3\ARM_GCC_493\Debug\Accoder.a(Control_Reg_10.o)
 .debug_info    0x00001644       0xd6 .\CortexM3\ARM_GCC_493\Debug\Accoder.a(Control_Reg_11.o)
 .debug_info    0x0000171a       0xd6 .\CortexM3\ARM_GCC_493\Debug\Accoder.a(Control_Reg_12.o)
 .debug_info    0x000017f0       0xd6 .\CortexM3\ARM_GCC_493\Debug\Accoder.a(Control_Reg_13.o)
 .debug_info    0x000018c6       0xd6 .\CortexM3\ARM_GCC_493\Debug\Accoder.a(Control_Reg_14.o)
 .debug_info    0x0000199c       0xd6 .\CortexM3\ARM_GCC_493\Debug\Accoder.a(Control_Reg_15.o)
 .debug_info    0x00001a72       0xd6 .\CortexM3\ARM_GCC_493\Debug\Accoder.a(Control_Reg_16.o)
 .debug_info    0x00001b48     0x1385 .\CortexM3\ARM_GCC_493\Debug\Accoder.a(CyLib.o)
 .debug_info    0x00002ecd      0xa57 .\CortexM3\ARM_GCC_493\Debug\Accoder.a(cyPm.o)
 .debug_info    0x00003924      0x999 .\CortexM3\ARM_GCC_493\Debug\Accoder.a(USBMIDI_1.o)
 .debug_info    0x000042bd      0x649 .\CortexM3\ARM_GCC_493\Debug\Accoder.a(USBMIDI_1_drv.o)
 .debug_info    0x00004906      0x233 .\CortexM3\ARM_GCC_493\Debug\Accoder.a(USBMIDI_1_episr.o)
 .debug_info    0x00004b39      0x2ef .\CortexM3\ARM_GCC_493\Debug\Accoder.a(USBMIDI_1_pm.o)
 .debug_info    0x00004e28      0xaf1 .\CortexM3\ARM_GCC_493\Debug\Accoder.a(USBMIDI_1_std.o)
 .debug_info    0x00005919       0xe6 .\CortexM3\ARM_GCC_493\Debug\Accoder.a(USBMIDI_1_vnd.o)
 .debug_info    0x000059ff      0x48e .\CortexM3\ARM_GCC_493\Debug\Accoder.a(USBMIDI_1_midi.o)
 .debug_info    0x00005e8d      0x174 .\CortexM3\ARM_GCC_493\Debug\Accoder.a(USBMIDI_1_Dp.o)
 .debug_info    0x00006001       0x88 .\CortexM3\ARM_GCC_493\Debug\Accoder.a(CyBootAsmGnu.o)
 .debug_info    0x00006089      0x608 .\CortexM3\ARM_GCC_493\Debug\Accoder.a(CyFlash.o)
 .debug_info    0x00006691      0x4ea .\CortexM3\ARM_GCC_493\Debug\Accoder.a(CySpc.o)
 .debug_info    0x00006b7b      0x1d2 .\CortexM3\ARM_GCC_493\Debug\Accoder.a(USBMIDI_1_cls.o)
 .debug_info    0x00006d4d      0x292 .\CortexM3\ARM_GCC_493\Debug\Accoder.a(USBMIDI_1_descr.o)
 .debug_info    0x00006fdf       0xf5 .\CortexM3\ARM_GCC_493\Debug\Accoder.a(USBMIDI_1_audio.o)

.debug_abbrev   0x00000000     0x2334
 *(.debug_abbrev)
 .debug_abbrev  0x00000000       0xf1 .\CortexM3\ARM_GCC_493\Debug\main.o
 .debug_abbrev  0x000000f1       0x77 .\CortexM3\ARM_GCC_493\Debug\cymetadata.o
 .debug_abbrev  0x00000168      0x1f7 .\CortexM3\ARM_GCC_493\Debug\Cm3Start.o
 .debug_abbrev  0x0000035f      0x203 .\CortexM3\ARM_GCC_493\Debug\Accoder.a(cyfitter_cfg.o)
 .debug_abbrev  0x00000562       0x81 .\CortexM3\ARM_GCC_493\Debug\Accoder.a(Control_Reg_2.o)
 .debug_abbrev  0x000005e3       0x81 .\CortexM3\ARM_GCC_493\Debug\Accoder.a(Control_Reg_1.o)
 .debug_abbrev  0x00000664       0x81 .\CortexM3\ARM_GCC_493\Debug\Accoder.a(Control_Reg_3.o)
 .debug_abbrev  0x000006e5       0x81 .\CortexM3\ARM_GCC_493\Debug\Accoder.a(Control_Reg_4.o)
 .debug_abbrev  0x00000766       0x81 .\CortexM3\ARM_GCC_493\Debug\Accoder.a(Control_Reg_5.o)
 .debug_abbrev  0x000007e7       0x81 .\CortexM3\ARM_GCC_493\Debug\Accoder.a(Control_Reg_6.o)
 .debug_abbrev  0x00000868       0x81 .\CortexM3\ARM_GCC_493\Debug\Accoder.a(Control_Reg_7.o)
 .debug_abbrev  0x000008e9       0x81 .\CortexM3\ARM_GCC_493\Debug\Accoder.a(Control_Reg_8.o)
 .debug_abbrev  0x0000096a       0x81 .\CortexM3\ARM_GCC_493\Debug\Accoder.a(Control_Reg_9.o)
 .debug_abbrev  0x000009eb       0x81 .\CortexM3\ARM_GCC_493\Debug\Accoder.a(Control_Reg_10.o)
 .debug_abbrev  0x00000a6c       0x81 .\CortexM3\ARM_GCC_493\Debug\Accoder.a(Control_Reg_11.o)
 .debug_abbrev  0x00000aed       0x81 .\CortexM3\ARM_GCC_493\Debug\Accoder.a(Control_Reg_12.o)
 .debug_abbrev  0x00000b6e       0x81 .\CortexM3\ARM_GCC_493\Debug\Accoder.a(Control_Reg_13.o)
 .debug_abbrev  0x00000bef       0x81 .\CortexM3\ARM_GCC_493\Debug\Accoder.a(Control_Reg_14.o)
 .debug_abbrev  0x00000c70       0x81 .\CortexM3\ARM_GCC_493\Debug\Accoder.a(Control_Reg_15.o)
 .debug_abbrev  0x00000cf1       0x81 .\CortexM3\ARM_GCC_493\Debug\Accoder.a(Control_Reg_16.o)
 .debug_abbrev  0x00000d72      0x296 .\CortexM3\ARM_GCC_493\Debug\Accoder.a(CyLib.o)
 .debug_abbrev  0x00001008      0x1ed .\CortexM3\ARM_GCC_493\Debug\Accoder.a(cyPm.o)
 .debug_abbrev  0x000011f5      0x24d .\CortexM3\ARM_GCC_493\Debug\Accoder.a(USBMIDI_1.o)
 .debug_abbrev  0x00001442      0x18b .\CortexM3\ARM_GCC_493\Debug\Accoder.a(USBMIDI_1_drv.o)
 .debug_abbrev  0x000015cd      0x11b .\CortexM3\ARM_GCC_493\Debug\Accoder.a(USBMIDI_1_episr.o)
 .debug_abbrev  0x000016e8      0x146 .\CortexM3\ARM_GCC_493\Debug\Accoder.a(USBMIDI_1_pm.o)
 .debug_abbrev  0x0000182e      0x21f .\CortexM3\ARM_GCC_493\Debug\Accoder.a(USBMIDI_1_std.o)
 .debug_abbrev  0x00001a4d       0x9b .\CortexM3\ARM_GCC_493\Debug\Accoder.a(USBMIDI_1_vnd.o)
 .debug_abbrev  0x00001ae8      0x1b9 .\CortexM3\ARM_GCC_493\Debug\Accoder.a(USBMIDI_1_midi.o)
 .debug_abbrev  0x00001ca1       0x90 .\CortexM3\ARM_GCC_493\Debug\Accoder.a(USBMIDI_1_Dp.o)
 .debug_abbrev  0x00001d31       0x14 .\CortexM3\ARM_GCC_493\Debug\Accoder.a(CyBootAsmGnu.o)
 .debug_abbrev  0x00001d45      0x1ed .\CortexM3\ARM_GCC_493\Debug\Accoder.a(CyFlash.o)
 .debug_abbrev  0x00001f32      0x1c1 .\CortexM3\ARM_GCC_493\Debug\Accoder.a(CySpc.o)
 .debug_abbrev  0x000020f3       0xe3 .\CortexM3\ARM_GCC_493\Debug\Accoder.a(USBMIDI_1_cls.o)
 .debug_abbrev  0x000021d6       0xb4 .\CortexM3\ARM_GCC_493\Debug\Accoder.a(USBMIDI_1_descr.o)
 .debug_abbrev  0x0000228a       0xaa .\CortexM3\ARM_GCC_493\Debug\Accoder.a(USBMIDI_1_audio.o)

.debug_line     0x00000000     0x2df7
 *(.debug_line)
 .debug_line    0x00000000      0x2f0 .\CortexM3\ARM_GCC_493\Debug\main.o
 .debug_line    0x000002f0       0x51 .\CortexM3\ARM_GCC_493\Debug\cymetadata.o
 .debug_line    0x00000341      0x24f .\CortexM3\ARM_GCC_493\Debug\Cm3Start.o
 .debug_line    0x00000590      0x1de .\CortexM3\ARM_GCC_493\Debug\Accoder.a(cyfitter_cfg.o)
 .debug_line    0x0000076e       0x75 .\CortexM3\ARM_GCC_493\Debug\Accoder.a(Control_Reg_2.o)
 .debug_line    0x000007e3       0x75 .\CortexM3\ARM_GCC_493\Debug\Accoder.a(Control_Reg_1.o)
 .debug_line    0x00000858       0x75 .\CortexM3\ARM_GCC_493\Debug\Accoder.a(Control_Reg_3.o)
 .debug_line    0x000008cd       0x75 .\CortexM3\ARM_GCC_493\Debug\Accoder.a(Control_Reg_4.o)
 .debug_line    0x00000942       0x75 .\CortexM3\ARM_GCC_493\Debug\Accoder.a(Control_Reg_5.o)
 .debug_line    0x000009b7       0x75 .\CortexM3\ARM_GCC_493\Debug\Accoder.a(Control_Reg_6.o)
 .debug_line    0x00000a2c       0x75 .\CortexM3\ARM_GCC_493\Debug\Accoder.a(Control_Reg_7.o)
 .debug_line    0x00000aa1       0x75 .\CortexM3\ARM_GCC_493\Debug\Accoder.a(Control_Reg_8.o)
 .debug_line    0x00000b16       0x75 .\CortexM3\ARM_GCC_493\Debug\Accoder.a(Control_Reg_9.o)
 .debug_line    0x00000b8b       0x76 .\CortexM3\ARM_GCC_493\Debug\Accoder.a(Control_Reg_10.o)
 .debug_line    0x00000c01       0x76 .\CortexM3\ARM_GCC_493\Debug\Accoder.a(Control_Reg_11.o)
 .debug_line    0x00000c77       0x76 .\CortexM3\ARM_GCC_493\Debug\Accoder.a(Control_Reg_12.o)
 .debug_line    0x00000ced       0x76 .\CortexM3\ARM_GCC_493\Debug\Accoder.a(Control_Reg_13.o)
 .debug_line    0x00000d63       0x76 .\CortexM3\ARM_GCC_493\Debug\Accoder.a(Control_Reg_14.o)
 .debug_line    0x00000dd9       0x76 .\CortexM3\ARM_GCC_493\Debug\Accoder.a(Control_Reg_15.o)
 .debug_line    0x00000e4f       0x76 .\CortexM3\ARM_GCC_493\Debug\Accoder.a(Control_Reg_16.o)
 .debug_line    0x00000ec5      0x816 .\CortexM3\ARM_GCC_493\Debug\Accoder.a(CyLib.o)
 .debug_line    0x000016db      0x364 .\CortexM3\ARM_GCC_493\Debug\Accoder.a(cyPm.o)
 .debug_line    0x00001a3f      0x2e0 .\CortexM3\ARM_GCC_493\Debug\Accoder.a(USBMIDI_1.o)
 .debug_line    0x00001d1f      0x227 .\CortexM3\ARM_GCC_493\Debug\Accoder.a(USBMIDI_1_drv.o)
 .debug_line    0x00001f46       0xd1 .\CortexM3\ARM_GCC_493\Debug\Accoder.a(USBMIDI_1_episr.o)
 .debug_line    0x00002017      0x116 .\CortexM3\ARM_GCC_493\Debug\Accoder.a(USBMIDI_1_pm.o)
 .debug_line    0x0000212d      0x405 .\CortexM3\ARM_GCC_493\Debug\Accoder.a(USBMIDI_1_std.o)
 .debug_line    0x00002532       0x77 .\CortexM3\ARM_GCC_493\Debug\Accoder.a(USBMIDI_1_vnd.o)
 .debug_line    0x000025a9      0x17e .\CortexM3\ARM_GCC_493\Debug\Accoder.a(USBMIDI_1_midi.o)
 .debug_line    0x00002727       0xbd .\CortexM3\ARM_GCC_493\Debug\Accoder.a(USBMIDI_1_Dp.o)
 .debug_line    0x000027e4       0x66 .\CortexM3\ARM_GCC_493\Debug\Accoder.a(CyBootAsmGnu.o)
 .debug_line    0x0000284a      0x1ea .\CortexM3\ARM_GCC_493\Debug\Accoder.a(CyFlash.o)
 .debug_line    0x00002a34      0x23c .\CortexM3\ARM_GCC_493\Debug\Accoder.a(CySpc.o)
 .debug_line    0x00002c70       0x98 .\CortexM3\ARM_GCC_493\Debug\Accoder.a(USBMIDI_1_cls.o)
 .debug_line    0x00002d08       0x65 .\CortexM3\ARM_GCC_493\Debug\Accoder.a(USBMIDI_1_descr.o)
 .debug_line    0x00002d6d       0x8a .\CortexM3\ARM_GCC_493\Debug\Accoder.a(USBMIDI_1_audio.o)

.debug_frame    0x00000000     0x1920
 *(.debug_frame)
 .debug_frame   0x00000000       0x2c .\CortexM3\ARM_GCC_493\Debug\main.o
 .debug_frame   0x0000002c       0xb8 .\CortexM3\ARM_GCC_493\Debug\Cm3Start.o
 .debug_frame   0x000000e4       0xe4 .\CortexM3\ARM_GCC_493\Debug\Accoder.a(cyfitter_cfg.o)
 .debug_frame   0x000001c8       0x30 .\CortexM3\ARM_GCC_493\Debug\Accoder.a(Control_Reg_2.o)
 .debug_frame   0x000001f8       0x30 .\CortexM3\ARM_GCC_493\Debug\Accoder.a(Control_Reg_1.o)
 .debug_frame   0x00000228       0x30 .\CortexM3\ARM_GCC_493\Debug\Accoder.a(Control_Reg_3.o)
 .debug_frame   0x00000258       0x30 .\CortexM3\ARM_GCC_493\Debug\Accoder.a(Control_Reg_4.o)
 .debug_frame   0x00000288       0x30 .\CortexM3\ARM_GCC_493\Debug\Accoder.a(Control_Reg_5.o)
 .debug_frame   0x000002b8       0x30 .\CortexM3\ARM_GCC_493\Debug\Accoder.a(Control_Reg_6.o)
 .debug_frame   0x000002e8       0x30 .\CortexM3\ARM_GCC_493\Debug\Accoder.a(Control_Reg_7.o)
 .debug_frame   0x00000318       0x30 .\CortexM3\ARM_GCC_493\Debug\Accoder.a(Control_Reg_8.o)
 .debug_frame   0x00000348       0x30 .\CortexM3\ARM_GCC_493\Debug\Accoder.a(Control_Reg_9.o)
 .debug_frame   0x00000378       0x30 .\CortexM3\ARM_GCC_493\Debug\Accoder.a(Control_Reg_10.o)
 .debug_frame   0x000003a8       0x30 .\CortexM3\ARM_GCC_493\Debug\Accoder.a(Control_Reg_11.o)
 .debug_frame   0x000003d8       0x30 .\CortexM3\ARM_GCC_493\Debug\Accoder.a(Control_Reg_12.o)
 .debug_frame   0x00000408       0x30 .\CortexM3\ARM_GCC_493\Debug\Accoder.a(Control_Reg_13.o)
 .debug_frame   0x00000438       0x30 .\CortexM3\ARM_GCC_493\Debug\Accoder.a(Control_Reg_14.o)
 .debug_frame   0x00000468       0x30 .\CortexM3\ARM_GCC_493\Debug\Accoder.a(Control_Reg_15.o)
 .debug_frame   0x00000498       0x30 .\CortexM3\ARM_GCC_493\Debug\Accoder.a(Control_Reg_16.o)
 .debug_frame   0x000004c8      0x738 .\CortexM3\ARM_GCC_493\Debug\Accoder.a(CyLib.o)
 .debug_frame   0x00000c00      0x1f8 .\CortexM3\ARM_GCC_493\Debug\Accoder.a(cyPm.o)
 .debug_frame   0x00000df8      0x1dc .\CortexM3\ARM_GCC_493\Debug\Accoder.a(USBMIDI_1.o)
 .debug_frame   0x00000fd4      0x194 .\CortexM3\ARM_GCC_493\Debug\Accoder.a(USBMIDI_1_drv.o)
 .debug_frame   0x00001168       0x5c .\CortexM3\ARM_GCC_493\Debug\Accoder.a(USBMIDI_1_episr.o)
 .debug_frame   0x000011c4       0xa0 .\CortexM3\ARM_GCC_493\Debug\Accoder.a(USBMIDI_1_pm.o)
 .debug_frame   0x00001264      0x178 .\CortexM3\ARM_GCC_493\Debug\Accoder.a(USBMIDI_1_std.o)
 .debug_frame   0x000013dc       0x20 .\CortexM3\ARM_GCC_493\Debug\Accoder.a(USBMIDI_1_vnd.o)
 .debug_frame   0x000013fc       0xd8 .\CortexM3\ARM_GCC_493\Debug\Accoder.a(USBMIDI_1_midi.o)
 .debug_frame   0x000014d4       0x70 .\CortexM3\ARM_GCC_493\Debug\Accoder.a(USBMIDI_1_Dp.o)
 .debug_frame   0x00001544      0x174 .\CortexM3\ARM_GCC_493\Debug\Accoder.a(CyFlash.o)
 .debug_frame   0x000016b8      0x160 .\CortexM3\ARM_GCC_493\Debug\Accoder.a(CySpc.o)
 .debug_frame   0x00001818       0x2c .\CortexM3\ARM_GCC_493\Debug\Accoder.a(USBMIDI_1_cls.o)
 .debug_frame   0x00001844       0x20 .\CortexM3\ARM_GCC_493\Debug\Accoder.a(USBMIDI_1_audio.o)
 .debug_frame   0x00001864       0x20 c:/program files (x86)/cypress/psoc creator/4.0/psoc creator/import/gnu/arm/4.9.3/bin/../lib/gcc/arm-none-eabi/4.9.3/../../../../arm-none-eabi/lib/armv7-m\libg_nano.a(lib_a-errno.o)
 .debug_frame   0x00001884       0x28 c:/program files (x86)/cypress/psoc creator/4.0/psoc creator/import/gnu/arm/4.9.3/bin/../lib/gcc/arm-none-eabi/4.9.3/../../../../arm-none-eabi/lib/armv7-m\libg_nano.a(lib_a-exit.o)
 .debug_frame   0x000018ac       0x2c c:/program files (x86)/cypress/psoc creator/4.0/psoc creator/import/gnu/arm/4.9.3/bin/../lib/gcc/arm-none-eabi/4.9.3/../../../../arm-none-eabi/lib/armv7-m\libg_nano.a(lib_a-init.o)
 .debug_frame   0x000018d8       0x28 c:/program files (x86)/cypress/psoc creator/4.0/psoc creator/import/gnu/arm/4.9.3/bin/../lib/gcc/arm-none-eabi/4.9.3/../../../../arm-none-eabi/lib/armv7-m\libg_nano.a(lib_a-memcpy.o)
 .debug_frame   0x00001900       0x20 c:/program files (x86)/cypress/psoc creator/4.0/psoc creator/import/gnu/arm/4.9.3/bin/../lib/gcc/arm-none-eabi/4.9.3/../../../../arm-none-eabi/lib/armv7-m\libg_nano.a(lib_a-memset.o)

.debug_str      0x00000000     0x27e7
 *(.debug_str)
 .debug_str     0x00000000      0x2c4 .\CortexM3\ARM_GCC_493\Debug\main.o
                                0x305 (size before relaxing)
 .debug_str     0x000002c4       0x75 .\CortexM3\ARM_GCC_493\Debug\cymetadata.o
                                0x1e2 (size before relaxing)
 .debug_str     0x00000339      0x163 .\CortexM3\ARM_GCC_493\Debug\Cm3Start.o
                                0x2f6 (size before relaxing)
 .debug_str     0x0000049c      0x15b .\CortexM3\ARM_GCC_493\Debug\Accoder.a(cyfitter_cfg.o)
                                0x2fb (size before relaxing)
 .debug_str     0x000005f7       0x42 .\CortexM3\ARM_GCC_493\Debug\Accoder.a(Control_Reg_2.o)
                                0x1bf (size before relaxing)
 .debug_str     0x00000639       0x3a .\CortexM3\ARM_GCC_493\Debug\Accoder.a(Control_Reg_1.o)
                                0x1bf (size before relaxing)
 .debug_str     0x00000673       0x3a .\CortexM3\ARM_GCC_493\Debug\Accoder.a(Control_Reg_3.o)
                                0x1bf (size before relaxing)
 .debug_str     0x000006ad       0x3a .\CortexM3\ARM_GCC_493\Debug\Accoder.a(Control_Reg_4.o)
                                0x1bf (size before relaxing)
 .debug_str     0x000006e7       0x3a .\CortexM3\ARM_GCC_493\Debug\Accoder.a(Control_Reg_5.o)
                                0x1bf (size before relaxing)
 .debug_str     0x00000721       0x3a .\CortexM3\ARM_GCC_493\Debug\Accoder.a(Control_Reg_6.o)
                                0x1bf (size before relaxing)
 .debug_str     0x0000075b       0x3a .\CortexM3\ARM_GCC_493\Debug\Accoder.a(Control_Reg_7.o)
                                0x1bf (size before relaxing)
 .debug_str     0x00000795       0x3a .\CortexM3\ARM_GCC_493\Debug\Accoder.a(Control_Reg_8.o)
                                0x1bf (size before relaxing)
 .debug_str     0x000007cf       0x3a .\CortexM3\ARM_GCC_493\Debug\Accoder.a(Control_Reg_9.o)
                                0x1bf (size before relaxing)
 .debug_str     0x00000809       0x3c .\CortexM3\ARM_GCC_493\Debug\Accoder.a(Control_Reg_10.o)
                                0x1c2 (size before relaxing)
 .debug_str     0x00000845       0x3c .\CortexM3\ARM_GCC_493\Debug\Accoder.a(Control_Reg_11.o)
                                0x1c2 (size before relaxing)
 .debug_str     0x00000881       0x3c .\CortexM3\ARM_GCC_493\Debug\Accoder.a(Control_Reg_12.o)
                                0x1c2 (size before relaxing)
 .debug_str     0x000008bd       0x3c .\CortexM3\ARM_GCC_493\Debug\Accoder.a(Control_Reg_13.o)
                                0x1c2 (size before relaxing)
 .debug_str     0x000008f9       0x3c .\CortexM3\ARM_GCC_493\Debug\Accoder.a(Control_Reg_14.o)
                                0x1c2 (size before relaxing)
 .debug_str     0x00000935       0x3c .\CortexM3\ARM_GCC_493\Debug\Accoder.a(Control_Reg_15.o)
                                0x1c2 (size before relaxing)
 .debug_str     0x00000971       0x3c .\CortexM3\ARM_GCC_493\Debug\Accoder.a(Control_Reg_16.o)
                                0x1c2 (size before relaxing)
 .debug_str     0x000009ad      0x84c .\CortexM3\ARM_GCC_493\Debug\Accoder.a(CyLib.o)
                                0xa33 (size before relaxing)
 .debug_str     0x000011f9      0x359 .\CortexM3\ARM_GCC_493\Debug\Accoder.a(cyPm.o)
                                0x713 (size before relaxing)
 .debug_str     0x00001552      0x48a .\CortexM3\ARM_GCC_493\Debug\Accoder.a(USBMIDI_1.o)
                                0x6b3 (size before relaxing)
 .debug_str     0x000019dc      0x398 .\CortexM3\ARM_GCC_493\Debug\Accoder.a(USBMIDI_1_drv.o)
                                0x688 (size before relaxing)
 .debug_str     0x00001d74       0x79 .\CortexM3\ARM_GCC_493\Debug\Accoder.a(USBMIDI_1_episr.o)
                                0x2ce (size before relaxing)
 .debug_str     0x00001ded       0xe6 .\CortexM3\ARM_GCC_493\Debug\Accoder.a(USBMIDI_1_pm.o)
                                0x2fb (size before relaxing)
 .debug_str     0x00001ed3      0x2ed .\CortexM3\ARM_GCC_493\Debug\Accoder.a(USBMIDI_1_std.o)
                                0x808 (size before relaxing)
 .debug_str     0x000021c0       0x27 .\CortexM3\ARM_GCC_493\Debug\Accoder.a(USBMIDI_1_vnd.o)
                                0x1df (size before relaxing)
 .debug_str     0x000021e7      0x17c .\CortexM3\ARM_GCC_493\Debug\Accoder.a(USBMIDI_1_midi.o)
                                0x401 (size before relaxing)
 .debug_str     0x00002363       0xb0 .\CortexM3\ARM_GCC_493\Debug\Accoder.a(USBMIDI_1_Dp.o)
                                0x247 (size before relaxing)
 .debug_str     0x00002413      0x19c .\CortexM3\ARM_GCC_493\Debug\Accoder.a(CyFlash.o)
                                0x38d (size before relaxing)
 .debug_str     0x000025af       0xac .\CortexM3\ARM_GCC_493\Debug\Accoder.a(CySpc.o)
                                0x316 (size before relaxing)
 .debug_str     0x0000265b       0x48 .\CortexM3\ARM_GCC_493\Debug\Accoder.a(USBMIDI_1_cls.o)
                                0x2a8 (size before relaxing)
 .debug_str     0x000026a3      0x112 .\CortexM3\ARM_GCC_493\Debug\Accoder.a(USBMIDI_1_descr.o)
                                0x35f (size before relaxing)
 .debug_str     0x000027b5       0x32 .\CortexM3\ARM_GCC_493\Debug\Accoder.a(USBMIDI_1_audio.o)
                                0x1f0 (size before relaxing)

.debug_loc      0x00000000     0x2c89
 *(.debug_loc)
 .debug_loc     0x00000000      0x144 .\CortexM3\ARM_GCC_493\Debug\Cm3Start.o
 .debug_loc     0x00000144      0x1d7 .\CortexM3\ARM_GCC_493\Debug\Accoder.a(cyfitter_cfg.o)
 .debug_loc     0x0000031b      0xa11 .\CortexM3\ARM_GCC_493\Debug\Accoder.a(CyLib.o)
 .debug_loc     0x00000d2c      0x1e4 .\CortexM3\ARM_GCC_493\Debug\Accoder.a(cyPm.o)
 .debug_loc     0x00000f10      0x3e1 .\CortexM3\ARM_GCC_493\Debug\Accoder.a(USBMIDI_1.o)
 .debug_loc     0x000012f1      0x171 .\CortexM3\ARM_GCC_493\Debug\Accoder.a(USBMIDI_1_drv.o)
 .debug_loc     0x00001462       0x26 .\CortexM3\ARM_GCC_493\Debug\Accoder.a(USBMIDI_1_pm.o)
 .debug_loc     0x00001488      0x8e6 .\CortexM3\ARM_GCC_493\Debug\Accoder.a(USBMIDI_1_std.o)
 .debug_loc     0x00001d6e      0x4cf .\CortexM3\ARM_GCC_493\Debug\Accoder.a(USBMIDI_1_midi.o)
 .debug_loc     0x0000223d       0x84 .\CortexM3\ARM_GCC_493\Debug\Accoder.a(USBMIDI_1_Dp.o)
 .debug_loc     0x000022c1      0x300 .\CortexM3\ARM_GCC_493\Debug\Accoder.a(CyFlash.o)
 .debug_loc     0x000025c1      0x64d .\CortexM3\ARM_GCC_493\Debug\Accoder.a(CySpc.o)
 .debug_loc     0x00002c0e       0x47 .\CortexM3\ARM_GCC_493\Debug\Accoder.a(USBMIDI_1_cls.o)
 .debug_loc     0x00002c55       0x34 .\CortexM3\ARM_GCC_493\Debug\Accoder.a(USBMIDI_1_audio.o)

.debug_macinfo
 *(.debug_macinfo)

.debug_ranges   0x00000000      0x8c0
 *(.debug_ranges)
 .debug_ranges  0x00000000       0x10 .\CortexM3\ARM_GCC_493\Debug\main.o
 .debug_ranges  0x00000010       0x38 .\CortexM3\ARM_GCC_493\Debug\Cm3Start.o
 .debug_ranges  0x00000048       0x48 .\CortexM3\ARM_GCC_493\Debug\Accoder.a(cyfitter_cfg.o)
 .debug_ranges  0x00000090       0x18 .\CortexM3\ARM_GCC_493\Debug\Accoder.a(Control_Reg_2.o)
 .debug_ranges  0x000000a8       0x18 .\CortexM3\ARM_GCC_493\Debug\Accoder.a(Control_Reg_1.o)
 .debug_ranges  0x000000c0       0x18 .\CortexM3\ARM_GCC_493\Debug\Accoder.a(Control_Reg_3.o)
 .debug_ranges  0x000000d8       0x18 .\CortexM3\ARM_GCC_493\Debug\Accoder.a(Control_Reg_4.o)
 .debug_ranges  0x000000f0       0x18 .\CortexM3\ARM_GCC_493\Debug\Accoder.a(Control_Reg_5.o)
 .debug_ranges  0x00000108       0x18 .\CortexM3\ARM_GCC_493\Debug\Accoder.a(Control_Reg_6.o)
 .debug_ranges  0x00000120       0x18 .\CortexM3\ARM_GCC_493\Debug\Accoder.a(Control_Reg_7.o)
 .debug_ranges  0x00000138       0x18 .\CortexM3\ARM_GCC_493\Debug\Accoder.a(Control_Reg_8.o)
 .debug_ranges  0x00000150       0x18 .\CortexM3\ARM_GCC_493\Debug\Accoder.a(Control_Reg_9.o)
 .debug_ranges  0x00000168       0x18 .\CortexM3\ARM_GCC_493\Debug\Accoder.a(Control_Reg_10.o)
 .debug_ranges  0x00000180       0x18 .\CortexM3\ARM_GCC_493\Debug\Accoder.a(Control_Reg_11.o)
 .debug_ranges  0x00000198       0x18 .\CortexM3\ARM_GCC_493\Debug\Accoder.a(Control_Reg_12.o)
 .debug_ranges  0x000001b0       0x18 .\CortexM3\ARM_GCC_493\Debug\Accoder.a(Control_Reg_13.o)
 .debug_ranges  0x000001c8       0x18 .\CortexM3\ARM_GCC_493\Debug\Accoder.a(Control_Reg_14.o)
 .debug_ranges  0x000001e0       0x18 .\CortexM3\ARM_GCC_493\Debug\Accoder.a(Control_Reg_15.o)
 .debug_ranges  0x000001f8       0x18 .\CortexM3\ARM_GCC_493\Debug\Accoder.a(Control_Reg_16.o)
 .debug_ranges  0x00000210      0x290 .\CortexM3\ARM_GCC_493\Debug\Accoder.a(CyLib.o)
 .debug_ranges  0x000004a0       0x88 .\CortexM3\ARM_GCC_493\Debug\Accoder.a(cyPm.o)
 .debug_ranges  0x00000528       0xd0 .\CortexM3\ARM_GCC_493\Debug\Accoder.a(USBMIDI_1.o)
 .debug_ranges  0x000005f8       0x88 .\CortexM3\ARM_GCC_493\Debug\Accoder.a(USBMIDI_1_drv.o)
 .debug_ranges  0x00000680       0x28 .\CortexM3\ARM_GCC_493\Debug\Accoder.a(USBMIDI_1_episr.o)
 .debug_ranges  0x000006a8       0x30 .\CortexM3\ARM_GCC_493\Debug\Accoder.a(USBMIDI_1_pm.o)
 .debug_ranges  0x000006d8       0x70 .\CortexM3\ARM_GCC_493\Debug\Accoder.a(USBMIDI_1_std.o)
 .debug_ranges  0x00000748       0x10 .\CortexM3\ARM_GCC_493\Debug\Accoder.a(USBMIDI_1_vnd.o)
 .debug_ranges  0x00000758       0x38 .\CortexM3\ARM_GCC_493\Debug\Accoder.a(USBMIDI_1_midi.o)
 .debug_ranges  0x00000790       0x38 .\CortexM3\ARM_GCC_493\Debug\Accoder.a(USBMIDI_1_Dp.o)
 .debug_ranges  0x000007c8       0x70 .\CortexM3\ARM_GCC_493\Debug\Accoder.a(CyFlash.o)
 .debug_ranges  0x00000838       0x68 .\CortexM3\ARM_GCC_493\Debug\Accoder.a(CySpc.o)
 .debug_ranges  0x000008a0       0x10 .\CortexM3\ARM_GCC_493\Debug\Accoder.a(USBMIDI_1_cls.o)
 .debug_ranges  0x000008b0       0x10 .\CortexM3\ARM_GCC_493\Debug\Accoder.a(USBMIDI_1_audio.o)

.comment        0x00000000       0x70
 .comment       0x00000000       0x70 .\CortexM3\ARM_GCC_493\Debug\main.o
                                 0x71 (size before relaxing)
 .comment       0x00000000       0x71 .\CortexM3\ARM_GCC_493\Debug\cymetadata.o
 .comment       0x00000000       0x71 .\CortexM3\ARM_GCC_493\Debug\Cm3Start.o
 .comment       0x00000000       0x71 .\CortexM3\ARM_GCC_493\Debug\Accoder.a(cyfitter_cfg.o)
 .comment       0x00000000       0x71 .\CortexM3\ARM_GCC_493\Debug\Accoder.a(Control_Reg_2.o)
 .comment       0x00000000       0x71 .\CortexM3\ARM_GCC_493\Debug\Accoder.a(Control_Reg_1.o)
 .comment       0x00000000       0x71 .\CortexM3\ARM_GCC_493\Debug\Accoder.a(Control_Reg_3.o)
 .comment       0x00000000       0x71 .\CortexM3\ARM_GCC_493\Debug\Accoder.a(Control_Reg_4.o)
 .comment       0x00000000       0x71 .\CortexM3\ARM_GCC_493\Debug\Accoder.a(Control_Reg_5.o)
 .comment       0x00000000       0x71 .\CortexM3\ARM_GCC_493\Debug\Accoder.a(Control_Reg_6.o)
 .comment       0x00000000       0x71 .\CortexM3\ARM_GCC_493\Debug\Accoder.a(Control_Reg_7.o)
 .comment       0x00000000       0x71 .\CortexM3\ARM_GCC_493\Debug\Accoder.a(Control_Reg_8.o)
 .comment       0x00000000       0x71 .\CortexM3\ARM_GCC_493\Debug\Accoder.a(Control_Reg_9.o)
 .comment       0x00000000       0x71 .\CortexM3\ARM_GCC_493\Debug\Accoder.a(Control_Reg_10.o)
 .comment       0x00000000       0x71 .\CortexM3\ARM_GCC_493\Debug\Accoder.a(Control_Reg_11.o)
 .comment       0x00000000       0x71 .\CortexM3\ARM_GCC_493\Debug\Accoder.a(Control_Reg_12.o)
 .comment       0x00000000       0x71 .\CortexM3\ARM_GCC_493\Debug\Accoder.a(Control_Reg_13.o)
 .comment       0x00000000       0x71 .\CortexM3\ARM_GCC_493\Debug\Accoder.a(Control_Reg_14.o)
 .comment       0x00000000       0x71 .\CortexM3\ARM_GCC_493\Debug\Accoder.a(Control_Reg_15.o)
 .comment       0x00000000       0x71 .\CortexM3\ARM_GCC_493\Debug\Accoder.a(Control_Reg_16.o)
 .comment       0x00000000       0x71 .\CortexM3\ARM_GCC_493\Debug\Accoder.a(CyLib.o)
 .comment       0x00000000       0x71 .\CortexM3\ARM_GCC_493\Debug\Accoder.a(cyPm.o)
 .comment       0x00000000       0x71 .\CortexM3\ARM_GCC_493\Debug\Accoder.a(USBMIDI_1.o)
 .comment       0x00000000       0x71 .\CortexM3\ARM_GCC_493\Debug\Accoder.a(USBMIDI_1_drv.o)
 .comment       0x00000000       0x71 .\CortexM3\ARM_GCC_493\Debug\Accoder.a(USBMIDI_1_episr.o)
 .comment       0x00000000       0x71 .\CortexM3\ARM_GCC_493\Debug\Accoder.a(USBMIDI_1_pm.o)
 .comment       0x00000000       0x71 .\CortexM3\ARM_GCC_493\Debug\Accoder.a(USBMIDI_1_std.o)
 .comment       0x00000000       0x71 .\CortexM3\ARM_GCC_493\Debug\Accoder.a(USBMIDI_1_vnd.o)
 .comment       0x00000000       0x71 .\CortexM3\ARM_GCC_493\Debug\Accoder.a(USBMIDI_1_midi.o)
 .comment       0x00000000       0x71 .\CortexM3\ARM_GCC_493\Debug\Accoder.a(USBMIDI_1_Dp.o)
 .comment       0x00000000       0x71 .\CortexM3\ARM_GCC_493\Debug\Accoder.a(CyFlash.o)
 .comment       0x00000000       0x71 .\CortexM3\ARM_GCC_493\Debug\Accoder.a(CySpc.o)
 .comment       0x00000000       0x71 .\CortexM3\ARM_GCC_493\Debug\Accoder.a(USBMIDI_1_cls.o)
 .comment       0x00000000       0x71 .\CortexM3\ARM_GCC_493\Debug\Accoder.a(USBMIDI_1_descr.o)
 .comment       0x00000000       0x71 .\CortexM3\ARM_GCC_493\Debug\Accoder.a(USBMIDI_1_audio.o)

.debug_weaknames
 *(.debug_weaknames)

.debug_funcnames
 *(.debug_funcnames)

.debug_typenames
 *(.debug_typenames)

.debug_varnames
 *(.debug_varnames)

.note.gnu.arm.ident
 *(.note.gnu.arm.ident)

.ARM.attributes
                0x00000000       0x29
 *(.ARM.attributes)
 .ARM.attributes
                0x00000000       0x1d c:/program files (x86)/cypress/psoc creator/4.0/psoc creator/import/gnu/arm/4.9.3/bin/../lib/gcc/arm-none-eabi/4.9.3/armv7-m/crti.o
 .ARM.attributes
                0x0000001d       0x2d c:/program files (x86)/cypress/psoc creator/4.0/psoc creator/import/gnu/arm/4.9.3/bin/../lib/gcc/arm-none-eabi/4.9.3/armv7-m/crtbegin.o
 .ARM.attributes
                0x0000004a       0x1b c:/program files (x86)/cypress/psoc creator/4.0/psoc creator/import/gnu/arm/4.9.3/bin/../lib/gcc/arm-none-eabi/4.9.3/../../../../arm-none-eabi/lib/armv7-m/crt0.o
 .ARM.attributes
                0x00000065       0x33 .\CortexM3\ARM_GCC_493\Debug\main.o
 .ARM.attributes
                0x00000098       0x33 .\CortexM3\ARM_GCC_493\Debug\cymetadata.o
 .ARM.attributes
                0x000000cb       0x33 .\CortexM3\ARM_GCC_493\Debug\Cm3Start.o
 .ARM.attributes
                0x000000fe       0x33 .\CortexM3\ARM_GCC_493\Debug\Accoder.a(cyfitter_cfg.o)
 .ARM.attributes
                0x00000131       0x33 .\CortexM3\ARM_GCC_493\Debug\Accoder.a(Control_Reg_2.o)
 .ARM.attributes
                0x00000164       0x33 .\CortexM3\ARM_GCC_493\Debug\Accoder.a(Control_Reg_1.o)
 .ARM.attributes
                0x00000197       0x33 .\CortexM3\ARM_GCC_493\Debug\Accoder.a(Control_Reg_3.o)
 .ARM.attributes
                0x000001ca       0x33 .\CortexM3\ARM_GCC_493\Debug\Accoder.a(Control_Reg_4.o)
 .ARM.attributes
                0x000001fd       0x33 .\CortexM3\ARM_GCC_493\Debug\Accoder.a(Control_Reg_5.o)
 .ARM.attributes
                0x00000230       0x33 .\CortexM3\ARM_GCC_493\Debug\Accoder.a(Control_Reg_6.o)
 .ARM.attributes
                0x00000263       0x33 .\CortexM3\ARM_GCC_493\Debug\Accoder.a(Control_Reg_7.o)
 .ARM.attributes
                0x00000296       0x33 .\CortexM3\ARM_GCC_493\Debug\Accoder.a(Control_Reg_8.o)
 .ARM.attributes
                0x000002c9       0x33 .\CortexM3\ARM_GCC_493\Debug\Accoder.a(Control_Reg_9.o)
 .ARM.attributes
                0x000002fc       0x33 .\CortexM3\ARM_GCC_493\Debug\Accoder.a(Control_Reg_10.o)
 .ARM.attributes
                0x0000032f       0x33 .\CortexM3\ARM_GCC_493\Debug\Accoder.a(Control_Reg_11.o)
 .ARM.attributes
                0x00000362       0x33 .\CortexM3\ARM_GCC_493\Debug\Accoder.a(Control_Reg_12.o)
 .ARM.attributes
                0x00000395       0x33 .\CortexM3\ARM_GCC_493\Debug\Accoder.a(Control_Reg_13.o)
 .ARM.attributes
                0x000003c8       0x33 .\CortexM3\ARM_GCC_493\Debug\Accoder.a(Control_Reg_14.o)
 .ARM.attributes
                0x000003fb       0x33 .\CortexM3\ARM_GCC_493\Debug\Accoder.a(Control_Reg_15.o)
 .ARM.attributes
                0x0000042e       0x33 .\CortexM3\ARM_GCC_493\Debug\Accoder.a(Control_Reg_16.o)
 .ARM.attributes
                0x00000461       0x33 .\CortexM3\ARM_GCC_493\Debug\Accoder.a(CyLib.o)
 .ARM.attributes
                0x00000494       0x33 .\CortexM3\ARM_GCC_493\Debug\Accoder.a(cyPm.o)
 .ARM.attributes
                0x000004c7       0x33 .\CortexM3\ARM_GCC_493\Debug\Accoder.a(USBMIDI_1.o)
 .ARM.attributes
                0x000004fa       0x33 .\CortexM3\ARM_GCC_493\Debug\Accoder.a(USBMIDI_1_drv.o)
 .ARM.attributes
                0x0000052d       0x33 .\CortexM3\ARM_GCC_493\Debug\Accoder.a(USBMIDI_1_episr.o)
 .ARM.attributes
                0x00000560       0x33 .\CortexM3\ARM_GCC_493\Debug\Accoder.a(USBMIDI_1_pm.o)
 .ARM.attributes
                0x00000593       0x33 .\CortexM3\ARM_GCC_493\Debug\Accoder.a(USBMIDI_1_std.o)
 .ARM.attributes
                0x000005c6       0x33 .\CortexM3\ARM_GCC_493\Debug\Accoder.a(USBMIDI_1_vnd.o)
 .ARM.attributes
                0x000005f9       0x33 .\CortexM3\ARM_GCC_493\Debug\Accoder.a(USBMIDI_1_midi.o)
 .ARM.attributes
                0x0000062c       0x33 .\CortexM3\ARM_GCC_493\Debug\Accoder.a(USBMIDI_1_Dp.o)
 .ARM.attributes
                0x0000065f       0x21 .\CortexM3\ARM_GCC_493\Debug\Accoder.a(CyBootAsmGnu.o)
 .ARM.attributes
                0x00000680       0x33 .\CortexM3\ARM_GCC_493\Debug\Accoder.a(CyFlash.o)
 .ARM.attributes
                0x000006b3       0x33 .\CortexM3\ARM_GCC_493\Debug\Accoder.a(CySpc.o)
 .ARM.attributes
                0x000006e6       0x33 .\CortexM3\ARM_GCC_493\Debug\Accoder.a(USBMIDI_1_cls.o)
 .ARM.attributes
                0x00000719       0x33 .\CortexM3\ARM_GCC_493\Debug\Accoder.a(USBMIDI_1_descr.o)
 .ARM.attributes
                0x0000074c       0x33 .\CortexM3\ARM_GCC_493\Debug\Accoder.a(USBMIDI_1_audio.o)
 .ARM.attributes
                0x0000077f       0x2d c:/program files (x86)/cypress/psoc creator/4.0/psoc creator/import/gnu/arm/4.9.3/bin/../lib/gcc/arm-none-eabi/4.9.3/../../../../arm-none-eabi/lib/armv7-m\libg_nano.a(lib_a-errno.o)
 .ARM.attributes
                0x000007ac       0x2d c:/program files (x86)/cypress/psoc creator/4.0/psoc creator/import/gnu/arm/4.9.3/bin/../lib/gcc/arm-none-eabi/4.9.3/../../../../arm-none-eabi/lib/armv7-m\libg_nano.a(lib_a-exit.o)
 .ARM.attributes
                0x000007d9       0x2d c:/program files (x86)/cypress/psoc creator/4.0/psoc creator/import/gnu/arm/4.9.3/bin/../lib/gcc/arm-none-eabi/4.9.3/../../../../arm-none-eabi/lib/armv7-m\libg_nano.a(lib_a-impure.o)
 .ARM.attributes
                0x00000806       0x2d c:/program files (x86)/cypress/psoc creator/4.0/psoc creator/import/gnu/arm/4.9.3/bin/../lib/gcc/arm-none-eabi/4.9.3/../../../../arm-none-eabi/lib/armv7-m\libg_nano.a(lib_a-init.o)
 .ARM.attributes
                0x00000833       0x2d c:/program files (x86)/cypress/psoc creator/4.0/psoc creator/import/gnu/arm/4.9.3/bin/../lib/gcc/arm-none-eabi/4.9.3/../../../../arm-none-eabi/lib/armv7-m\libg_nano.a(lib_a-memcpy.o)
 .ARM.attributes
                0x00000860       0x2d c:/program files (x86)/cypress/psoc creator/4.0/psoc creator/import/gnu/arm/4.9.3/bin/../lib/gcc/arm-none-eabi/4.9.3/../../../../arm-none-eabi/lib/armv7-m\libg_nano.a(lib_a-memset.o)
 .ARM.attributes
                0x0000088d       0x2d c:/program files (x86)/cypress/psoc creator/4.0/psoc creator/import/gnu/arm/4.9.3/bin/../lib/gcc/arm-none-eabi/4.9.3/armv7-m/crtend.o
 .ARM.attributes
                0x000008ba       0x1d c:/program files (x86)/cypress/psoc creator/4.0/psoc creator/import/gnu/arm/4.9.3/bin/../lib/gcc/arm-none-eabi/4.9.3/armv7-m/crtn.o

/DISCARD/
 *(.note.GNU-stack)
OUTPUT(.\CortexM3\ARM_GCC_493\Debug\Accoder.elf elf32-littlearm)
